2026-10-09 12:31:02.533 INFO: MACE version: 0.3.16
2026-10-09 12:31:02.793 INFO: CUDA version: 12.8, CUDA device: 0
2026-10-09 12:31:02.793 INFO: Configuration: Namespace(config='config.yaml', name='fit_0', seed=7777, work_dir='.', log_dir='./logs', model_dir='.', checkpoints_dir='checkpoints_IrO2_scratch', results_dir='./results', downloads_dir='./downloads', device='cuda', default_dtype='float64', distributed=False, launcher='slurm', log_level='INFO', plot=True, plot_frequency=0, plot_interaction_e=False, r_max=6.0, radial_type='bessel', num_radial_basis=8, num_cutoff_basis=5, pair_repulsion=False, distance_transform='None', apply_cutoff=True, use_last_readout_only=False, use_embedding_readout=False, interaction='RealAgnosticResidualInteractionBlock', interaction_first='RealAgnosticResidualInteractionBlock', max_ell=3, correlation=3, use_reduced_cg=False, use_so3=False, use_agnostic_product=False, num_interactions=2, MLP_irreps='64x0e', radial_MLP='[64, 64, 64]', hidden_irreps='64x0e + 64x1o', edge_irreps=None, use_edge_irreps_first=False, num_channels=None, max_L=None, gate='silu', num_recursion_steps=1, field_si=False, add_local_electron_energy=False, fixedpoint_update_config=None, scaling='rms_forces_scaling', avg_num_neighbors=1, compute_avg_num_neighbors=True, compute_stress=False, compute_forces=True, train_file='/fs/cephfs/data/qm_inorganics/shuang/electrocatalysis/IrO2_110/ml_training/data/IrO2OH_110_0_1733_vasp_sp_train.xyz', valid_file='/fs/cephfs/data/qm_inorganics/shuang/electrocatalysis/IrO2_110/ml_training/data/IrO2OH_110_0_1733_vasp_sp_valid.xyz', valid_fraction=0.1, test_file=None, test_dir=None, multi_processed_test=False, num_workers=0, pin_memory=True, atomic_numbers=None, mean=None, std=None, statistics_file=None, les_arguments=None, E0s='{1: -1.20639624, 8: -1.98686083, 77: -1.75921356}', pseudolabel_replay=False, pseudolabel_replay_compute_stress=False, foundation_filter_elements=True, multiheads_finetuning=True, foundation_head=None, weight_pt_head=1.0, real_pt_data_ratio_threshold=0.1, num_samples_pt=10000, force_mh_ft_lr=False, subselect_pt='random', filter_type_pt='none', allow_random_padding_pt=True, pt_train_file=None, pt_valid_file=None, foundation_model_elements=False, keep_isolated_atoms=False, lora=False, lora_rank=4, lora_alpha=1.0, energy_key=None, forces_key=None, virials_key=None, stress_key=None, dipole_key=None, polarizability_key=None, head_key=None, charges_key=None, elec_temp_key=None, total_spin_key=None, total_charge_key=None, embedding_specs=None, skip_evaluate_heads='pt_head', forces_weight=100.0, swa_forces_weight=100.0, energy_weight=1.0, swa_energy_weight=1000.0, virials_weight=1.0, swa_virials_weight=10.0, stress_weight=1.0, swa_stress_weight=10.0, dipole_weight=1.0, swa_dipole_weight=1.0, swa_polarizability_weight=1.0, polarizability_weight=1.0, config_type_weights={'slab': 1.0, 'bulk': 1.0}, huber_delta=0.01, beta=0.9, beta1_schedulefree=0.9, beta2_schedulefree=0.98, batch_size=8, valid_batch_size=4, lr=0.003, swa_lr=0.001, weight_decay=0.001, lr_params_factors='{"embedding_lr_factor": 1.0, "interactions_lr_factor": 1.0, "products_lr_factor": 1.0, "readouts_lr_factor": 1.0}', freeze=None, scheduler='none', lr_factor=0.8, scheduler_patience=50, lr_scheduler_gamma=0.9993, swa=False, start_swa=None, lbfgs=False, ema=True, ema_decay=0.99, max_num_epochs=500, patience=1000, foundation_model=None, foundation_model_kwargs='{}', foundation_model_readout=True, eval_interval=5, keep_checkpoints=False, save_all_checkpoints=False, save_cpu=True, clip_grad=10.0, dry_run=False, enable_cueq=True, only_cueq=False, enable_oeq=False, wandb=False, wandb_dir=None, wandb_project='', wandb_entity='', wandb_name='', wandb_log_hypers=['num_channels', 'max_L', 'correlation', 'lr', 'swa_lr', 'weight_decay', 'batch_size', 'max_num_epochs', 'start_swa', 'energy_weight', 'forces_weight'], amsgrad=False, atomic_multipoles_key=None, electrostatic_potentials_key=None, external_field_key=None, fermi_level_key=None, include_local_electron_energy=False, atomic_multipoles_max_l=1, atomic_multipoles_smearing_width=1.5, kspace_cutoff_factor=1.0, atomic_formal_charges='{}', formal_charges_from_data=False, field_feature_max_l=1, field_feature_widths='[1.5, 3.0]', dont_include_pbc_corrections=False, include_electrostatic_self_interaction=True, valid_set_seed=7777, quadrupole_feature_corrections=False, electrostatic_pbc_method='mixed_periodic', static_bond_transfer_block='OxidationDependentSymmetricPredictionSourceBlock', oxidation_state_mixer='SumOxidationStateMixer', return_electrostatic_potentials=False, train_schedule=[{'name': 'stage1', 'start': 0, 'end': 49, 'lr': 0.003, 'loss': {'energy_per_atom': {'weight': 100}, 'forces': {'weight': 500}, 'dipole': {'weight': 10}, 'fourier_density': {'weight': 10, 'reference': 'farfield'}, 'fourier_potential': {'weight': 100}, 'vacuum_potential': {'weight': 100, 'relative': True}, 'fermi_level': {'weight': 100, 'relative': True}}, 'fixed_point_training_options': FixedPointTrainingOptions(mode='shortcut_scf', scf=FixedPointSCFOptions(num_scf_steps=12, scf_tolerance=1e-06, mixing_parameter=0.5, constant_charge=True, use_autograd_forces=True, initial_density='local_guess', initial_fermi_level='zero'), linear_solve='inverse', fixedpoint_scf_stability=False, reference_conditioning='none')}, {'name': 'stage2', 'start': 50, 'end': 449, 'lr': 0.001, 'loss': {'energy_per_atom': {'weight': 100}, 'forces': {'weight': 500}, 'dipole': {'weight': 10}, 'fourier_density': {'weight': 10, 'reference': 'farfield'}, 'fourier_potential': {'weight': 100}, 'vacuum_potential': {'weight': 100, 'relative': True}, 'fermi_level': {'weight': 100, 'relative': True}}, 'fixed_point_training_options': FixedPointTrainingOptions(mode='shortcut_scf', scf=FixedPointSCFOptions(num_scf_steps=20, scf_tolerance=1e-06, mixing_parameter=0.5, constant_charge=True, use_autograd_forces=True, initial_density='local_guess', initial_fermi_level='zero'), linear_solve='inverse', fixedpoint_scf_stability=False, reference_conditioning='none')}, {'name': 'stage3', 'start': 450, 'end': 500, 'lr': 0.001, 'loss': {'energy_per_atom': {'weight': 100}, 'forces': {'weight': 500}, 'dipole': {'weight': 10}, 'fourier_density': {'weight': 10, 'reference': 'farfield'}, 'fourier_potential': {'weight': 100}, 'vacuum_potential': {'weight': 100, 'relative': True}, 'fermi_level': {'weight': 100, 'relative': True}}, 'fixed_point_training_options': FixedPointTrainingOptions(mode='shortcut_scf', scf=FixedPointSCFOptions(num_scf_steps=50, scf_tolerance=1e-06, mixing_parameter=0.5, constant_charge=True, use_autograd_forces=True, initial_density='local_guess', initial_fermi_level='zero'), linear_solve='inverse', fixedpoint_scf_stability=False, reference_conditioning='none')}], fixed_point_update_config={'type': <class 'mace_scf.electrostatics.coupled.CoupledResponse'>, 'potential_widths': [1.5, 3.0]}, field_readout_config={'type': <class 'mace_scf.electrostatics.field_blocks.StrictQuadraticFieldEnergyReadout'>}, field_block_weight_decay=0.01, local_charges_weight_decay=0.0, field_feature_norms='None', fermi_level_offset=None, field_norm_factor=1.0, oxidation_state_range='(-6.0, 6.0)', polarizable_charges=False, beta_two=0.999, log_on_test_sets=False, scf_convergence_summary=False, use_linear_final_readout=False, include_field_si=False, use_linear_local_charges=False, atom_density_scaling='None', allow_low_density_pbc=False, override_pbc_checks=False, low_density_pbc_max_volume_per_atom=100.0, wandb_watch='off', wandb_watch_log_freq=50, debug_log_grad_summary=False, fixedpoint_initial_charge_head_scale=0.01, heads={'default': {'arrays_keys': {'forces': 'vasp_forces'}, 'info_keys': {'dipole': 'vasp_dipole', 'dipole_correction_zfrac': 'dipole_correction_zfrac', 'dipole_weight': 'config_dipole_weight', 'energy': 'vasp_free_energy', 'external_field': 'external_field', 'fermi_level': 'vasp_efermi', 'fourier_density': 'vasp_rho_fftn_shifted_1.5', 'fourier_potential': 'vasp_phi_fftn_shifted_1.5', 'fourier_proto_potential': 'vasp_proto_phi_fftn_shifted_1.5', 'total_charge': 'total_charge', 'vacuum_zfrac': 'vacuum_zfrac', 'vacuum_potential': 'vacuum_potential', 'vacuum_xfrac': 'vacuum_xfrac', 'vacuum_yfrac': 'vacuum_yfrac', 'dipole_correction_xfrac': 'dipole_correction_xfrac', 'dipole_correction_yfrac': 'dipole_correction_yfrac', 'stress': 'none', 'head': 'head'}}}, error_table='ElectrostaticRMSE', compute_polarizability=True, restart_latest=False, model='FixedPoint', optimizer='adamw', qeq_charges='autograd', train_hardness=False, read_enegs=False, read_hardness=False, enegs_key=None, default_hardness=2.0)
2026-10-09 12:31:02.793 INFO: Using the key specifications to parse data:
2026-10-09 12:31:02.793 INFO: KeySpecification(info_keys={'dipole': 'vasp_dipole', 'dipole_correction_zfrac': 'dipole_correction_zfrac', 'dipole_weight': 'config_dipole_weight', 'energy': 'vasp_free_energy', 'external_field': 'external_field', 'fermi_level': 'vasp_efermi', 'fourier_density': 'vasp_rho_fftn_shifted_1.5', 'fourier_potential': 'vasp_phi_fftn_shifted_1.5', 'fourier_proto_potential': 'vasp_proto_phi_fftn_shifted_1.5', 'total_charge': 'total_charge', 'vacuum_zfrac': 'vacuum_zfrac', 'vacuum_potential': 'vacuum_potential', 'vacuum_xfrac': 'vacuum_xfrac', 'vacuum_yfrac': 'vacuum_yfrac', 'dipole_correction_xfrac': 'dipole_correction_xfrac', 'dipole_correction_yfrac': 'dipole_correction_yfrac', 'stress': 'none', 'head': 'head'}, arrays_keys={'forces': 'vasp_forces'})
2026-10-09 12:32:07.837 DEBUG: Loading training file: /fs/cephfs/data/qm_inorganics/shuang/electrocatalysis/IrO2_110/ml_training/data/IrO2OH_110_0_1733_vasp_sp_train.xyz
2026-10-09 12:32:33.791 INFO: Training set 1/1 [dipole components: 1307, dipole_correction_zfrac: 1307, dipole_weight: 1384, energy: 1384, external_field: 1384, fermi_level: 1307, fourier_density: 1384, fourier_potential: 1384, fourier_proto_potential: 1384, total_charge: 1384, vacuum_zfrac: 1307, vacuum_potential: 1307, vacuum_xfrac: 0, vacuum_yfrac: 0, dipole_correction_xfrac: 0, dipole_correction_yfrac: 0, stress: 0, head: 1384, forces: 1384]
2026-10-09 12:32:33.810 INFO: Total Training set [dipole components: 1307, dipole_correction_zfrac: 1307, dipole_weight: 1384, energy: 1384, external_field: 1384, fermi_level: 1307, fourier_density: 1384, fourier_potential: 1384, fourier_proto_potential: 1384, total_charge: 1384, vacuum_zfrac: 1307, vacuum_potential: 1307, vacuum_xfrac: 0, vacuum_yfrac: 0, dipole_correction_xfrac: 0, dipole_correction_yfrac: 0, stress: 0, head: 1384, forces: 1384]
2026-10-09 12:32:40.254 INFO: Validation set 1/1 [dipole components: 330, dipole_correction_zfrac: 330, dipole_weight: 350, energy: 350, external_field: 350, fermi_level: 330, fourier_density: 350, fourier_potential: 350, fourier_proto_potential: 350, total_charge: 350, vacuum_zfrac: 330, vacuum_potential: 330, vacuum_xfrac: 0, vacuum_yfrac: 0, dipole_correction_xfrac: 0, dipole_correction_yfrac: 0, stress: 0, head: 350, forces: 350]
2026-10-09 12:32:40.255 INFO: Total Validation set [dipole components: 330, dipole_correction_zfrac: 330, dipole_weight: 350, energy: 350, external_field: 350, fermi_level: 330, fourier_density: 350, fourier_potential: 350, fourier_proto_potential: 350, total_charge: 350, vacuum_zfrac: 330, vacuum_potential: 330, vacuum_xfrac: 0, vacuum_yfrac: 0, dipole_correction_xfrac: 0, dipole_correction_yfrac: 0, stress: 0, head: 350, forces: 350]
2026-10-09 12:32:40.255 INFO: Total number of configurations: train=1384, valid=350, tests=[]
2026-10-09 12:32:40.278 INFO: AtomicNumberTable: (1, 8, 77)
2026-10-09 12:32:40.278 INFO: Isolated Atomic Energies (E0s) not in training file, using command line argument
2026-10-09 12:32:51.650 INFO: Atomic energies: [-1.20639624, -1.98686083, -1.75921356]
2026-10-09 12:32:52.866 INFO: Average number of neighbors: 73.78193549865908
2026-10-09 12:32:52.879 INFO: computed Fermi level offset -1.7218048201989287
2026-10-09 12:32:52.880 INFO: using Fermi level offset -1.7218048201989287
2026-10-09 12:32:52.880 INFO: using normalization for field features None
2026-10-09 12:32:52.880 INFO: using atom density scaling factors [1. 1. 1.]
2026-10-09 12:32:52.880 INFO: Building model
2026-10-09 12:32:52.880 INFO: Hidden irreps: 64x0e + 64x1o
2026-10-09 12:32:53.713 INFO: Rescaled initial FixedPoint charge heads by 0.01 to keep initial charge predictions small
2026-10-09 12:32:55.135 DEBUG: Fixed training-geometry readout units by layer/irrep: [[1.0561878020405968, 1.0000029789706075], [1.0200169853101115, 1.000001501690063]]; initial energy function preserved by inverse weight transformation
2026-10-09 12:32:57.271 DEBUG: Frozen training-only proto fit: spectral component RMS 7.38218e-05 eV, observations 772776
2026-10-09 12:32:57.271 INFO: Electronic response CoupledResponse: 4 coarse + 8 regular coefficients per atom; deployment uses 50 steps
2026-10-09 12:33:05.888 DEBUG: Training-only atomic vacuum reference: relative=True, labels=1307, residual_RMSE=0.00276677 eV; shared EF/vacuum gauge, fitted independently of optional spatial proto data
2026-10-09 12:33:06.670 INFO: SCF CUDA linear algebra: cuSOLVER/cuBLAS selected (process-wide); exact cached matrix-solve derivatives; torch=2.9.1+cu128 CUDA=12.8
2026-10-09 12:33:53.253 DEBUG: Training-only cold reference fit: rank=8/9; scalar gauges follow the configured relative/absolute objectives; candidates=[{'fraction': 0.0, 'loss': 2183.7526444771174}, {'fraction': 1.0, 'loss': 2095.391928689759}, {'fraction': 0.5, 'loss': 2117.145832781242}, {'fraction': 0.25, 'loss': 2144.843976821599}]
2026-10-09 12:33:54.786 INFO: Coupled response: neutral reference, screened moment seed, 2 local potential channels, Gaussian receiver widths [1.5, 0.0, 3.0]; fixed Q is enforced without measured EF
2026-10-09 12:34:03.711 DEBUG: Training-only EF reference initialization: offset correction -0.905514 eV
2026-10-09 12:34:03.712 DEBUG: Training-only total-energy reference: 4.05477 -> 0.0354035 eV/atom on 64 graphs
2026-10-09 12:34:03.714 DEBUG: Normalized paths for operand 2 in uv,iu,iv operands=[(64, 64)],[(1, 64)],[(1, 64)] paths=[op0[0]*op1[0]*op2[0]*1.]: got uv,iu,iv operands=[(64, 64)],[(1, 64)],[(1, 64)] paths=[op0[0]*op1[0]*op2[0]*0.12]
2026-10-09 12:34:03.723 DEBUG: Normalized paths for operand 3 in uv,iu,jv,kuv+ijk sizes=256,64,16,1024 num_segments=4,1,4,4 num_paths=4 i=1 j={1, 3, 5, 7} k={1, 3, 5, 7} u=64 v=1: got uv,iu,jv,kuv+ijk sizes=256,64,16,1024 num_segments=4,1,4,4 num_paths=4 i=1 j={1, 3, 5, 7} k={1, 3, 5, 7} u=64 v=1
2026-10-09 12:34:03.724 DEBUG: Flattened ijk in uv,iu,jv,kuv+ijk sizes=256,64,16,1024 num_segments=4,1,4,4 num_paths=4 i=1 j={1, 3, 5, 7} k={1, 3, 5, 7} u=64 v=1: got uv,u,v,uv sizes=256,64,16,1024 num_segments=4,1,16,16 num_paths=16 u=64 v=1
2026-10-09 12:34:03.725 DEBUG: Squeezed uv,u,v,uv sizes=256,64,16,1024 num_segments=4,1,16,16 num_paths=16 u=64 v=1 to u,u,,u sizes=256,64,16,1024 num_segments=4,1,16,16 num_paths=16 u=64
2026-10-09 12:34:03.725 DEBUG: Flattened ijk in uv,iu,jv,kuv+ijk sizes=256,64,16,1024 num_segments=4,1,4,4 num_paths=4 i=1 j={1, 3, 5, 7} k={1, 3, 5, 7} u=64 v=1: got uv,u,v,uv sizes=256,64,16,1024 num_segments=4,1,16,16 num_paths=16 u=64 v=1
2026-10-09 12:34:03.726 DEBUG: Squeezed uv,u,v,uv sizes=256,64,16,1024 num_segments=4,1,16,16 num_paths=16 u=64 v=1 to u,u,,u sizes=256,64,16,1024 num_segments=4,1,16,16 num_paths=16 u=64
2026-10-09 12:34:03.747 DEBUG: Normalized paths for operand 2 in uv,iu,iv sizes=16384,1024,1024 num_segments=4,4,4 num_paths=4 i={1, 3, 5, 7} u=64 v=64: got uv,iu,iv sizes=16384,1024,1024 num_segments=4,4,4 num_paths=4 i={1, 3, 5, 7} u=64 v=64
2026-10-09 12:34:03.764 DEBUG: Normalized paths for operand 3 in uvw,iu,jv,kw+ijk sizes=12288,64,3,256 num_segments=1,1,1,2 num_paths=1 i=1 j=1 k={1, 3} u=64 v=3 w=64: got uvw,iu,jv,kw+ijk sizes=12288,64,3,256 num_segments=1,1,1,2 num_paths=1 i=1 j=1 k={1, 3} u=64 v=3 w=64
2026-10-09 12:34:04.907 DEBUG: Flattened abciu in u,a,b,c,i+abcui operands=[(23,)],[(16,)],[(16,)],[(16,)],[(1,)] paths=[op0[0]*op1[0]*op2[0]*op3[0]*op4[0]*c c.shape=(16, 16, 16, 23, 1) c.nnz=276]: got ,,,, sizes=23,16,16,16,1 num_segments=23,16,16,16,1 num_paths=276
2026-10-09 12:34:04.910 DEBUG: Flattened abiu in u,a,b,i+abui operands=[(4,)],[(16,)],[(16,)],[(1,)] paths=[op0[0]*op1[0]*op2[0]*op3[0]*c c.shape=(16, 16, 4, 1) c.nnz=16]: got ,,, sizes=4,16,16,1 num_segments=4,16,16,1 num_paths=16
2026-10-09 12:34:04.911 DEBUG: Flattened aiu in u,a,i+aui operands=[(1,)],[(16,)],[(1,)] paths=[op0[0]*op1[0]*op2[0]*c c.shape=(16, 1, 1) c.nnz=1]: got ,, sizes=1,16,1 num_segments=1,16,1 num_paths=1
2026-10-09 12:34:04.964 DEBUG: Flattened abciu in u,a,b,c,i+abcui operands=[(51,)],[(16,)],[(16,)],[(16,)],[(3,)] paths=[op0[0]*op1[0]*op2[0]*op3[0]*op4[0]*c c.shape=(16, 16, 16, 51, 3) c.nnz=1554]: got ,,,, sizes=51,16,16,16,3 num_segments=51,16,16,16,3 num_paths=1554
2026-10-09 12:34:04.975 DEBUG: Flattened abiu in u,a,b,i+abui operands=[(6,)],[(16,)],[(16,)],[(3,)] paths=[op0[0]*op1[0]*op2[0]*op3[0]*c c.shape=(16, 16, 6, 3) c.nnz=70]: got ,,, sizes=6,16,16,3 num_segments=6,16,16,3 num_paths=70
2026-10-09 12:34:04.976 DEBUG: Flattened aiu in u,a,i+aui operands=[(1,)],[(16,)],[(3,)] paths=[op0[0]*op1[0]*op2[0]*c c.shape=(16, 1, 3) c.nnz=3]: got ,, sizes=1,16,3 num_segments=1,16,3 num_paths=3
2026-10-09 12:34:05.291 DEBUG: _reduced_tensor_product_basis (0e+1o+2e+3o,), frozenset({(1, (0,))}), keep_ir=frozenset({0e, 1o})
2026-10-09 12:34:05.292 DEBUG: Normalized paths for operand 2 in w,a,i+aiw sizes=2,16,4 num_segments=2,1,2 num_paths=2 a=16 i={1, 3} w=1: got w,a,i+aiw sizes=2,16,4 num_segments=2,1,2 num_paths=2 a=16 i={1, 3} w=1
2026-10-09 12:34:05.293 DEBUG: Flattened aiw in w,a,i+aiw sizes=2,16,4 num_segments=2,1,2 num_paths=2 a=16 i={1, 3} w=1: got ,, sizes=2,16,4 num_segments=2,16,4 num_paths=4
2026-10-09 12:34:05.293 DEBUG: _reduced_tensor_product_basis (0e+1o+2e+3o, 0e+1o+2e+3o), frozenset({(1, (0, 1)), (1, (1, 0))}), keep_ir=frozenset({0e, 1o}), use _optimized_reduced_symmetric_tensor_product_basis
2026-10-09 12:34:05.293 DEBUG: _reduced_tensor_product_basis (0e,), frozenset({(1, (0,))}), keep_ir=frozenset({0e, 2o, 3o, 2e, 3e, 1e, 1o, 4e})
2026-10-09 12:34:05.293 DEBUG: _reduced_tensor_product_basis (0e, 0e), frozenset({(1, (0, 1)), (1, (1, 0))}), keep_ir=frozenset({0e, 1o})
2026-10-09 12:34:05.374 DEBUG: _reduced_tensor_product_basis (1o,), frozenset({(1, (0,))}), keep_ir=frozenset({0e, 2o, 3o, 2e, 3e, 1e, 1o, 4e})
2026-10-09 12:34:05.374 DEBUG: _reduced_tensor_product_basis (1o, 1o), frozenset({(1, (0, 1)), (1, (1, 0))}), keep_ir=frozenset({0e, 1o})
2026-10-09 12:34:05.375 DEBUG: _reduced_tensor_product_basis (2e,), frozenset({(1, (0,))}), keep_ir=frozenset({0e, 2o, 3o, 2e, 3e, 1e, 1o, 4e})
2026-10-09 12:34:05.375 DEBUG: _reduced_tensor_product_basis (2e, 2e), frozenset({(1, (0, 1)), (1, (1, 0))}), keep_ir=frozenset({0e, 1o})
2026-10-09 12:34:05.376 DEBUG: _reduced_tensor_product_basis (3o,), frozenset({(1, (0,))}), keep_ir=frozenset({0e, 2o, 3o, 2e, 3e, 1e, 1o, 4e})
2026-10-09 12:34:05.377 DEBUG: _reduced_tensor_product_basis (3o, 3o), frozenset({(1, (0, 1)), (1, (1, 0))}), keep_ir=frozenset({0e, 1o})
2026-10-09 12:34:05.381 DEBUG: Normalized paths for operand 3 in w,a,b,i+abiw sizes=7,16,16,4 num_segments=2,1,1,2 num_paths=2 a=16 b=16 i={1, 3} w={3, 4}: got w,a,b,i+abiw sizes=7,16,16,4 num_segments=2,1,1,2 num_paths=2 a=16 b=16 i={1, 3} w={3, 4}
2026-10-09 12:34:05.383 DEBUG: Flattened abiw in w,a,b,i+abiw sizes=7,16,16,4 num_segments=2,1,1,2 num_paths=2 a=16 b=16 i={1, 3} w={3, 4}: got ,,, sizes=7,16,16,4 num_segments=7,16,16,4 num_paths=86
2026-10-09 12:34:05.384 DEBUG: _reduced_tensor_product_basis (0e+1o+2e+3o, 0e+1o+2e+3o, 0e+1o+2e+3o), frozenset({(1, (0, 1, 2)), (1, (1, 0, 2)), (1, (2, 0, 1)), (1, (1, 2, 0)), (1, (0, 2, 1)), (1, (2, 1, 0))}), keep_ir=frozenset({0e, 1o}), use _optimized_reduced_symmetric_tensor_product_basis
2026-10-09 12:34:05.384 DEBUG: _reduced_tensor_product_basis (0e,), frozenset({(1, (0,))}), keep_ir=frozenset({0e, 2o, 7o, 3o, 2e, 4e, 3e, 5o, 6e, 1e, 6o, 1o, 5e, 4o, 0o})
2026-10-09 12:34:05.384 DEBUG: _reduced_tensor_product_basis (0e, 0e), frozenset({(1, (0, 1)), (1, (1, 0))}), keep_ir=frozenset({0e, 2o, 3o, 2e, 3e, 1e, 1o, 4e})
2026-10-09 12:34:05.385 DEBUG: _reduced_tensor_product_basis (0e, 0e, 0e), frozenset({(1, (0, 1, 2)), (1, (1, 0, 2)), (1, (2, 0, 1)), (1, (1, 2, 0)), (1, (0, 2, 1)), (1, (2, 1, 0))}), keep_ir=frozenset({0e, 1o})
2026-10-09 12:34:05.386 DEBUG: _reduced_tensor_product_basis (1o,), frozenset({(1, (0,))}), keep_ir=frozenset({0e, 2o, 7o, 3o, 2e, 4e, 3e, 5o, 6e, 1e, 6o, 1o, 5e, 4o, 0o})
2026-10-09 12:34:05.386 DEBUG: _reduced_tensor_product_basis (1o, 1o), frozenset({(1, (0, 1)), (1, (1, 0))}), keep_ir=frozenset({0e, 2o, 3o, 2e, 3e, 1e, 1o, 4e})
2026-10-09 12:34:05.387 DEBUG: _reduced_tensor_product_basis (1o, 1o, 1o), frozenset({(1, (0, 1, 2)), (1, (1, 0, 2)), (1, (2, 0, 1)), (1, (1, 2, 0)), (1, (0, 2, 1)), (1, (2, 1, 0))}), keep_ir=frozenset({0e, 1o})
2026-10-09 12:34:05.387 DEBUG: _reduced_tensor_product_basis (1o, 1o), frozenset({(1, (0, 1)), (1, (1, 0))}), keep_ir=frozenset({0e, 1e, 2e, 1o})
2026-10-09 12:34:05.390 DEBUG: _reduced_tensor_product_basis (2e,), frozenset({(1, (0,))}), keep_ir=frozenset({0e, 2o, 7o, 3o, 2e, 4e, 3e, 5o, 6e, 1e, 6o, 1o, 5e, 4o, 0o})
2026-10-09 12:34:05.390 DEBUG: _reduced_tensor_product_basis (2e, 2e), frozenset({(1, (0, 1)), (1, (1, 0))}), keep_ir=frozenset({0e, 2o, 3o, 2e, 3e, 1e, 1o, 4e})
2026-10-09 12:34:05.391 DEBUG: _reduced_tensor_product_basis (2e, 2e, 2e), frozenset({(1, (0, 1, 2)), (1, (1, 0, 2)), (1, (2, 0, 1)), (1, (1, 2, 0)), (1, (0, 2, 1)), (1, (2, 1, 0))}), keep_ir=frozenset({0e, 1o})
2026-10-09 12:34:05.392 DEBUG: _reduced_tensor_product_basis (2e, 2e), frozenset({(1, (0, 1)), (1, (1, 0))}), keep_ir=frozenset({3o, 1o, 2o, 2e})
2026-10-09 12:34:05.394 DEBUG: _reduced_tensor_product_basis (3o,), frozenset({(1, (0,))}), keep_ir=frozenset({0e, 2o, 7o, 3o, 2e, 4e, 3e, 5o, 6e, 1e, 6o, 1o, 5e, 4o, 0o})
2026-10-09 12:34:05.394 DEBUG: _reduced_tensor_product_basis (3o, 3o), frozenset({(1, (0, 1)), (1, (1, 0))}), keep_ir=frozenset({0e, 2o, 3o, 2e, 3e, 1e, 1o, 4e})
2026-10-09 12:34:05.396 DEBUG: _reduced_tensor_product_basis (3o, 3o, 3o), frozenset({(1, (0, 1, 2)), (1, (1, 0, 2)), (1, (2, 0, 1)), (1, (1, 2, 0)), (1, (0, 2, 1)), (1, (2, 1, 0))}), keep_ir=frozenset({0e, 1o})
2026-10-09 12:34:05.396 DEBUG: _reduced_tensor_product_basis (3o, 3o), frozenset({(1, (0, 1)), (1, (1, 0))}), keep_ir=frozenset({3e, 3o, 2e, 4e})
2026-10-09 12:34:05.450 DEBUG: Normalized paths for operand 4 in w,a,b,c,i+abciw sizes=20,16,16,16,4 num_segments=2,1,1,1,2 num_paths=2 a=16 b=16 c=16 i={1, 3} w={8, 12}: got w,a,b,c,i+abciw sizes=20,16,16,16,4 num_segments=2,1,1,1,2 num_paths=2 a=16 b=16 c=16 i={1, 3} w={8, 12}
2026-10-09 12:34:05.474 DEBUG: Flattened abciw in w,a,b,c,i+abciw sizes=20,16,16,16,4 num_segments=2,1,1,1,2 num_paths=2 a=16 b=16 c=16 i={1, 3} w={8, 12}: got ,,,, sizes=20,16,16,16,4 num_segments=20,16,16,16,4 num_paths=1949
2026-10-09 12:34:05.978 DEBUG: Normalized paths for operand 2 in uv,iu,iv sizes=8192,256,256 num_segments=2,2,2 num_paths=2 i={1, 3} u=64 v=64: got uv,iu,iv sizes=8192,256,256 num_segments=2,2,2 num_paths=2 i={1, 3} u=64 v=64
2026-10-09 12:34:05.996 DEBUG: Normalized paths for operand 2 in uv,iu,iv sizes=8192,256,256 num_segments=2,2,2 num_paths=2 i={1, 3} u=64 v=64: got uv,iu,iv sizes=8192,256,256 num_segments=2,2,2 num_paths=2 i={1, 3} u=64 v=64
2026-10-09 12:34:06.015 DEBUG: Normalized paths for operand 3 in uv,iu,jv,kuv+ijk sizes=640,256,16,2560 num_segments=10,2,4,10 num_paths=10 i={1, 3} j={1, 3, 5, 7} k={1, 3, 5, 7} u=64 v=1: got uv,iu,jv,kuv+ijk sizes=640,256,16,2560 num_segments=10,2,4,10 num_paths=10 i={1, 3} j={1, 3, 5, 7} k={1, 3, 5, 7} u=64 v=1
2026-10-09 12:34:06.017 DEBUG: Flattened ijk in uv,iu,jv,kuv+ijk sizes=640,256,16,2560 num_segments=10,2,4,10 num_paths=10 i={1, 3} j={1, 3, 5, 7} k={1, 3, 5, 7} u=64 v=1: got uv,u,v,uv sizes=640,256,16,2560 num_segments=10,4,16,40 num_paths=86 u=64 v=1
2026-10-09 12:34:06.019 DEBUG: Squeezed uv,u,v,uv sizes=640,256,16,2560 num_segments=10,4,16,40 num_paths=86 u=64 v=1 to u,u,,u sizes=640,256,16,2560 num_segments=10,4,16,40 num_paths=86 u=64
2026-10-09 12:34:06.021 DEBUG: Flattened ijk in uv,iu,jv,kuv+ijk sizes=640,256,16,2560 num_segments=10,2,4,10 num_paths=10 i={1, 3} j={1, 3, 5, 7} k={1, 3, 5, 7} u=64 v=1: got uv,u,v,uv sizes=640,256,16,2560 num_segments=10,4,16,40 num_paths=86 u=64 v=1
2026-10-09 12:34:06.023 DEBUG: Squeezed uv,u,v,uv sizes=640,256,16,2560 num_segments=10,4,16,40 num_paths=86 u=64 v=1 to u,u,,u sizes=640,256,16,2560 num_segments=10,4,16,40 num_paths=86 u=64
2026-10-09 12:34:06.075 DEBUG: Normalized paths for operand 2 in uv,iu,iv sizes=40960,2560,1024 num_segments=10,10,4 num_paths=10 i={1, 3, 5, 7} u=64 v=64: got uv,iu,iv sizes=40960,2560,1024 num_segments=10,10,4 num_paths=10 i={1, 3, 5, 7} u=64 v=64
2026-10-09 12:34:06.111 DEBUG: Normalized paths for operand 3 in uvw,iu,jv,kw+ijk sizes=24576,256,3,256 num_segments=2,2,1,2 num_paths=2 i={1, 3} j=1 k={1, 3} u=64 v=3 w=64: got uvw,iu,jv,kw+ijk sizes=24576,256,3,256 num_segments=2,2,1,2 num_paths=2 i={1, 3} j=1 k={1, 3} u=64 v=3 w=64
2026-10-09 12:34:06.143 DEBUG: Normalized paths for operand 2 in uv,iu,iv sizes=8192,256,256 num_segments=2,2,2 num_paths=2 i={1, 3} u=64 v=64: got uv,iu,iv sizes=8192,256,256 num_segments=2,2,2 num_paths=2 i={1, 3} u=64 v=64
2026-10-09 12:34:06.155 DEBUG: Transferring additional key: interactions.1.conv_tp_weights.layer2.weight
2026-10-09 12:34:06.155 DEBUG: Transferring additional key: interactions.1.conv_tp_weights.layer1.weight
2026-10-09 12:34:06.155 DEBUG: Transferring key interactions.1.skip_tp.weight after adapting shape (24576,) → (1, 24576) -> torch.Size([1, 24576])
2026-10-09 12:34:06.155 DEBUG: Transferring additional key: interactions.0.conv_tp_weights.layer1.weight
2026-10-09 12:34:06.155 DEBUG: Transferring key products.1.linear.weight after adapting shape (8192,) → (1, 8192) -> torch.Size([1, 8192])
2026-10-09 12:34:06.155 DEBUG: Transferring key interactions.1.linear_up.weight after adapting shape (8192,) → (1, 8192) -> torch.Size([1, 8192])
2026-10-09 12:34:06.155 DEBUG: Transferring additional key: interactions.0.conv_tp_weights.layer0.weight
2026-10-09 12:34:06.155 DEBUG: Transferring key interactions.0.linear_up.weight after adapting shape (4096,) → (1, 4096) -> torch.Size([1, 4096])
2026-10-09 12:34:06.155 DEBUG: Transferring key interactions.0.skip_tp.weight after adapting shape (12288,) → (1, 12288) -> torch.Size([1, 12288])
2026-10-09 12:34:06.155 DEBUG: Transferring additional key: interactions.0.conv_tp_weights.layer2.weight
2026-10-09 12:34:06.155 DEBUG: Transferring additional key: interactions.1.conv_tp_weights.layer0.weight
2026-10-09 12:34:06.155 DEBUG: Transferring key products.0.linear.weight after adapting shape (8192,) → (1, 8192) -> torch.Size([1, 8192])
2026-10-09 12:34:06.155 DEBUG: Transferring key interactions.1.linear.weight after adapting shape (40960,) → (1, 40960) -> torch.Size([1, 40960])
2026-10-09 12:34:06.155 DEBUG: Transferring additional key: interactions.0.conv_tp_weights.layer3.weight
2026-10-09 12:34:06.155 DEBUG: Transferring key interactions.0.linear.weight after adapting shape (16384,) → (1, 16384) -> torch.Size([1, 16384])
2026-10-09 12:34:06.155 DEBUG: Transferring additional key: interactions.1.conv_tp_weights.layer3.weight
2026-10-09 12:34:06.157 DEBUG: Normalized paths for operand 3 in uv,iu,jv,kuv+ijk sizes=256,64,16,1024 num_segments=4,1,4,4 num_paths=4 i=1 j={1, 3, 5, 7} k={1, 3, 5, 7} u=64 v=1: got uv,iu,jv,kuv+ijk sizes=256,64,16,1024 num_segments=4,1,4,4 num_paths=4 i=1 j={1, 3, 5, 7} k={1, 3, 5, 7} u=64 v=1
2026-10-09 12:34:06.158 DEBUG: Flattened ijk in uv,iu,jv,kuv+ijk sizes=256,64,16,1024 num_segments=4,1,4,4 num_paths=4 i=1 j={1, 3, 5, 7} k={1, 3, 5, 7} u=64 v=1: got uv,u,v,uv sizes=256,64,16,1024 num_segments=4,1,16,16 num_paths=16 u=64 v=1
2026-10-09 12:34:06.159 DEBUG: Squeezed uv,u,v,uv sizes=256,64,16,1024 num_segments=4,1,16,16 num_paths=16 u=64 v=1 to u,u,,u sizes=256,64,16,1024 num_segments=4,1,16,16 num_paths=16 u=64
2026-10-09 12:34:06.162 DEBUG: Normalized paths for operand 3 in uv,iu,jv,kuv+ijk sizes=640,256,16,2560 num_segments=10,2,4,10 num_paths=10 i={1, 3} j={1, 3, 5, 7} k={1, 3, 5, 7} u=64 v=1: got uv,iu,jv,kuv+ijk sizes=640,256,16,2560 num_segments=10,2,4,10 num_paths=10 i={1, 3} j={1, 3, 5, 7} k={1, 3, 5, 7} u=64 v=1
2026-10-09 12:34:06.164 DEBUG: Flattened ijk in uv,iu,jv,kuv+ijk sizes=640,256,16,2560 num_segments=10,2,4,10 num_paths=10 i={1, 3} j={1, 3, 5, 7} k={1, 3, 5, 7} u=64 v=1: got uv,u,v,uv sizes=640,256,16,2560 num_segments=10,4,16,40 num_paths=86 u=64 v=1
2026-10-09 12:34:06.165 DEBUG: Squeezed uv,u,v,uv sizes=640,256,16,2560 num_segments=10,4,16,40 num_paths=86 u=64 v=1 to u,u,,u sizes=640,256,16,2560 num_segments=10,4,16,40 num_paths=86 u=64
2026-10-09 12:34:06.168 INFO: CuEquivariance ACTIVE: 2 interaction/product layers, O3_e3nn, ir_mul, fused CUDA convolution=True; electronic response/readouts retain their original coordinates
2026-10-09 12:34:06.169 INFO: No external LR schedule: the learning rate follows the explicit training stages.
2026-10-09 12:34:06.170 INFO: restart_latest is False; starting from initialized model and optimizer.
2026-10-09 12:34:06.170 INFO: FixedPointCore(
  (node_embedding): LinearNodeEmbeddingBlock(
    (linear): Linear(3x0e -> 64x0e | 192 weights)
  )
  (radial_embedding): RadialEmbeddingBlock(
    (bessel_fn): BesselBasis(r_max=6.0, num_basis=8, trainable=False)
    (cutoff_fn): PolynomialCutoff(p=5, r_max=6.0)
  )
  (spherical_harmonics): SphericalHarmonics()
  (atomic_energies_fn): AtomicEnergiesBlock(energies=[[-5.0802, -4.5647, -10.7186]])
  (interactions): ModuleList(
    (0): RealAgnosticResidualInteractionBlock(
      (linear_up): Linear(
        shared_weights=True, internal_weights=True, weight_numel=4096
        (transpose_in): TransposeIrrepsLayout((irrep,mul) -> (irrep,mul))
        (transpose_out): TransposeIrrepsLayout((irrep,mul) -> (irrep,mul))
        (f): ╭ a=[4096:1⨯(64,64)] b=[64:1⨯(1,64)] -> C=[64:1⨯(1,64)]
        ╰─ []·a[uv]·b[iu]➜C[iv] ─ num_paths=1 i=1 u=64 v=64
        SegmentedPolynomial(
          (m): SegmentedPolynomialNaive(
            (graphs): ModuleList(
              (0): uv,iu,iv operands=[(64, 64)],[(1, 64)],[(1, 64)] paths=[op0[0]*op1[0]*op2[0]*0.12]
            )
          )
          (fallback): SegmentedPolynomialNaive(
            (graphs): ModuleList(
              (0): uv,iu,iv operands=[(64, 64)],[(1, 64)],[(1, 64)] paths=[op0[0]*op1[0]*op2[0]*0.12]
            )
          )
        )
      )
      (conv_tp): FusedConvolution(
        (fused): ╭ a=[256:4⨯(64)] b=[64:1⨯(64)] c=[16:16⨯()] -> D=[1024:16⨯(64)]
        ╰─ []·a[u]·b[u]·c[]➜D[u] ─ num_paths=16 u=64
        SegmentedPolynomial(
          (m): SegmentedPolynomialFromUniform1dJit()
          (fallback): SegmentedPolynomialFromUniform1dJit()
        )
        (unfused): ChannelWiseTensorProduct(
          shared_weights=False, internal_weights=False, weight_numel=256
          (transpose_in1): TransposeIrrepsLayout((irrep,mul) -> (irrep,mul))
          (transpose_in2): TransposeIrrepsLayout((irrep,mul) -> (irrep,mul))
          (transpose_out): TransposeIrrepsLayout((irrep,mul) -> (irrep,mul))
          (f): ╭ a=[256:4⨯(64,1)] b=[64:1⨯(1,64)] c=[16:(1,1)+(3,1)+(5,1)+...] -> D=[1024:(1,64,1)+(3,64,1)+...]
          ╰─ [ijk]·a[uv]·b[iu]·c[jv]➜D[kuv] ─ num_paths=4 i=1 j={1, 3, 5, 7} k={1, 3, 5, 7} u=64 v=1
          SegmentedPolynomial(
            (m): SegmentedPolynomialFromUniform1dJit()
            (fallback): SegmentedPolynomialFromUniform1dJit()
          )
        )
      )
      (conv_tp_weights): FullyConnectedNet[8, 64, 64, 64, 256]
      (linear): Linear(
        shared_weights=True, internal_weights=True, weight_numel=16384
        (transpose_in): TransposeIrrepsLayout((irrep,mul) -> (irrep,mul))
        (transpose_out): TransposeIrrepsLayout((irrep,mul) -> (irrep,mul))
        (f): ╭ a=[16384:4⨯(64,64)] b=[1024:(1,64)+(3,64)+(5,64)+...] -> C=[1024:(1,64)+(3,64)+(5,64)+...]
        ╰─ []·a[uv]·b[iu]➜C[iv] ─ num_paths=4 i={1, 3, 5, 7} u=64 v=64
        SegmentedPolynomial(
          (m): SegmentedPolynomialNaive(
            (graphs): ModuleList(
              (0): uv,iu,iv sizes=16384,1024,1024 num_segments=4,4,4 num_paths=4 i={1, 3, 5, 7} u=64 v=64
            )
          )
          (fallback): SegmentedPolynomialNaive(
            (graphs): ModuleList(
              (0): uv,iu,iv sizes=16384,1024,1024 num_segments=4,4,4 num_paths=4 i={1, 3, 5, 7} u=64 v=64
            )
          )
        )
      )
      (skip_tp): FullyConnectedTensorProduct(
        shared_weights=True, internal_weights=True, weight_numel=12288
        (transpose_in1): TransposeIrrepsLayout((irrep,mul) -> (irrep,mul))
        (transpose_in2): TransposeIrrepsLayout((irrep,mul) -> (irrep,mul))
        (transpose_out): TransposeIrrepsLayout((irrep,mul) -> (irrep,mul))
        (f): ╭ a=[12288:1⨯(64,3,64)] b=[64:1⨯(1,64)] c=[3:1⨯(1,3)] -> D=[256:(1,64)+(3,64)]
        ╰─ [ijk]·a[uvw]·b[iu]·c[jv]➜D[kw] ─ num_paths=1 i=1 j=1 k={1, 3} u=64 v=3 w=64
        SegmentedPolynomial(
          (m): SegmentedPolynomialNaive(
            (graphs): ModuleList(
              (0): uvw,iu,jv,kw+ijk sizes=12288,64,3,256 num_segments=1,1,1,2 num_paths=1 i=1 j=1 k={1, 3} u=64 v=3 w=64
            )
          )
          (fallback): SegmentedPolynomialNaive(
            (graphs): ModuleList(
              (0): uvw,iu,jv,kw+ijk sizes=12288,64,3,256 num_segments=1,1,1,2 num_paths=1 i=1 j=1 k={1, 3} u=64 v=3 w=64
            )
          )
        )
      )
      (reshape): reshape_irreps()
    )
    (1): RealAgnosticResidualInteractionBlock(
      (linear_up): Linear(
        shared_weights=True, internal_weights=True, weight_numel=8192
        (transpose_in): TransposeIrrepsLayout((irrep,mul) -> (irrep,mul))
        (transpose_out): TransposeIrrepsLayout((irrep,mul) -> (irrep,mul))
        (f): ╭ a=[8192:2⨯(64,64)] b=[256:(1,64)+(3,64)] -> C=[256:(1,64)+(3,64)]
        ╰─ []·a[uv]·b[iu]➜C[iv] ─ num_paths=2 i={1, 3} u=64 v=64
        SegmentedPolynomial(
          (m): SegmentedPolynomialNaive(
            (graphs): ModuleList(
              (0): uv,iu,iv sizes=8192,256,256 num_segments=2,2,2 num_paths=2 i={1, 3} u=64 v=64
            )
          )
          (fallback): SegmentedPolynomialNaive(
            (graphs): ModuleList(
              (0): uv,iu,iv sizes=8192,256,256 num_segments=2,2,2 num_paths=2 i={1, 3} u=64 v=64
            )
          )
        )
      )
      (conv_tp): FusedConvolution(
        (fused): ╭ a=[640:10⨯(64)] b=[256:4⨯(64)] c=[16:16⨯()] -> D=[2560:40⨯(64)]
        ╰─ []·a[u]·b[u]·c[]➜D[u] ─ num_paths=86 u=64
        SegmentedPolynomial(
          (m): SegmentedPolynomialFromUniform1dJit()
          (fallback): SegmentedPolynomialFromUniform1dJit()
        )
        (unfused): ChannelWiseTensorProduct(
          shared_weights=False, internal_weights=False, weight_numel=640
          (transpose_in1): TransposeIrrepsLayout((irrep,mul) -> (irrep,mul))
          (transpose_in2): TransposeIrrepsLayout((irrep,mul) -> (irrep,mul))
          (transpose_out): TransposeIrrepsLayout((irrep,mul) -> (irrep,mul))
          (f): ╭ a=[640:10⨯(64,1)] b=[256:(1,64)+(3,64)] c=[16:(1,1)+(3,1)+(5,1)+...] -> D=[2560:(1,64,1)+(1,64,1)+...]
          ╰─ [ijk]·a[uv]·b[iu]·c[jv]➜D[kuv] ─ num_paths=10 i={1, 3} j={1, 3, 5, 7} k={1, 3, 5, 7} u=64 v=1
          SegmentedPolynomial(
            (m): SegmentedPolynomialFromUniform1dJit()
            (fallback): SegmentedPolynomialFromUniform1dJit()
          )
        )
      )
      (conv_tp_weights): FullyConnectedNet[8, 64, 64, 64, 640]
      (linear): Linear(
        shared_weights=True, internal_weights=True, weight_numel=40960
        (transpose_in): TransposeIrrepsLayout((irrep,mul) -> (irrep,mul))
        (transpose_out): TransposeIrrepsLayout((irrep,mul) -> (irrep,mul))
        (f): ╭ a=[40960:10⨯(64,64)] b=[2560:(1,64)+(1,64)+(3,64)+...] -> C=[1024:(1,64)+(3,64)+(5,64)+...]
        ╰─ []·a[uv]·b[iu]➜C[iv] ─ num_paths=10 i={1, 3, 5, 7} u=64 v=64
        SegmentedPolynomial(
          (m): SegmentedPolynomialNaive(
            (graphs): ModuleList(
              (0): uv,iu,iv sizes=40960,2560,1024 num_segments=10,10,4 num_paths=10 i={1, 3, 5, 7} u=64 v=64
            )
          )
          (fallback): SegmentedPolynomialNaive(
            (graphs): ModuleList(
              (0): uv,iu,iv sizes=40960,2560,1024 num_segments=10,10,4 num_paths=10 i={1, 3, 5, 7} u=64 v=64
            )
          )
        )
      )
      (skip_tp): FullyConnectedTensorProduct(
        shared_weights=True, internal_weights=True, weight_numel=24576
        (transpose_in1): TransposeIrrepsLayout((irrep,mul) -> (irrep,mul))
        (transpose_in2): TransposeIrrepsLayout((irrep,mul) -> (irrep,mul))
        (transpose_out): TransposeIrrepsLayout((irrep,mul) -> (irrep,mul))
        (f): ╭ a=[24576:2⨯(64,3,64)] b=[256:(1,64)+(3,64)] c=[3:1⨯(1,3)] -> D=[256:(1,64)+(3,64)]
        ╰─ [ijk]·a[uvw]·b[iu]·c[jv]➜D[kw] ─ num_paths=2 i={1, 3} j=1 k={1, 3} u=64 v=3 w=64
        SegmentedPolynomial(
          (m): SegmentedPolynomialNaive(
            (graphs): ModuleList(
              (0): uvw,iu,jv,kw+ijk sizes=24576,256,3,256 num_segments=2,2,1,2 num_paths=2 i={1, 3} j=1 k={1, 3} u=64 v=3 w=64
            )
          )
          (fallback): SegmentedPolynomialNaive(
            (graphs): ModuleList(
              (0): uvw,iu,jv,kw+ijk sizes=24576,256,3,256 num_segments=2,2,1,2 num_paths=2 i={1, 3} j=1 k={1, 3} u=64 v=3 w=64
            )
          )
        )
      )
      (reshape): reshape_irreps()
    )
  )
  (products): ModuleList(
    (0-1): 2 x EquivariantProductBasisBlock(
      (symmetric_contractions): SymmetricContraction(
        contraction_degree=3, weight_shape=(86, 64)
        (transpose_in): TransposeIrrepsLayout((irrep,mul) -> (irrep,mul))
        (transpose_out): TransposeIrrepsLayout((irrep,mul) -> (irrep,mul))
        (f): ╭ a=[1856:29⨯(64)] b=[1024:16⨯(64)] -> C=[256:4⨯(64)]
        │  []·a[u]·b[u]➜C[u] ─────────── num_paths=4 u=64
        │  []·a[u]·b[u]·b[u]➜C[u] ────── num_paths=86 u=64
        ╰─ []·a[u]·b[u]·b[u]·b[u]➜C[u] ─ num_paths=1949 u=64
        SegmentedPolynomial(
          (m): SegmentedPolynomialFromUniform1dJit()
          (fallback): SegmentedPolynomialFromUniform1dJit()
        )
      )
      (linear): Linear(
        shared_weights=True, internal_weights=True, weight_numel=8192
        (transpose_in): TransposeIrrepsLayout((irrep,mul) -> (irrep,mul))
        (transpose_out): TransposeIrrepsLayout((irrep,mul) -> (irrep,mul))
        (f): ╭ a=[8192:2⨯(64,64)] b=[256:(1,64)+(3,64)] -> C=[256:(1,64)+(3,64)]
        ╰─ []·a[uv]·b[iu]➜C[iv] ─ num_paths=2 i={1, 3} u=64 v=64
        SegmentedPolynomial(
          (m): SegmentedPolynomialNaive(
            (graphs): ModuleList(
              (0): uv,iu,iv sizes=8192,256,256 num_segments=2,2,2 num_paths=2 i={1, 3} u=64 v=64
            )
          )
          (fallback): SegmentedPolynomialNaive(
            (graphs): ModuleList(
              (0): uv,iu,iv sizes=8192,256,256 num_segments=2,2,2 num_paths=2 i={1, 3} u=64 v=64
            )
          )
        )
      )
    )
  )
  (readouts): ModuleList(
    (0): LinearReadoutBlock(
      (linear): Linear(64x0e+64x1o -> 1x0e | 64 weights)
    )
    (1): NonLinearReadoutBlock(
      (linear_1): Linear(64x0e+64x1o -> 64x0e | 4096 weights)
      (non_linearity): Activation [x] (64x0e -> 64x0e)
      (linear_2): Linear(64x0e -> 1x0e | 64 weights)
    )
  )
  (electric_potential_descriptor): GTOElectrostaticFeatures(
    (density_basis): GTOBasis(
      (radial_spline): RadialIntegralDirect()
      (spherical_harmonics): SphericalHarmonics()
    )
    (feature_basis): GTOBasis(
      (radial_spline): RadialIntegralDirect()
      (spherical_harmonics): SphericalHarmonics()
    )
    (self_interaction_terms): GTOSelfInteractionBlock()
    (realspace_features): RealSpaceFiniteDifferenceElectrostaticFeatures(
      (self_interaction): GTOSelfInteractionBlock()
    )
    (non_periodic_correction_terms): NonPeriodicFeatureCorrections(
      (self_field): CorrectivePotentialBlock()
      (displaced_interactions): GTOInternalFieldtoFeaturesBlock()
    )
  )
  (lr_source_maps): ModuleList(
    (0-1): 2 x GeneralNonLinearBiasReadoutBlock(
      (equivariant_nonlin): Gate (64x0e -> 64x0e)
      (linear_1): Linear(64x0e+64x1o -> 64x0e | 4096 weights)
      (linear_mid): Linear(64x0e -> 64x0e | 4096 weights)
      (linear_2): Linear(64x0e -> 1x0e+1x1o | 64 weights)
    )
  )
  (field_dependent_charges_map): CoupledResponse(
    (chemical_scalar): Linear(in_features=64, out_features=64, bias=True)
    (chemical_vector): Linear(in_features=64, out_features=16, bias=False)
    (shared): Sequential(
      (0): Linear(in_features=96, out_features=64, bias=True)
      (1): SiLU()
      (2): Linear(in_features=64, out_features=64, bias=True)
      (3): SiLU()
    )
    (vector_out): Linear(in_features=64, out_features=96, bias=True)
    (scalar_out): Linear(in_features=64, out_features=4, bias=True)
    (dipole_hardness): Linear(in_features=64, out_features=1, bias=True)
    (state_scalar): Linear(in_features=3, out_features=64, bias=False)
    (state_vector): Linear(in_features=3, out_features=16, bias=False)
    (neighbor_scalar): Linear(in_features=3, out_features=64, bias=False)
    (neighbor_vector): Linear(in_features=3, out_features=16, bias=False)
    (neighbor_divergence): Linear(in_features=3, out_features=64, bias=False)
    (neighbor_gradient): Linear(in_features=3, out_features=16, bias=False)
    (common_level): Linear(in_features=64, out_features=1, bias=False)
    (local_source_scalar): Linear(in_features=64, out_features=2, bias=False)
    (local_source_vector): Linear(in_features=16, out_features=2, bias=False)
  )
  (local_electron_energy): Identity()
  (external_field_contribution): DisplacedGTOExternalFieldBlock()
  (external_field_contribution_internal): GTOInternalFieldtoFeaturesBlock()
  (coulomb_energy): GTOElectrostaticEnergy(
    (density_basis): GTOBasis(
      (radial_spline): RadialIntegralDirect()
      (spherical_harmonics): SphericalHarmonics()
    )
    (self_interaction_terms): GTOSelfInteractionBlock()
    (realspace_energy): RealSpaceFiniteDiffereneEnergy(
      (self_interaction): GTOSelfInteractionBlock()
    )
    (monopole_dipole_correction): MonopoleDipoleCorrectionBlock()
  )
  (layer_feature_mixer): MultiLayerFeatureMixer(
    (linears): ModuleList(
      (0-1): 2 x Linear(64x0e+64x1o -> 64x0e+64x1o | 8192 weights)
    )
  )
)
2026-10-09 12:34:06.173 INFO: Number of parameters: 291038
2026-10-09 12:34:06.173 INFO: Optimizer: AdamW (
Parameter Group 0
    amsgrad: False
    betas: (0.9, 0.999)
    capturable: False
    decoupled_weight_decay: True
    differentiable: False
    eps: 1e-08
    foreach: None
    fused: None
    lr: 0.003
    maximize: False
    name: embedding
    weight_decay: 0.0

Parameter Group 1
    amsgrad: False
    betas: (0.9, 0.999)
    capturable: False
    decoupled_weight_decay: True
    differentiable: False
    eps: 1e-08
    foreach: None
    fused: None
    lr: 0.003
    maximize: False
    name: interactions_decay
    weight_decay: 0.001

Parameter Group 2
    amsgrad: False
    betas: (0.9, 0.999)
    capturable: False
    decoupled_weight_decay: True
    differentiable: False
    eps: 1e-08
    foreach: None
    fused: None
    lr: 0.003
    maximize: False
    name: interactions_no_decay
    weight_decay: 0.0

Parameter Group 3
    amsgrad: False
    betas: (0.9, 0.999)
    capturable: False
    decoupled_weight_decay: True
    differentiable: False
    eps: 1e-08
    foreach: None
    fused: None
    lr: 0.003
    maximize: False
    name: products
    weight_decay: 0.001

Parameter Group 4
    amsgrad: False
    betas: (0.9, 0.999)
    capturable: False
    decoupled_weight_decay: True
    differentiable: False
    eps: 1e-08
    foreach: None
    fused: None
    lr: 0.003
    maximize: False
    name: readouts
    weight_decay: 0.0

Parameter Group 5
    amsgrad: False
    betas: (0.9, 0.999)
    capturable: False
    decoupled_weight_decay: True
    differentiable: False
    eps: 1e-08
    foreach: None
    fused: None
    lr: 0.003
    maximize: False
    name: lr_source_maps
    weight_decay: 0.0

Parameter Group 6
    amsgrad: False
    betas: (0.9, 0.999)
    capturable: False
    decoupled_weight_decay: True
    differentiable: False
    eps: 1e-08
    foreach: None
    fused: None
    lr: 0.003
    maximize: False
    name: field_dependent_charges_map
    weight_decay: 0.01

Parameter Group 7
    amsgrad: False
    betas: (0.9, 0.999)
    capturable: False
    decoupled_weight_decay: True
    differentiable: False
    eps: 1e-08
    foreach: None
    fused: None
    lr: 0.003
    maximize: False
    name: electronic_references
    weight_decay: 0.0

Parameter Group 8
    amsgrad: False
    betas: (0.9, 0.999)
    capturable: False
    decoupled_weight_decay: True
    differentiable: False
    eps: 1e-08
    foreach: None
    fused: None
    lr: 0.003
    maximize: False
    name: layer_feature_mixer
    weight_decay: 0.001
)
2026-10-09 12:34:06.173 INFO: WeightedLoss(energy_per_atom_weight=100, forces_weight=500, dipole_weight=10, fourier_density_weight=10, fourier_density options: reference=farfield, fourier_potential_weight=100, vacuum_potential_weight=100, vacuum_potential options: relative=True, fermi_level_weight=100, fermi_level options: relative=True, )
2026-10-09 12:34:06.173 INFO: FixedPointWrapper: mode=shortcut_scf, scf_options=FixedPointSCFOptions(num_scf_steps=12, scf_tolerance=1e-06, mixing_parameter=0.5, constant_charge=True, use_autograd_forces=True, initial_density='local_guess', initial_fermi_level='zero'), linear_solve=inverse, fixedpoint_scf_stability=False
2026-10-09 12:34:06.173 INFO: Setting global learning rate to 0.003
2026-10-09 12:34:06.173 DEBUG: Optimizer: AdamW (
Parameter Group 0
    amsgrad: False
    betas: (0.9, 0.999)
    capturable: False
    decoupled_weight_decay: True
    differentiable: False
    eps: 1e-08
    foreach: None
    fused: None
    lr: 0.003
    maximize: False
    name: embedding
    weight_decay: 0.0

Parameter Group 1
    amsgrad: False
    betas: (0.9, 0.999)
    capturable: False
    decoupled_weight_decay: True
    differentiable: False
    eps: 1e-08
    foreach: None
    fused: None
    lr: 0.003
    maximize: False
    name: interactions_decay
    weight_decay: 0.001

Parameter Group 2
    amsgrad: False
    betas: (0.9, 0.999)
    capturable: False
    decoupled_weight_decay: True
    differentiable: False
    eps: 1e-08
    foreach: None
    fused: None
    lr: 0.003
    maximize: False
    name: interactions_no_decay
    weight_decay: 0.0

Parameter Group 3
    amsgrad: False
    betas: (0.9, 0.999)
    capturable: False
    decoupled_weight_decay: True
    differentiable: False
    eps: 1e-08
    foreach: None
    fused: None
    lr: 0.003
    maximize: False
    name: products
    weight_decay: 0.001

Parameter Group 4
    amsgrad: False
    betas: (0.9, 0.999)
    capturable: False
    decoupled_weight_decay: True
    differentiable: False
    eps: 1e-08
    foreach: None
    fused: None
    lr: 0.003
    maximize: False
    name: readouts
    weight_decay: 0.0

Parameter Group 5
    amsgrad: False
    betas: (0.9, 0.999)
    capturable: False
    decoupled_weight_decay: True
    differentiable: False
    eps: 1e-08
    foreach: None
    fused: None
    lr: 0.003
    maximize: False
    name: lr_source_maps
    weight_decay: 0.0

Parameter Group 6
    amsgrad: False
    betas: (0.9, 0.999)
    capturable: False
    decoupled_weight_decay: True
    differentiable: False
    eps: 1e-08
    foreach: None
    fused: None
    lr: 0.003
    maximize: False
    name: field_dependent_charges_map
    weight_decay: 0.01

Parameter Group 7
    amsgrad: False
    betas: (0.9, 0.999)
    capturable: False
    decoupled_weight_decay: True
    differentiable: False
    eps: 1e-08
    foreach: None
    fused: None
    lr: 0.003
    maximize: False
    name: electronic_references
    weight_decay: 0.0

Parameter Group 8
    amsgrad: False
    betas: (0.9, 0.999)
    capturable: False
    decoupled_weight_decay: True
    differentiable: False
    eps: 1e-08
    foreach: None
    fused: None
    lr: 0.003
    maximize: False
    name: layer_feature_mixer
    weight_decay: 0.001
)
2026-10-09 12:34:06.185 INFO: CoupledResponse mode=shortcut_scf: 12 training steps; 50 validation/deployment steps
2026-10-09 12:37:21.511 DEBUG: Training-only scalar reference calibration {'fermi_level': {'observed_training_graphs': 61, 'shift_eV': 4.548919628615075, 'reference_eV': 4.548919628615075, 'panel_RMSE_before_eV': 4.5547156767846335, 'panel_RMSE_after_eV': 0.22970657097303498}, 'vacuum_potential': {'observed_training_graphs': 61, 'shift_eV': 0.03070022225911971, 'reference_eV': 0.03070022225911971, 'panel_RMSE_before_eV': 0.3716581789017926, 'panel_RMSE_after_eV': 0.3703880374658954}, 'seconds': 9.37036945699947}; constants saved with the model; relative errors and physical fixed-Q trajectory unchanged
2026-10-09 12:38:10.441 DEBUG: Validation voltage: centered EF/vacuum covariance=-0.0522647 eV^2, WF bias=0.100092 eV, maximum SCF residual=2.51527e-10
2026-10-09 12:38:10.444 INFO: Epoch 0: loss=84.0606, RMSE_E_per_atom=31.7319 meV, RMSE_F=311.5953 meV/A, RMSE_dip_per_atom=2.3072 meA, RMSE_rho=0.1200 me/A^3, RMSE_EF(abs/rel)=253.1220/250.0076 meV, RMSE_ESP=341.8024 mV, RMSE_ESPvac(abs/rel)=417.2089/412.7980 mV, RMSE_WF(abs/rel)=589.4521/580.8920 meV
2026-10-09 12:38:10.460 DEBUG: 50-step electronic residual maximum: 2.5153e-10
2026-10-09 12:38:10.471 DEBUG: Optimizer epoch 0: lr=[0.003, 0.003, 0.003, 0.003, 0.003, 0.003, 0.003, 0.003, 0.003], mean gradient norm=138.38, clipped=173/173
2026-10-09 12:38:10.471 DEBUG: Epoch timing: train=185.967s, validation=58.331s, updates=173, train/update=1.07495s, peak allocated=6906.8 MiB, backbone=CuEq
2026-10-09 12:38:10.471 DEBUG: Optimization budget: graphs=1384/1384, updates=173, mean retained gradient=0.10422, min retained gradient=0.016002
2026-10-09 12:38:10.471 DEBUG: Batching: optimizer graphs=8, device graphs<=8; one clipping/Adam/EMA update per optimizer batch
2026-10-09 12:45:46.480 DEBUG: Training-only scalar reference calibration {'fermi_level': {'observed_training_graphs': 61, 'shift_eV': 1.7208206491628553, 'reference_eV': 6.269740277777931, 'panel_RMSE_before_eV': 1.736115524863014, 'panel_RMSE_after_eV': 0.22994218639716366}, 'vacuum_potential': {'observed_training_graphs': 61, 'shift_eV': -0.08167385396872044, 'reference_eV': -0.05097363170960073, 'panel_RMSE_before_eV': 0.33135289666506423, 'panel_RMSE_after_eV': 0.32112945007617233}, 'seconds': 9.378116265999779}; constants saved with the model; relative errors and physical fixed-Q trajectory unchanged
2026-10-09 12:46:24.447 DEBUG: Validation voltage: centered EF/vacuum covariance=-0.0693855 eV^2, WF bias=0.0748467 eV, maximum SCF residual=54.8422
2026-10-09 12:46:24.449 INFO: Epoch 5: loss=277.431, RMSE_E_per_atom=28.3332 meV, RMSE_F=640.6946 meV/A, RMSE_dip_per_atom=1.8916 meA, RMSE_rho=0.1671 me/A^3, RMSE_EF(abs/rel)=276.7352/273.2331 meV, RMSE_ESP=686.0073 mV, RMSE_ESPvac(abs/rel)=413.9728/412.8135 mV, RMSE_WF(abs/rel)=624.0547/619.5501 meV
2026-10-09 12:46:24.461 DEBUG: 50-step electronic residual maximum: 54.842
2026-10-09 12:46:24.468 DEBUG: Optimizer epoch 5: lr=[0.003, 0.003, 0.003, 0.003, 0.003, 0.003, 0.003, 0.003, 0.003], mean gradient norm=154.84, clipped=173/173
2026-10-09 12:46:24.468 DEBUG: Epoch timing: train=88.888s, validation=47.367s, updates=173, train/update=0.51380s, peak allocated=6633.1 MiB, backbone=CuEq
2026-10-09 12:46:24.468 DEBUG: Optimization budget: graphs=1384/1384, updates=173, mean retained gradient=0.097397, min retained gradient=0.011221
2026-10-09 12:46:24.468 DEBUG: Batching: optimizer graphs=8, device graphs<=8; one clipping/Adam/EMA update per optimizer batch
2026-10-09 12:46:24.468 DEBUG: 50-step finite-budget validation residual 54.842 exceeds equilibrium tolerance 1e-06; metrics describe the exported finite trajectory, not a converged root
2026-10-09 12:53:57.964 DEBUG: Training-only scalar reference calibration {'fermi_level': {'observed_training_graphs': 61, 'shift_eV': -1.4275464151150217, 'reference_eV': 4.842193862662909, 'panel_RMSE_before_eV': 1.442010645125776, 'panel_RMSE_after_eV': 0.2037300501848133}, 'vacuum_potential': {'observed_training_graphs': 61, 'shift_eV': 0.021954809306743667, 'reference_eV': -0.029018822402857063, 'panel_RMSE_before_eV': 0.27948498654261905, 'panel_RMSE_after_eV': 0.2786213273441796}, 'seconds': 9.377622324000185}; constants saved with the model; relative errors and physical fixed-Q trajectory unchanged
2026-10-09 12:54:35.894 DEBUG: Validation voltage: centered EF/vacuum covariance=-0.0227342 eV^2, WF bias=0.0333104 eV, maximum SCF residual=1.94631
2026-10-09 12:54:35.897 INFO: Epoch 10: loss=24.7389, RMSE_E_per_atom=22.5616 meV, RMSE_F=108.2802 meV/A, RMSE_dip_per_atom=1.4978 meA, RMSE_rho=0.0905 me/A^3, RMSE_EF(abs/rel)=186.6600/184.9011 meV, RMSE_ESP=251.6857 mV, RMSE_ESPvac(abs/rel)=297.4978/297.3970 mV, RMSE_WF(abs/rel)=411.3529/410.0020 meV
2026-10-09 12:54:35.907 DEBUG: 50-step electronic residual maximum: 1.9463
2026-10-09 12:54:35.912 DEBUG: Optimizer epoch 10: lr=[0.003, 0.003, 0.003, 0.003, 0.003, 0.003, 0.003, 0.003, 0.003], mean gradient norm=129.29, clipped=173/173
2026-10-09 12:54:35.912 DEBUG: Epoch timing: train=88.613s, validation=47.326s, updates=173, train/update=0.51221s, peak allocated=6775.2 MiB, backbone=CuEq
2026-10-09 12:54:35.912 DEBUG: Optimization budget: graphs=1384/1384, updates=173, mean retained gradient=0.11599, min retained gradient=0.018989
2026-10-09 12:54:35.912 DEBUG: Batching: optimizer graphs=8, device graphs<=8; one clipping/Adam/EMA update per optimizer batch
2026-10-09 12:54:35.912 DEBUG: 50-step finite-budget validation residual 1.9463 exceeds equilibrium tolerance 1e-06; metrics describe the exported finite trajectory, not a converged root
2026-10-09 13:02:08.970 DEBUG: Training-only scalar reference calibration {'fermi_level': {'observed_training_graphs': 61, 'shift_eV': -0.3386942395978428, 'reference_eV': 4.503499623065066, 'panel_RMSE_before_eV': 0.3790481936806068, 'panel_RMSE_after_eV': 0.1701873825986224}, 'vacuum_potential': {'observed_training_graphs': 61, 'shift_eV': -0.0207875344276732, 'reference_eV': -0.049806356830530266, 'panel_RMSE_before_eV': 0.2096895190450943, 'panel_RMSE_after_eV': 0.2086565906214833}, 'seconds': 9.37658820500019}; constants saved with the model; relative errors and physical fixed-Q trajectory unchanged
2026-10-09 13:02:46.829 DEBUG: Validation voltage: centered EF/vacuum covariance=-0.018263 eV^2, WF bias=0.00168646 eV, maximum SCF residual=0.0396366
2026-10-09 13:02:46.831 INFO: Epoch 15: loss=15.6184, RMSE_E_per_atom=21.9160 meV, RMSE_F=87.8282 meV/A, RMSE_dip_per_atom=1.0938 meA, RMSE_rho=0.0767 me/A^3, RMSE_EF(abs/rel)=159.3942/158.8005 meV, RMSE_ESP=192.1382 mV, RMSE_ESPvac(abs/rel)=231.6304/231.3163 mV, RMSE_WF(abs/rel)=339.4903/339.4861 meV
2026-10-09 13:02:46.843 DEBUG: 50-step electronic residual maximum: 0.039637
2026-10-09 13:02:46.848 DEBUG: Optimizer epoch 15: lr=[0.003, 0.003, 0.003, 0.003, 0.003, 0.003, 0.003, 0.003, 0.003], mean gradient norm=111.08, clipped=173/173
2026-10-09 13:02:46.848 DEBUG: Epoch timing: train=88.664s, validation=47.255s, updates=173, train/update=0.51251s, peak allocated=6681.6 MiB, backbone=CuEq
2026-10-09 13:02:46.848 DEBUG: Optimization budget: graphs=1384/1384, updates=173, mean retained gradient=0.13265, min retained gradient=0.020742
2026-10-09 13:02:46.848 DEBUG: Batching: optimizer graphs=8, device graphs<=8; one clipping/Adam/EMA update per optimizer batch
2026-10-09 13:02:46.848 DEBUG: 50-step finite-budget validation residual 0.039637 exceeds equilibrium tolerance 1e-06; metrics describe the exported finite trajectory, not a converged root
