2026-10-07 09:44:44.096 INFO: MACE version: 0.3.16
2026-10-07 09:44:44.370 INFO: CUDA version: 12.8, CUDA device: 0
2026-10-07 09:44:44.371 INFO: Configuration: Namespace(config='config.yaml', name='fit_0', seed=7777, work_dir='.', log_dir='./logs', model_dir='.', checkpoints_dir='checkpoints_RhMnCOH_finetune_v369', results_dir='./results', downloads_dir='./downloads', device='cuda', default_dtype='float64', distributed=False, launcher='slurm', log_level='INFO', plot=True, plot_frequency=0, plot_interaction_e=False, r_max=6.0, radial_type='bessel', num_radial_basis=8, num_cutoff_basis=5, pair_repulsion=False, distance_transform='None', apply_cutoff=True, use_last_readout_only=False, use_embedding_readout=False, interaction='RealAgnosticResidualInteractionBlock', interaction_first='RealAgnosticResidualInteractionBlock', max_ell=3, correlation=3, use_reduced_cg=False, use_so3=False, use_agnostic_product=False, num_interactions=2, MLP_irreps='64x0e', radial_MLP='[64, 64, 64]', hidden_irreps='64x0e + 64x1o', edge_irreps=None, use_edge_irreps_first=False, num_channels=None, max_L=None, gate='silu', num_recursion_steps=1, field_si=False, add_local_electron_energy=False, scaling='rms_forces_scaling', avg_num_neighbors=1, compute_avg_num_neighbors=True, compute_stress=False, compute_forces=True, train_file='/fs/cephfs/data/qm_inorganics/shuang/electrocatalysis/RhMnCOH/ml_training/data/RhMnCOH_train.xyz', valid_file='/fs/cephfs/data/qm_inorganics/shuang/electrocatalysis/RhMnCOH/ml_training/data/RhMnCOH_valid.xyz', valid_fraction=0.1, test_file=None, test_dir=None, multi_processed_test=False, num_workers=0, pin_memory=True, atomic_numbers=None, mean=None, std=None, statistics_file=None, les_arguments=None, E0s='{1:-1.12217525, 6:-2.37145689, 25:-11.61962124, 8:-3.21812464, 45:-18.69127246}', pseudolabel_replay=False, pseudolabel_replay_compute_stress=False, foundation_filter_elements=True, multiheads_finetuning=True, foundation_head=None, weight_pt_head=1.0, real_pt_data_ratio_threshold=0.1, num_samples_pt=10000, force_mh_ft_lr=False, subselect_pt='random', filter_type_pt='none', allow_random_padding_pt=True, pt_train_file=None, pt_valid_file=None, foundation_model_elements=False, keep_isolated_atoms=False, lora=False, lora_rank=4, lora_alpha=1.0, energy_key=None, forces_key=None, virials_key=None, stress_key=None, dipole_key=None, polarizability_key=None, head_key=None, charges_key=None, elec_temp_key=None, total_spin_key=None, total_charge_key=None, embedding_specs=None, skip_evaluate_heads='pt_head', forces_weight=100.0, swa_forces_weight=100.0, energy_weight=1.0, swa_energy_weight=1000.0, virials_weight=1.0, swa_virials_weight=10.0, stress_weight=1.0, swa_stress_weight=10.0, dipole_weight=1.0, swa_dipole_weight=1.0, swa_polarizability_weight=1.0, polarizability_weight=1.0, config_type_weights={'Default': 1.0}, huber_delta=0.01, beta=0.9, beta1_schedulefree=0.9, beta2_schedulefree=0.98, batch_size=16, valid_batch_size=4, lr=0.001, swa_lr=0.001, weight_decay=0.001, lr_params_factors='{"embedding_lr_factor": 1.0, "interactions_lr_factor": 1.0, "products_lr_factor": 1.0, "readouts_lr_factor": 1.0}', freeze=None, scheduler='none', lr_factor=0.8, scheduler_patience=50, lr_scheduler_gamma=0.9993, swa=False, start_swa=None, lbfgs=False, ema=True, ema_decay=0.99, max_num_epochs=500, patience=1000, foundation_model='/fs/cephfs/data/qm_inorganics/mace_models/MACE-POLAR-1-M.model', foundation_model_kwargs='{}', foundation_model_readout=True, eval_interval=5, keep_checkpoints=False, save_all_checkpoints=False, save_cpu=True, clip_grad=10.0, dry_run=False, enable_cueq=True, only_cueq=False, enable_oeq=False, wandb=False, wandb_dir=None, wandb_project='', wandb_entity='', wandb_name='', wandb_log_hypers=['num_channels', 'max_L', 'correlation', 'lr', 'swa_lr', 'weight_decay', 'batch_size', 'max_num_epochs', 'start_swa', 'energy_weight', 'forces_weight'], amsgrad=False, atomic_multipoles_key=None, electrostatic_potentials_key=None, external_field_key=None, fermi_level_key=None, include_local_electron_energy=False, atomic_multipoles_max_l=1, atomic_multipoles_smearing_width=1.5, kspace_cutoff_factor=1.0, atomic_formal_charges='{}', formal_charges_from_data=False, field_feature_max_l=1, field_feature_widths='[1.5, 3.0]', dont_include_pbc_corrections=False, include_electrostatic_self_interaction=True, valid_set_seed=7777, quadrupole_feature_corrections=False, electrostatic_pbc_method='mixed_periodic', static_bond_transfer_block='OxidationDependentSymmetricPredictionSourceBlock', oxidation_state_mixer='SumOxidationStateMixer', return_electrostatic_potentials=False, train_schedule=[{'name': 'heads', 'start': 0, 'end': 9, 'lr': 0.001, 'loss': {'energy_per_atom': {'weight': 100}, 'forces': {'weight': 500}, 'dipole': {'weight': 10}, 'fourier_density': {'weight': 10}}, 'fixed_point_training_options': FixedPointTrainingOptions(mode='unroll_scf', scf=FixedPointSCFOptions(num_scf_steps=12, scf_tolerance=1e-06, mixing_parameter=0.5, constant_charge=True, use_autograd_forces=True, initial_density='local_guess', initial_fermi_level='zero'), linear_solve='inverse', fixedpoint_scf_stability=False), 'freeze_foundation_backbone': True}, {'name': 'stage1', 'start': 10, 'end': 49, 'lr': 0.001, 'loss': {'energy_per_atom': {'weight': 100}, 'forces': {'weight': 1000}, 'dipole': {'weight': 10}, 'fourier_density': {'weight': 10}}, 'fixed_point_training_options': FixedPointTrainingOptions(mode='unroll_scf', scf=FixedPointSCFOptions(num_scf_steps=12, scf_tolerance=1e-06, mixing_parameter=0.5, constant_charge=True, use_autograd_forces=True, initial_density='local_guess', initial_fermi_level='zero'), linear_solve='inverse', fixedpoint_scf_stability=False)}, {'name': 'stage2', 'start': 50, 'end': 499, 'lr': 0.001, 'loss': {'energy_per_atom': {'weight': 100}, 'forces': {'weight': 1000}, 'dipole': {'weight': 10}, 'fourier_density': {'weight': 10}}, 'fixed_point_training_options': FixedPointTrainingOptions(mode='unroll_scf', scf=FixedPointSCFOptions(num_scf_steps=25, scf_tolerance=1e-06, mixing_parameter=0.5, constant_charge=True, use_autograd_forces=True, initial_density='local_guess', initial_fermi_level='zero'), linear_solve='inverse', fixedpoint_scf_stability=False)}, {'name': 'stage3', 'start': 500, 'end': 550, 'lr': 0.001, 'loss': {'energy_per_atom': {'weight': 100}, 'forces': {'weight': 1000}, 'dipole': {'weight': 10}, 'fourier_density': {'weight': 10}}, 'fixed_point_training_options': FixedPointTrainingOptions(mode='unroll_scf', scf=FixedPointSCFOptions(num_scf_steps=50, scf_tolerance=1e-06, mixing_parameter=0.5, constant_charge=True, use_autograd_forces=True, initial_density='local_guess', initial_fermi_level='zero'), linear_solve='inverse', fixedpoint_scf_stability=False)}], fixedpoint_update_config={'type': <class 'mace_scf.electrostatics.coupled.CoupledResponse'>, 'potential_widths': []}, field_readout_config={'type': <class 'mace_scf.electrostatics.field_blocks.StrictQuadraticFieldEnergyReadout'>}, field_block_weight_decay=0.01, local_charges_weight_decay=0.0, field_feature_norms='None', fermi_level_offset=None, field_norm_factor=1.0, oxidation_state_range='(-6.0, 6.0)', polarizable_charges=False, beta_two=0.999, log_on_test_sets=False, scf_convergence_summary=False, use_linear_final_readout=False, include_field_si=False, use_linear_local_charges=False, atom_density_scaling='None', allow_low_density_pbc=False, override_pbc_checks=False, low_density_pbc_max_volume_per_atom=100.0, wandb_watch='off', wandb_watch_log_freq=50, debug_log_grad_summary=False, fixedpoint_initial_charge_head_scale=0.01, heads={'default': {'arrays_keys': {'forces': 'vasp_forces'}, 'info_keys': {'dipole': 'vasp_dipole', 'dipole_correction_zfrac': 'dipole_correction_zfrac', 'dipole_weight': 'config_dipole_weight', 'energy': 'vasp_free_energy', 'fourier_density': 'vasp_rho_fftn_shifted_1.5', 'total_charge': 'total_charge', 'stress': 'none', 'head': 'head'}}}, error_table='ElectrostaticRMSE', compute_polarizability=True, restart_latest=False, model='FixedPoint', optimizer='adamw', qeq_charges='autograd', train_hardness=False, read_enegs=False, read_hardness=False, enegs_key=None, default_hardness=2.0)
2026-10-07 09:44:44.371 INFO: Using the key specifications to parse data:
2026-10-07 09:44:44.371 INFO: KeySpecification(info_keys={'dipole': 'vasp_dipole', 'dipole_correction_zfrac': 'dipole_correction_zfrac', 'dipole_weight': 'config_dipole_weight', 'energy': 'vasp_free_energy', 'fourier_density': 'vasp_rho_fftn_shifted_1.5', 'total_charge': 'total_charge', 'stress': 'none', 'head': 'head'}, arrays_keys={'forces': 'vasp_forces'})
2026-10-07 09:45:42.042 INFO: Training set 1/1 [dipole components: 1125, dipole_correction_zfrac: 1125, dipole_weight: 1125, energy: 1125, fourier_density: 1125, total_charge: 1125, stress: 0, head: 1125, forces: 1125]
2026-10-07 09:45:42.045 INFO: Total Training set [dipole components: 1125, dipole_correction_zfrac: 1125, dipole_weight: 1125, energy: 1125, fourier_density: 1125, total_charge: 1125, stress: 0, head: 1125, forces: 1125]
2026-10-07 09:45:46.077 INFO: Validation set 1/1 [dipole components: 279, dipole_correction_zfrac: 279, dipole_weight: 279, energy: 279, fourier_density: 279, total_charge: 279, stress: 0, head: 279, forces: 279]
2026-10-07 09:45:46.077 INFO: Total Validation set [dipole components: 279, dipole_correction_zfrac: 279, dipole_weight: 279, energy: 279, fourier_density: 279, total_charge: 279, stress: 0, head: 279, forces: 279]
2026-10-07 09:45:46.077 INFO: Total number of configurations: train=1125, valid=279, tests=[]
2026-10-07 09:45:46.110 INFO: AtomicNumberTable: (1, 6, 8, 25, 45)
2026-10-07 09:45:46.110 INFO: Isolated Atomic Energies (E0s) not in training file, using command line argument
2026-10-07 09:45:59.779 INFO: Atomic energies: [-1.12217525, -2.37145689, -3.21812464, -11.61962124, -18.69127246]
2026-10-07 09:46:00.800 INFO: Average number of neighbors: 60.433082840988284
2026-10-07 09:46:00.810 INFO: No observed Fermi levels; using the zero electronic gauge reference
2026-10-07 09:46:00.810 INFO: using Fermi level offset 0.0
2026-10-07 09:46:00.810 INFO: using normalization for field features None
2026-10-07 09:46:00.810 INFO: using atom density scaling factors [1. 1. 1. 1. 1.]
2026-10-07 09:46:00.810 INFO: Building model
2026-10-07 09:46:00.810 INFO: Hidden irreps: 64x0e + 64x1o
2026-10-07 09:46:02.362 INFO: Rescaled initial FixedPoint charge heads by 0.01 to keep initial charge predictions small
2026-10-07 09:46:02.468 INFO: Foundation: exact module adoption, 83 species retained, native neighbour normalization preserved
2026-10-07 09:46:08.303 INFO: Training-only foundation force scale: 0; local F RMSE 147.968 -> 0.624374 eV/A; folded into readout weights
2026-10-07 09:46:08.304 INFO: Fixed training-geometry readout units by layer/irrep: [[1.067974343930011, 1.0002181064565046], [446.7486582651164, 306.2014995399976]]; initial energy function preserved by inverse weight transformation
2026-10-07 09:46:10.337 INFO: Electronic response CoupledResponse: 4 coarse + 0 regular coefficients per atom; deployment uses 50 steps
2026-10-07 09:46:12.186 INFO: SCF CUDA linear algebra: cuSOLVER/cuBLAS selected (process-wide); exact cached matrix-solve derivatives; torch=2.9.1+cu128 CUDA=12.8
2026-10-07 09:46:14.743 INFO: Coupled total-field response: screened moment seed, 0 local potential channels, Gaussian receiver widths [1.5, 0.0, 3.0]
2026-10-07 09:46:23.900 INFO: Training-only total-energy reference: 4.81913 -> 0.0383672 eV/atom on 64 graphs
2026-10-07 09:46:26.665 INFO: CuEquivariance ACTIVE: 2 interaction/product layers, O3_e3nn, ir_mul, fused CUDA convolution=True; electronic response/readouts retain their original coordinates
2026-10-07 09:46:26.679 INFO: No external LR schedule: the learning rate follows the explicit training stages.
2026-10-07 09:46:26.680 INFO: restart_latest is False; starting from initialized model and optimizer.
2026-10-07 09:46:26.680 INFO: FixedPointCore(
  (node_embedding): LinearNodeEmbeddingBlock(
    (linear): Linear(83x0e -> 512x0e | 42496 weights)
  )
  (radial_embedding): RadialEmbeddingBlock(
    (bessel_fn): BesselBasis(r_max=6.0, num_basis=8, trainable=False)
    (cutoff_fn): PolynomialCutoff(p=5, r_max=6.0)
  )
  (spherical_harmonics): SphericalHarmonics()
  (atomic_energies_fn): AtomicEnergiesBlock(energies=[[-4.0355, -8.8632, -9.3683, -14.5604, -23.7594]])
  (interactions): ModuleList(
    (0): RealAgnosticResidualNonLinearInteractionBlock(
      (source_embedding): Linear(
        shared_weights=True, internal_weights=True, weight_numel=42496
        (transpose_in): TransposeIrrepsLayout((irrep,mul) -> (irrep,mul))
        (transpose_out): TransposeIrrepsLayout((irrep,mul) -> (irrep,mul))
        (f): ╭ a=[42496:1⨯(83,512)] b=[83:1⨯(1,83)] -> C=[512:1⨯(1,512)]
        ╰─ []·a[uv]·b[iu]➜C[iv] ─ num_paths=1 i=1 u=83 v=512
        SegmentedPolynomial(
          (m): SegmentedPolynomialNaive(
            (graphs): ModuleList(
              (0): uv,iu,iv operands=[(83, 512)],[(1, 83)],[(1, 512)] paths=[op0[0]*op1[0]*op2[0]*0.11]
            )
          )
          (fallback): SegmentedPolynomialNaive(
            (graphs): ModuleList(
              (0): uv,iu,iv operands=[(83, 512)],[(1, 83)],[(1, 512)] paths=[op0[0]*op1[0]*op2[0]*0.11]
            )
          )
        )
      )
      (target_embedding): Linear(
        shared_weights=True, internal_weights=True, weight_numel=42496
        (transpose_in): TransposeIrrepsLayout((irrep,mul) -> (irrep,mul))
        (transpose_out): TransposeIrrepsLayout((irrep,mul) -> (irrep,mul))
        (f): ╭ a=[42496:1⨯(83,512)] b=[83:1⨯(1,83)] -> C=[512:1⨯(1,512)]
        ╰─ []·a[uv]·b[iu]➜C[iv] ─ num_paths=1 i=1 u=83 v=512
        SegmentedPolynomial(
          (m): SegmentedPolynomialNaive(
            (graphs): ModuleList(
              (0): uv,iu,iv operands=[(83, 512)],[(1, 83)],[(1, 512)] paths=[op0[0]*op1[0]*op2[0]*0.11]
            )
          )
          (fallback): SegmentedPolynomialNaive(
            (graphs): ModuleList(
              (0): uv,iu,iv operands=[(83, 512)],[(1, 83)],[(1, 512)] paths=[op0[0]*op1[0]*op2[0]*0.11]
            )
          )
        )
      )
      (linear_up): Linear(
        shared_weights=True, internal_weights=True, weight_numel=262144
        (transpose_in): TransposeIrrepsLayout((irrep,mul) -> (irrep,mul))
        (transpose_out): TransposeIrrepsLayout((irrep,mul) -> (irrep,mul))
        (f): ╭ a=[262144:1⨯(512,512)] b=[512:1⨯(1,512)] -> C=[512:1⨯(1,512)]
        ╰─ []·a[uv]·b[iu]➜C[iv] ─ num_paths=1 i=1 u=512 v=512
        SegmentedPolynomial(
          (m): SegmentedPolynomialNaive(
            (graphs): ModuleList(
              (0): uv,iu,iv operands=[(512, 512)],[(1, 512)],[(1, 512)] paths=[op0[0]*op1[0]*op2[0]*0.04]
            )
          )
          (fallback): SegmentedPolynomialNaive(
            (graphs): ModuleList(
              (0): uv,iu,iv operands=[(512, 512)],[(1, 512)],[(1, 512)] paths=[op0[0]*op1[0]*op2[0]*0.04]
            )
          )
        )
      )
      (conv_tp): FusedConvolution(
        (fused): ╭ a=[2048:4⨯(512)] b=[512:1⨯(512)] c=[16:16⨯()] -> D=[8192:16⨯(512)]
        ╰─ []·a[u]·b[u]·c[]➜D[u] ─ num_paths=16 u=512
        SegmentedPolynomial(
          (m): SegmentedPolynomialFromUniform1dJit()
          (fallback): SegmentedPolynomialFromUniform1dJit()
        )
        (unfused): ChannelWiseTensorProduct(
          shared_weights=False, internal_weights=False, weight_numel=2048
          (transpose_in1): TransposeIrrepsLayout((irrep,mul) -> (irrep,mul))
          (transpose_in2): TransposeIrrepsLayout((irrep,mul) -> (irrep,mul))
          (transpose_out): TransposeIrrepsLayout((irrep,mul) -> (irrep,mul))
          (f): ╭ a=[2048:4⨯(512,1)] b=[512:1⨯(1,512)] c=[16:(1,1)+(3,1)+(5,1)+...] -> D=[8192:(1,512,1)+(3,512,1)+...]
          ╰─ [ijk]·a[uv]·b[iu]·c[jv]➜D[kuv] ─ num_paths=4 i=1 j={1, 3, 5, 7} k={1, 3, 5, 7} u=512 v=1
          SegmentedPolynomial(
            (m): SegmentedPolynomialFromUniform1dJit()
            (fallback): SegmentedPolynomialFromUniform1dJit()
          )
        )
      )
      (conv_tp_weights): RadialMLP(
        (net): Sequential(
          (0): Linear(in_features=1032, out_features=64, bias=True)
          (1): LayerNorm((64,), eps=1e-05, elementwise_affine=True)
          (2): SiLU()
          (3): Linear(in_features=64, out_features=64, bias=True)
          (4): LayerNorm((64,), eps=1e-05, elementwise_affine=True)
          (5): SiLU()
          (6): Linear(in_features=64, out_features=64, bias=True)
          (7): LayerNorm((64,), eps=1e-05, elementwise_affine=True)
          (8): SiLU()
          (9): Linear(in_features=64, out_features=2048, bias=True)
        )
      )
      (skip_tp): Linear(
        shared_weights=True, internal_weights=True, weight_numel=262144
        (transpose_in): TransposeIrrepsLayout((irrep,mul) -> (irrep,mul))
        (transpose_out): TransposeIrrepsLayout((irrep,mul) -> (irrep,mul))
        (f): ╭ a=[262144:1⨯(512,512)] b=[512:1⨯(1,512)] -> C=[2048:(1,512)+(3,512)]
        ╰─ []·a[uv]·b[iu]➜C[iv] ─ num_paths=1 i={1, 3} u=512 v=512
        SegmentedPolynomial(
          (m): SegmentedPolynomialNaive(
            (graphs): ModuleList(
              (0): uv,iu,iv sizes=262144,512,2048 num_segments=1,1,2 num_paths=1 i={1, 3} u=512 v=512
            )
          )
          (fallback): SegmentedPolynomialNaive(
            (graphs): ModuleList(
              (0): uv,iu,iv sizes=262144,512,2048 num_segments=1,1,2 num_paths=1 i={1, 3} u=512 v=512
            )
          )
        )
      )
      (reshape): reshape_irreps()
      (equivariant_nonlin): GatedEquivariantBlock (2048x0e+512x1o+512x2e+512x3o -> 512x0e+512x1o+512x2e+512x3o | ir_mul)
      (linear_res): Linear(
        shared_weights=True, internal_weights=True, weight_numel=1048576
        (transpose_in): TransposeIrrepsLayout((irrep,mul) -> (irrep,mul))
        (transpose_out): TransposeIrrepsLayout((irrep,mul) -> (irrep,mul))
        (f): ╭ a=[1048576:1⨯(512,2048)] b=[512:1⨯(1,512)] -> C=[9728:(1,2048)+(3,512)+...]
        ╰─ []·a[uv]·b[iu]➜C[iv] ─ num_paths=1 i={1, 3, 5, 7} u=512 v={512, 2048}
        SegmentedPolynomial(
          (m): SegmentedPolynomialNaive(
            (graphs): ModuleList(
              (0): uv,iu,iv sizes=1048576,512,9728 num_segments=1,1,4 num_paths=1 i={1, 3, 5, 7} u=512 v={512, 2048}
            )
          )
          (fallback): SegmentedPolynomialNaive(
            (graphs): ModuleList(
              (0): uv,iu,iv sizes=1048576,512,9728 num_segments=1,1,4 num_paths=1 i={1, 3, 5, 7} u=512 v={512, 2048}
            )
          )
        )
      )
      (linear_1): Linear(
        shared_weights=True, internal_weights=True, weight_numel=1835008
        (transpose_in): TransposeIrrepsLayout((irrep,mul) -> (irrep,mul))
        (transpose_out): TransposeIrrepsLayout((irrep,mul) -> (irrep,mul))
        (f): ╭ a=[1835008:(512,2048)+(512,512)+...] b=[8192:(1,512)+(3,512)+...] -> C=[9728:(1,2048)+(3,512)+...]
        ╰─ []·a[uv]·b[iu]➜C[iv] ─ num_paths=4 i={1, 3, 5, 7} u=512 v={512, 2048}
        SegmentedPolynomial(
          (m): SegmentedPolynomialNaive(
            (graphs): ModuleList(
              (0): uv,iu,iv sizes=1835008,8192,9728 num_segments=4,4,4 num_paths=4 i={1, 3, 5, 7} u=512 v={512, 2048}
            )
          )
          (fallback): SegmentedPolynomialNaive(
            (graphs): ModuleList(
              (0): uv,iu,iv sizes=1835008,8192,9728 num_segments=4,4,4 num_paths=4 i={1, 3, 5, 7} u=512 v={512, 2048}
            )
          )
        )
      )
      (linear_2): Linear(
        shared_weights=True, internal_weights=True, weight_numel=1048576
        (transpose_in): TransposeIrrepsLayout((irrep,mul) -> (irrep,mul))
        (transpose_out): TransposeIrrepsLayout((irrep,mul) -> (irrep,mul))
        (f): ╭ a=[1048576:4⨯(512,512)] b=[8192:(1,512)+(3,512)+...] -> C=[8192:(1,512)+(3,512)+...]
        ╰─ []·a[uv]·b[iu]➜C[iv] ─ num_paths=4 i={1, 3, 5, 7} u=512 v=512
        SegmentedPolynomial(
          (m): SegmentedPolynomialNaive(
            (graphs): ModuleList(
              (0): uv,iu,iv sizes=1048576,8192,8192 num_segments=4,4,4 num_paths=4 i={1, 3, 5, 7} u=512 v=512
            )
          )
          (fallback): SegmentedPolynomialNaive(
            (graphs): ModuleList(
              (0): uv,iu,iv sizes=1048576,8192,8192 num_segments=4,4,4 num_paths=4 i={1, 3, 5, 7} u=512 v=512
            )
          )
        )
      )
      (density_fn): RadialMLP(
        (net): Sequential(
          (0): Linear(in_features=1032, out_features=64, bias=True)
          (1): LayerNorm((64,), eps=1e-05, elementwise_affine=True)
          (2): SiLU()
          (3): Linear(in_features=64, out_features=1, bias=True)
        )
      )
    )
    (1): RealAgnosticResidualNonLinearInteractionBlock(
      (source_embedding): Linear(
        shared_weights=True, internal_weights=True, weight_numel=42496
        (transpose_in): TransposeIrrepsLayout((irrep,mul) -> (irrep,mul))
        (transpose_out): TransposeIrrepsLayout((irrep,mul) -> (irrep,mul))
        (f): ╭ a=[42496:1⨯(83,512)] b=[83:1⨯(1,83)] -> C=[512:1⨯(1,512)]
        ╰─ []·a[uv]·b[iu]➜C[iv] ─ num_paths=1 i=1 u=83 v=512
        SegmentedPolynomial(
          (m): SegmentedPolynomialNaive(
            (graphs): ModuleList(
              (0): uv,iu,iv operands=[(83, 512)],[(1, 83)],[(1, 512)] paths=[op0[0]*op1[0]*op2[0]*0.11]
            )
          )
          (fallback): SegmentedPolynomialNaive(
            (graphs): ModuleList(
              (0): uv,iu,iv operands=[(83, 512)],[(1, 83)],[(1, 512)] paths=[op0[0]*op1[0]*op2[0]*0.11]
            )
          )
        )
      )
      (target_embedding): Linear(
        shared_weights=True, internal_weights=True, weight_numel=42496
        (transpose_in): TransposeIrrepsLayout((irrep,mul) -> (irrep,mul))
        (transpose_out): TransposeIrrepsLayout((irrep,mul) -> (irrep,mul))
        (f): ╭ a=[42496:1⨯(83,512)] b=[83:1⨯(1,83)] -> C=[512:1⨯(1,512)]
        ╰─ []·a[uv]·b[iu]➜C[iv] ─ num_paths=1 i=1 u=83 v=512
        SegmentedPolynomial(
          (m): SegmentedPolynomialNaive(
            (graphs): ModuleList(
              (0): uv,iu,iv operands=[(83, 512)],[(1, 83)],[(1, 512)] paths=[op0[0]*op1[0]*op2[0]*0.11]
            )
          )
          (fallback): SegmentedPolynomialNaive(
            (graphs): ModuleList(
              (0): uv,iu,iv operands=[(83, 512)],[(1, 83)],[(1, 512)] paths=[op0[0]*op1[0]*op2[0]*0.11]
            )
          )
        )
      )
      (linear_up): Linear(
        shared_weights=True, internal_weights=True, weight_numel=131072
        (transpose_in): TransposeIrrepsLayout((irrep,mul) -> (irrep,mul))
        (transpose_out): TransposeIrrepsLayout((irrep,mul) -> (irrep,mul))
        (f): ╭ a=[131072:2⨯(512,128)] b=[2048:(1,512)+(3,512)] -> C=[512:(1,128)+(3,128)]
        ╰─ []·a[uv]·b[iu]➜C[iv] ─ num_paths=2 i={1, 3} u=512 v=128
        SegmentedPolynomial(
          (m): SegmentedPolynomialNaive(
            (graphs): ModuleList(
              (0): uv,iu,iv sizes=131072,2048,512 num_segments=2,2,2 num_paths=2 i={1, 3} u=512 v=128
            )
          )
          (fallback): SegmentedPolynomialNaive(
            (graphs): ModuleList(
              (0): uv,iu,iv sizes=131072,2048,512 num_segments=2,2,2 num_paths=2 i={1, 3} u=512 v=128
            )
          )
        )
      )
      (conv_tp): FusedConvolution(
        (fused): ╭ a=[1280:10⨯(128)] b=[512:4⨯(128)] c=[16:16⨯()] -> D=[5120:40⨯(128)]
        ╰─ []·a[u]·b[u]·c[]➜D[u] ─ num_paths=86 u=128
        SegmentedPolynomial(
          (m): SegmentedPolynomialFromUniform1dJit()
          (fallback): SegmentedPolynomialFromUniform1dJit()
        )
        (unfused): ChannelWiseTensorProduct(
          shared_weights=False, internal_weights=False, weight_numel=1280
          (transpose_in1): TransposeIrrepsLayout((irrep,mul) -> (irrep,mul))
          (transpose_in2): TransposeIrrepsLayout((irrep,mul) -> (irrep,mul))
          (transpose_out): TransposeIrrepsLayout((irrep,mul) -> (irrep,mul))
          (f): ╭ a=[1280:10⨯(128,1)] b=[512:(1,128)+(3,128)] c=[16:(1,1)+(3,1)+(5,1)+...] -> D=[5120:(1,128,1)+(1,128,1)+...]
          ╰─ [ijk]·a[uv]·b[iu]·c[jv]➜D[kuv] ─ num_paths=10 i={1, 3} j={1, 3, 5, 7} k={1, 3, 5, 7} u=128 v=1
          SegmentedPolynomial(
            (m): SegmentedPolynomialFromUniform1dJit()
            (fallback): SegmentedPolynomialFromUniform1dJit()
          )
        )
      )
      (conv_tp_weights): RadialMLP(
        (net): Sequential(
          (0): Linear(in_features=1032, out_features=64, bias=True)
          (1): LayerNorm((64,), eps=1e-05, elementwise_affine=True)
          (2): SiLU()
          (3): Linear(in_features=64, out_features=64, bias=True)
          (4): LayerNorm((64,), eps=1e-05, elementwise_affine=True)
          (5): SiLU()
          (6): Linear(in_features=64, out_features=64, bias=True)
          (7): LayerNorm((64,), eps=1e-05, elementwise_affine=True)
          (8): SiLU()
          (9): Linear(in_features=64, out_features=1280, bias=True)
        )
      )
      (skip_tp): Linear(
        shared_weights=True, internal_weights=True, weight_numel=524288
        (transpose_in): TransposeIrrepsLayout((irrep,mul) -> (irrep,mul))
        (transpose_out): TransposeIrrepsLayout((irrep,mul) -> (irrep,mul))
        (f): ╭ a=[524288:2⨯(512,512)] b=[2048:(1,512)+(3,512)] -> C=[2048:(1,512)+(3,512)]
        ╰─ []·a[uv]·b[iu]➜C[iv] ─ num_paths=2 i={1, 3} u=512 v=512
        SegmentedPolynomial(
          (m): SegmentedPolynomialNaive(
            (graphs): ModuleList(
              (0): uv,iu,iv sizes=524288,2048,2048 num_segments=2,2,2 num_paths=2 i={1, 3} u=512 v=512
            )
          )
          (fallback): SegmentedPolynomialNaive(
            (graphs): ModuleList(
              (0): uv,iu,iv sizes=524288,2048,2048 num_segments=2,2,2 num_paths=2 i={1, 3} u=512 v=512
            )
          )
        )
      )
      (reshape): reshape_irreps()
      (equivariant_nonlin): GatedEquivariantBlock (2048x0e+512x1o+512x2e+512x3o -> 512x0e+512x1o+512x2e+512x3o | ir_mul)
      (linear_res): Linear(
        shared_weights=True, internal_weights=True, weight_numel=327680
        (transpose_in): TransposeIrrepsLayout((irrep,mul) -> (irrep,mul))
        (transpose_out): TransposeIrrepsLayout((irrep,mul) -> (irrep,mul))
        (f): ╭ a=[327680:(128,2048)+(128,512)] b=[512:(1,128)+(3,128)] -> C=[9728:(1,2048)+(3,512)+...]
        ╰─ []·a[uv]·b[iu]➜C[iv] ─ num_paths=2 i={1, 3, 5, 7} u=128 v={512, 2048}
        SegmentedPolynomial(
          (m): SegmentedPolynomialNaive(
            (graphs): ModuleList(
              (0): uv,iu,iv sizes=327680,512,9728 num_segments=2,2,4 num_paths=2 i={1, 3, 5, 7} u=128 v={512, 2048}
            )
          )
          (fallback): SegmentedPolynomialNaive(
            (graphs): ModuleList(
              (0): uv,iu,iv sizes=327680,512,9728 num_segments=2,2,4 num_paths=2 i={1, 3, 5, 7} u=128 v={512, 2048}
            )
          )
        )
      )
      (linear_1): Linear(
        shared_weights=True, internal_weights=True, weight_numel=1048576
        (transpose_in): TransposeIrrepsLayout((irrep,mul) -> (irrep,mul))
        (transpose_out): TransposeIrrepsLayout((irrep,mul) -> (irrep,mul))
        (f): ╭ a=[1048576:(128,2048)+...] b=[5120:(1,128)+(1,128)+...] -> C=[9728:(1,2048)+(3,512)+...]
        ╰─ []·a[uv]·b[iu]➜C[iv] ─ num_paths=10 i={1, 3, 5, 7} u=128 v={512, 2048}
        SegmentedPolynomial(
          (m): SegmentedPolynomialNaive(
            (graphs): ModuleList(
              (0): uv,iu,iv sizes=1048576,5120,9728 num_segments=10,10,4 num_paths=10 i={1, 3, 5, 7} u=128 v={512, 2048}
            )
          )
          (fallback): SegmentedPolynomialNaive(
            (graphs): ModuleList(
              (0): uv,iu,iv sizes=1048576,5120,9728 num_segments=10,10,4 num_paths=10 i={1, 3, 5, 7} u=128 v={512, 2048}
            )
          )
        )
      )
      (linear_2): Linear(
        shared_weights=True, internal_weights=True, weight_numel=1048576
        (transpose_in): TransposeIrrepsLayout((irrep,mul) -> (irrep,mul))
        (transpose_out): TransposeIrrepsLayout((irrep,mul) -> (irrep,mul))
        (f): ╭ a=[1048576:4⨯(512,512)] b=[8192:(1,512)+(3,512)+...] -> C=[8192:(1,512)+(3,512)+...]
        ╰─ []·a[uv]·b[iu]➜C[iv] ─ num_paths=4 i={1, 3, 5, 7} u=512 v=512
        SegmentedPolynomial(
          (m): SegmentedPolynomialNaive(
            (graphs): ModuleList(
              (0): uv,iu,iv sizes=1048576,8192,8192 num_segments=4,4,4 num_paths=4 i={1, 3, 5, 7} u=512 v=512
            )
          )
          (fallback): SegmentedPolynomialNaive(
            (graphs): ModuleList(
              (0): uv,iu,iv sizes=1048576,8192,8192 num_segments=4,4,4 num_paths=4 i={1, 3, 5, 7} u=512 v=512
            )
          )
        )
      )
      (density_fn): RadialMLP(
        (net): Sequential(
          (0): Linear(in_features=1032, out_features=64, bias=True)
          (1): LayerNorm((64,), eps=1e-05, elementwise_affine=True)
          (2): SiLU()
          (3): Linear(in_features=64, out_features=1, bias=True)
        )
      )
    )
  )
  (products): ModuleList(
    (0-1): 2 x EquivariantProductBasisBlock(
      (symmetric_contractions): SymmetricContraction(
        contraction_degree=3, weight_shape=(86, 512)
        (transpose_in): TransposeIrrepsLayout((irrep,mul) -> (irrep,mul))
        (transpose_out): TransposeIrrepsLayout((irrep,mul) -> (irrep,mul))
        (f): ╭ a=[14848:29⨯(512)] b=[8192:16⨯(512)] -> C=[2048:4⨯(512)]
        │  []·a[u]·b[u]➜C[u] ─────────── num_paths=4 u=512
        │  []·a[u]·b[u]·b[u]➜C[u] ────── num_paths=86 u=512
        ╰─ []·a[u]·b[u]·b[u]·b[u]➜C[u] ─ num_paths=1949 u=512
        SegmentedPolynomial(
          (m): SegmentedPolynomialFromUniform1dJit()
          (fallback): SegmentedPolynomialFromUniform1dJit()
        )
      )
      (linear): Linear(
        shared_weights=True, internal_weights=True, weight_numel=524288
        (transpose_in): TransposeIrrepsLayout((irrep,mul) -> (irrep,mul))
        (transpose_out): TransposeIrrepsLayout((irrep,mul) -> (irrep,mul))
        (f): ╭ a=[524288:2⨯(512,512)] b=[2048:(1,512)+(3,512)] -> C=[2048:(1,512)+(3,512)]
        ╰─ []·a[uv]·b[iu]➜C[iv] ─ num_paths=2 i={1, 3} u=512 v=512
        SegmentedPolynomial(
          (m): SegmentedPolynomialNaive(
            (graphs): ModuleList(
              (0): uv,iu,iv sizes=524288,2048,2048 num_segments=2,2,2 num_paths=2 i={1, 3} u=512 v=512
            )
          )
          (fallback): SegmentedPolynomialNaive(
            (graphs): ModuleList(
              (0): uv,iu,iv sizes=524288,2048,2048 num_segments=2,2,2 num_paths=2 i={1, 3} u=512 v=512
            )
          )
        )
      )
    )
  )
  (readouts): ModuleList(
    (0): LinearReadoutBlock(
      (linear): Linear(512x0e+512x1o -> 1x0e | 512 weights)
    )
    (1): NonLinearBiasReadoutBlock(
      (linear_1): Linear(512x0e+512x1o -> 16x0e | 8192 weights)
      (non_linearity): Activation [x] (16x0e -> 16x0e)
      (linear_mid): Linear(16x0e -> 16x0e | 256 weights)
      (linear_2): Linear(16x0e -> 1x0e | 16 weights)
    )
  )
  (electric_potential_descriptor): GTOElectrostaticFeatures(
    (density_basis): GTOBasis(
      (radial_spline): RadialIntegralDirect()
      (spherical_harmonics): SphericalHarmonics()
    )
    (feature_basis): GTOBasis(
      (radial_spline): RadialIntegralDirect()
      (spherical_harmonics): SphericalHarmonics()
    )
    (self_interaction_terms): GTOSelfInteractionBlock()
    (realspace_features): RealSpaceFiniteDifferenceElectrostaticFeatures(
      (self_interaction): GTOSelfInteractionBlock()
    )
    (non_periodic_correction_terms): NonPeriodicFeatureCorrections(
      (self_field): CorrectivePotentialBlock()
      (displaced_interactions): GTOInternalFieldtoFeaturesBlock()
    )
  )
  (lr_source_maps): ModuleList(
    (0-1): 2 x GeneralNonLinearBiasReadoutBlock(
      (equivariant_nonlin): Gate (64x0e -> 64x0e)
      (linear_1): Linear(512x0e+512x1o -> 64x0e | 32768 weights)
      (linear_mid): Linear(64x0e -> 64x0e | 4096 weights)
      (linear_2): Linear(64x0e -> 1x0e+1x1o | 64 weights)
    )
  )
  (field_dependent_charges_map): CoupledResponse(
    (chemical_scalar): Linear(in_features=512, out_features=64, bias=True)
    (chemical_vector): Linear(in_features=512, out_features=16, bias=False)
    (shared): Sequential(
      (0): Linear(in_features=96, out_features=64, bias=True)
      (1): SiLU()
      (2): Linear(in_features=64, out_features=64, bias=True)
      (3): SiLU()
    )
    (vector_out): Linear(in_features=64, out_features=32, bias=True)
    (scalar_out): Linear(in_features=64, out_features=2, bias=True)
    (dipole_hardness): Linear(in_features=64, out_features=1, bias=True)
    (state_scalar): Linear(in_features=3, out_features=64, bias=False)
    (state_vector): Linear(in_features=3, out_features=16, bias=False)
    (neighbor_scalar): Linear(in_features=3, out_features=64, bias=False)
    (neighbor_vector): Linear(in_features=3, out_features=16, bias=False)
    (neighbor_divergence): Linear(in_features=3, out_features=64, bias=False)
    (neighbor_gradient): Linear(in_features=3, out_features=16, bias=False)
    (local_source_scalar): EmptyProjection()
    (local_source_vector): EmptyProjection()
  )
  (local_electron_energy): Identity()
  (external_field_contribution): DisplacedGTOExternalFieldBlock()
  (external_field_contribution_internal): GTOInternalFieldtoFeaturesBlock()
  (coulomb_energy): GTOElectrostaticEnergy(
    (density_basis): GTOBasis(
      (radial_spline): RadialIntegralDirect()
      (spherical_harmonics): SphericalHarmonics()
    )
    (self_interaction_terms): GTOSelfInteractionBlock()
    (realspace_energy): RealSpaceFiniteDiffereneEnergy(
      (self_interaction): GTOSelfInteractionBlock()
    )
    (monopole_dipole_correction): MonopoleDipoleCorrectionBlock()
  )
  (layer_feature_mixer): MultiLayerFeatureMixer(
    (linears): ModuleList(
      (0-1): 2 x Linear(512x0e+512x1o -> 512x0e+512x1o | 524288 weights)
    )
  )
)
2026-10-07 09:46:26.685 INFO: Number of parameters: 10570143
2026-10-07 09:46:26.685 INFO: Optimizer: AdamW (
Parameter Group 0
    amsgrad: False
    betas: (0.9, 0.999)
    capturable: False
    decoupled_weight_decay: True
    differentiable: False
    eps: 1e-08
    foreach: None
    fused: None
    lr: 0.001
    maximize: False
    name: embedding
    weight_decay: 0.0

Parameter Group 1
    amsgrad: False
    betas: (0.9, 0.999)
    capturable: False
    decoupled_weight_decay: True
    differentiable: False
    eps: 1e-08
    foreach: None
    fused: None
    lr: 0.001
    maximize: False
    name: interactions_no_decay
    weight_decay: 0.0

Parameter Group 2
    amsgrad: False
    betas: (0.9, 0.999)
    capturable: False
    decoupled_weight_decay: True
    differentiable: False
    eps: 1e-08
    foreach: None
    fused: None
    lr: 0.001
    maximize: False
    name: products
    weight_decay: 0.001

Parameter Group 3
    amsgrad: False
    betas: (0.9, 0.999)
    capturable: False
    decoupled_weight_decay: True
    differentiable: False
    eps: 1e-08
    foreach: None
    fused: None
    lr: 0.001
    maximize: False
    name: readouts
    weight_decay: 0.0

Parameter Group 4
    amsgrad: False
    betas: (0.9, 0.999)
    capturable: False
    decoupled_weight_decay: True
    differentiable: False
    eps: 1e-08
    foreach: None
    fused: None
    lr: 0.001
    maximize: False
    name: lr_source_maps
    weight_decay: 0.0

Parameter Group 5
    amsgrad: False
    betas: (0.9, 0.999)
    capturable: False
    decoupled_weight_decay: True
    differentiable: False
    eps: 1e-08
    foreach: None
    fused: None
    lr: 0.001
    maximize: False
    name: field_dependent_charges_map
    weight_decay: 0.01

Parameter Group 6
    amsgrad: False
    betas: (0.9, 0.999)
    capturable: False
    decoupled_weight_decay: True
    differentiable: False
    eps: 1e-08
    foreach: None
    fused: None
    lr: 0.001
    maximize: False
    name: electronic_references
    weight_decay: 0.0

Parameter Group 7
    amsgrad: False
    betas: (0.9, 0.999)
    capturable: False
    decoupled_weight_decay: True
    differentiable: False
    eps: 1e-08
    foreach: None
    fused: None
    lr: 0.001
    maximize: False
    name: layer_feature_mixer
    weight_decay: 0.001
)
2026-10-07 09:46:26.685 INFO: Foundation feature extractor frozen=True; energy/electronic readouts remain trainable
2026-10-07 09:46:26.685 INFO: WeightedLoss(energy_per_atom_weight=100, forces_weight=500, dipole_weight=10, fourier_density_weight=10, fourier_density options: reference=density, )
2026-10-07 09:46:26.685 INFO: FixedPointWrapper: mode=unroll_scf, scf_options=FixedPointSCFOptions(num_scf_steps=12, scf_tolerance=1e-06, mixing_parameter=0.5, constant_charge=True, use_autograd_forces=True, initial_density='local_guess', initial_fermi_level='zero'), linear_solve=inverse, fixedpoint_scf_stability=False
2026-10-07 09:46:26.685 INFO: Setting global learning rate to 0.001
2026-10-07 09:46:26.695 INFO: Runtime inventory {"parameters": 10570143, "parameter_MiB": 80.64379119873047, "optimizer_MiB": 0.0, "batch_size": 16, "layout": "ir_mul", "blocks": {"node_embedding": 42496, "radial_embedding": 0, "spherical_harmonics": 0, "atomic_energies_fn": 0, "interactions": 8205190, "products": 1136640, "readouts": 8993, "electric_potential_descriptor": 0, "lr_source_maps": 73856, "field_dependent_charges_map": 54392, "local_electron_energy": 0, "external_field_contribution": 0, "external_field_contribution_internal": 0, "coulomb_energy": 0, "layer_feature_mixer": 1048576}, "optimizer_groups": [{"name": "embedding", "lr": 0.001, "weight_decay": 0.0, "parameters": 42496}, {"name": "interactions_no_decay", "lr": 0.001, "weight_decay": 0.0, "parameters": 8205190}, {"name": "products", "lr": 0.001, "weight_decay": 0.001, "parameters": 1136640}, {"name": "readouts", "lr": 0.001, "weight_decay": 0.0, "parameters": 8993}, {"name": "lr_source_maps", "lr": 0.001, "weight_decay": 0.0, "parameters": 73856}, {"name": "field_dependent_charges_map", "lr": 0.001, "weight_decay": 0.01, "parameters": 54160}, {"name": "electronic_references", "lr": 0.001, "weight_decay": 0.0, "parameters": 232}, {"name": "layer_feature_mixer", "lr": 0.001, "weight_decay": 0.001, "parameters": 1048576}], "gpu": "NVIDIA H100 NVL", "device_MiB": 95319.4375}
2026-10-07 09:46:26.714 INFO: CoupledResponse mode=unroll_scf: 12 training steps; 50 validation/deployment steps
2026-10-07 09:49:00.976 INFO: Full validation audit {"graphs": 279, "index_convention": "validation loader order, zero based", "force_rmse_by_element_column_eV_A": {"0": 0.659794263059569, "1": 1.46888580633565, "2": 0.6469906929975613, "3": 0.5919957946016821, "4": 0.37077637069504965}, "largest_force_errors": [{"index": 248, "atoms": 175, "composition": [8, 7, 58, 54, 48], "charge": -0.0, "force_rmse": 1.4249660115034144}, {"index": 191, "atoms": 336, "composition": [1, 12, 160, 150, 13], "charge": -0.0, "force_rmse": 1.143200122935626}, {"index": 224, "atoms": 174, "composition": [2, 9, 61, 54, 48], "charge": -0.0, "force_rmse": 1.1380943766220195}, {"index": 152, "atoms": 342, "composition": [17, 13, 149, 150, 13], "charge": -0.0, "force_rmse": 1.1205310303597873}, {"index": 227, "atoms": 171, "composition": [7, 7, 55, 54, 48], "charge": -0.0, "force_rmse": 1.1169134195969623}, {"index": 225, "atoms": 169, "composition": [3, 6, 58, 54, 48], "charge": -0.0, "force_rmse": 1.0902133737209414}, {"index": 250, "atoms": 179, "composition": [13, 8, 56, 54, 48], "charge": -0.0, "force_rmse": 1.0413102345639451}, {"index": 211, "atoms": 358, "composition": [0, 17, 178, 150, 13], "charge": -0.0, "force_rmse": 1.0279061694803986}], "atomic_numbers": [1, 6, 8, 25, 45]}
2026-10-07 09:49:00.999 INFO: Epoch 0: loss=183.996, RMSE_E_per_atom=59.3556 meV, RMSE_F=594.3248 meV/A, RMSE_MU_per_atom=2.9712 meA, RMSE_RHO=0.7056 me/A^3
2026-10-07 09:49:00.999 INFO: 50-step electronic residual maximum: 1.4834e-15
2026-10-07 09:49:01.005 INFO: Optimizer epoch 0: lr=[0.001, 0.001, 0.001, 0.001, 0.001, 0.001, 0.001, 0.001], mean gradient norm=93.378, clipped=70/70
2026-10-07 09:49:01.005 INFO: Epoch timing: train=125.661s, validation=28.648s, updates=70, train/update=1.79516s, peak allocated=59699.1 MiB, backbone=CuEq
2026-10-07 09:49:01.005 INFO: Batching: optimizer graphs=16, device graphs<=16; one clipping/Adam/EMA update per optimizer batch
2026-10-07 09:49:21.948 INFO: Electronic diagnostic {"train": {"graphs": 32, "charge_span": [-0.0, -0.0], "step_comparison": [[{"steps": 12, "WF_eV": -0.44702994534546564, "EF_eV": -0.055725179269453924, "residual": 3.400520441577612e-07}, {"steps": 50, "WF_eV": -0.4470313424939433, "EF_eV": -0.05572619000430399, "residual": 6.938893903907228e-18}, {"steps": 100, "WF_eV": -0.4470313424939435, "EF_eV": -0.055726190004303795, "residual": 6.938893903907228e-18}], [{"steps": 12, "WF_eV": -0.5041219099556821, "EF_eV": -0.03485857757152521, "residual": 2.317771762936488e-07}, {"steps": 50, "WF_eV": -0.5041236197829854, "EF_eV": -0.034859600327410076, "residual": 6.938893903907228e-18}, {"steps": 100, "WF_eV": -0.5041236197829848, "EF_eV": -0.0348596003274102, "residual": 3.469446951953614e-18}]], "dEF_dQ_and_dWF_dQ_eV_per_e": [[-0.6836549262772953, 0.19365681251737044], [-0.857831570081449, 0.19320088387737577]], "force_RMSE_by_atomic_number_eV_A": {"1": 0.7137962448716111, "8": 0.6691519778238564, "45": 0.3538366653019294, "6": 1.6813252775619993, "25": 0.5442158667675959}, "force_RMSE_eV_A": 0.6066974681761065, "charge_response_identifiability": "Single-charge data do not determine capacitance; slopes above are predictions, not validation."}, "validation": {"graphs": 16, "charge_span": [-0.0, -0.0], "step_comparison": [[{"steps": 12, "WF_eV": -0.445436206508326, "EF_eV": -0.04170219001230361, "residual": 1.7899148340360868e-07}, {"steps": 50, "WF_eV": -0.4454372289409342, "EF_eV": -0.04170275990581626, "residual": 3.577867169202165e-18}, {"steps": 100, "WF_eV": -0.4454372289409342, "EF_eV": -0.04170275990581611, "residual": 3.469446951953614e-18}], [{"steps": 12, "WF_eV": -0.48878471477293484, "EF_eV": -0.027610129755323596, "residual": 2.7934892693308455e-07}, {"steps": 50, "WF_eV": -0.4887863085299028, "EF_eV": -0.027610900767750645, "residual": 6.938893903907228e-18}, {"steps": 100, "WF_eV": -0.48878630852990335, "EF_eV": -0.027610900767750853, "residual": 6.938893903907228e-18}]], "dEF_dQ_and_dWF_dQ_eV_per_e": [[-0.8738188297387803, 0.1900056559642399], [-0.8718530883949684, 0.19379775576849612]], "force_RMSE_by_atomic_number_eV_A": {"6": 1.6845998271089113, "8": 0.6720965966479234, "45": 0.35993567828960293, "1": 0.6173284781928282, "25": 0.5494316344559649}, "force_RMSE_eV_A": 0.6092931413240283, "charge_response_identifiability": "Single-charge data do not determine capacitance; slopes above are predictions, not validation."}, "epoch": 0, "response_weight_norms": {"vector_out.weight": 0.263585211820394, "scalar_out.weight": 0.3381346811884953, "state_scalar.weight": 4.590234217166679, "state_vector.weight": 2.3821053992168197, "neighbor_scalar.weight": 0.1387635209241906, "neighbor_vector.weight": 0.0889449995603628}, "regularization": {"field_weight_decay": 0.01}, "scope": "Deterministic panels, not whole-dataset metrics. Validation is development data, never used for fitting or selecting the probe."}
2026-10-07 09:54:02.477 INFO: Full validation audit {"graphs": 279, "index_convention": "validation loader order, zero based", "force_rmse_by_element_column_eV_A": {"0": 0.580282151122968, "1": 1.0373408022352153, "2": 0.44167042624327635, "3": 0.4367004903010138, "4": 0.3012951981315474}, "largest_force_errors": [{"index": 248, "atoms": 175, "composition": [8, 7, 58, 54, 48], "charge": -0.0, "force_rmse": 1.3057875888269417}, {"index": 224, "atoms": 174, "composition": [2, 9, 61, 54, 48], "charge": -0.0, "force_rmse": 0.9310354857916966}, {"index": 227, "atoms": 171, "composition": [7, 7, 55, 54, 48], "charge": -0.0, "force_rmse": 0.885640984249902}, {"index": 225, "atoms": 169, "composition": [3, 6, 58, 54, 48], "charge": -0.0, "force_rmse": 0.8851039922916866}, {"index": 250, "atoms": 179, "composition": [13, 8, 56, 54, 48], "charge": -0.0, "force_rmse": 0.8759240617990914}, {"index": 237, "atoms": 174, "composition": [3, 10, 59, 54, 48], "charge": -0.0, "force_rmse": 0.8467907382202896}, {"index": 169, "atoms": 347, "composition": [12, 8, 164, 150, 13], "charge": -0.0, "force_rmse": 0.7649090515412963}, {"index": 152, "atoms": 342, "composition": [17, 13, 149, 150, 13], "charge": -0.0, "force_rmse": 0.7513075923335164}], "atomic_numbers": [1, 6, 8, 25, 45]}
2026-10-07 09:54:02.500 INFO: Epoch 5: loss=108.861, RMSE_E_per_atom=47.1655 meV, RMSE_F=434.9983 meV/A, RMSE_MU_per_atom=3.2415 meA, RMSE_RHO=1.0636 me/A^3
2026-10-07 09:54:02.501 INFO: 50-step electronic residual maximum: 0.001306
2026-10-07 09:54:02.508 INFO: Optimizer epoch 5: lr=[0.001, 0.001, 0.001, 0.001, 0.001, 0.001, 0.001, 0.001], mean gradient norm=220.46, clipped=70/70
2026-10-07 09:54:02.508 INFO: Epoch timing: train=50.020s, validation=28.920s, updates=70, train/update=0.71456s, peak allocated=58647.2 MiB, backbone=CuEq
2026-10-07 09:54:02.508 INFO: Batching: optimizer graphs=16, device graphs<=16; one clipping/Adam/EMA update per optimizer batch
2026-10-07 09:54:02.508 INFO: 50-step finite-budget validation residual 0.001306 exceeds equilibrium tolerance 1e-06; metrics describe the exported finite trajectory, not a converged root
2026-10-07 09:57:52.269 INFO: Full validation audit {"graphs": 279, "index_convention": "validation loader order, zero based", "force_rmse_by_element_column_eV_A": {"0": 0.48545050398106465, "1": 0.8884533109752729, "2": 0.3968907010962252, "3": 0.40042068942355813, "4": 0.2956972779564879}, "largest_force_errors": [{"index": 248, "atoms": 175, "composition": [8, 7, 58, 54, 48], "charge": -0.0, "force_rmse": 1.3176288802831093}, {"index": 250, "atoms": 179, "composition": [13, 8, 56, 54, 48], "charge": -0.0, "force_rmse": 0.9805187307841841}, {"index": 224, "atoms": 174, "composition": [2, 9, 61, 54, 48], "charge": -0.0, "force_rmse": 0.8699180009268994}, {"index": 225, "atoms": 169, "composition": [3, 6, 58, 54, 48], "charge": -0.0, "force_rmse": 0.8160240688662522}, {"index": 227, "atoms": 171, "composition": [7, 7, 55, 54, 48], "charge": -0.0, "force_rmse": 0.7317410712159049}, {"index": 237, "atoms": 174, "composition": [3, 10, 59, 54, 48], "charge": -0.0, "force_rmse": 0.720907007489097}, {"index": 152, "atoms": 342, "composition": [17, 13, 149, 150, 13], "charge": -0.0, "force_rmse": 0.690953746836063}, {"index": 169, "atoms": 347, "composition": [12, 8, 164, 150, 13], "charge": -0.0, "force_rmse": 0.6548496550733061}], "atomic_numbers": [1, 6, 8, 25, 45]}
2026-10-07 09:57:52.287 INFO: Epoch 9: loss=93.4173, RMSE_E_per_atom=42.8715 meV, RMSE_F=394.6679 meV/A, RMSE_MU_per_atom=3.2587 meA, RMSE_RHO=1.1295 me/A^3
2026-10-07 09:57:52.287 INFO: 50-step electronic residual maximum: 0.0024921
2026-10-07 09:57:52.292 INFO: Optimizer epoch 9: lr=[0.001, 0.001, 0.001, 0.001, 0.001, 0.001, 0.001, 0.001], mean gradient norm=398.22, clipped=70/70
2026-10-07 09:57:52.292 INFO: Epoch timing: train=49.876s, validation=28.749s, updates=70, train/update=0.71251s, peak allocated=58118.6 MiB, backbone=CuEq
2026-10-07 09:57:52.292 INFO: Batching: optimizer graphs=16, device graphs<=16; one clipping/Adam/EMA update per optimizer batch
2026-10-07 09:57:52.292 INFO: 50-step finite-budget validation residual 0.0024921 exceeds equilibrium tolerance 1e-06; metrics describe the exported finite trajectory, not a converged root
2026-10-07 09:57:52.768 INFO: Foundation feature extractor frozen=False; energy/electronic readouts remain trainable
2026-10-07 09:57:52.768 INFO: WeightedLoss(energy_per_atom_weight=100, forces_weight=1000, dipole_weight=10, fourier_density_weight=10, fourier_density options: reference=density, )
2026-10-07 09:57:52.768 INFO: FixedPointWrapper: mode=unroll_scf, scf_options=FixedPointSCFOptions(num_scf_steps=12, scf_tolerance=1e-06, mixing_parameter=0.5, constant_charge=True, use_autograd_forces=True, initial_density='local_guess', initial_fermi_level='zero'), linear_solve=inverse, fixedpoint_scf_stability=False
2026-10-07 09:57:52.768 INFO: Setting global learning rate to 0.001
2026-10-07 09:57:52.770 INFO: Runtime inventory {"parameters": 10570143, "parameter_MiB": 80.64379119873047, "optimizer_MiB": 18.094398498535156, "batch_size": 16, "layout": "ir_mul", "blocks": {"node_embedding": 42496, "radial_embedding": 0, "spherical_harmonics": 0, "atomic_energies_fn": 0, "interactions": 8205190, "products": 1136640, "readouts": 8993, "electric_potential_descriptor": 0, "lr_source_maps": 73856, "field_dependent_charges_map": 54392, "local_electron_energy": 0, "external_field_contribution": 0, "external_field_contribution_internal": 0, "coulomb_energy": 0, "layer_feature_mixer": 1048576}, "optimizer_groups": [{"name": "embedding", "lr": 0.001, "weight_decay": 0.0, "parameters": 42496}, {"name": "interactions_no_decay", "lr": 0.001, "weight_decay": 0.0, "parameters": 8205190}, {"name": "products", "lr": 0.001, "weight_decay": 0.001, "parameters": 1136640}, {"name": "readouts", "lr": 0.001, "weight_decay": 0.0, "parameters": 8993}, {"name": "lr_source_maps", "lr": 0.001, "weight_decay": 0.0, "parameters": 73856}, {"name": "field_dependent_charges_map", "lr": 0.001, "weight_decay": 0.01, "parameters": 54160}, {"name": "electronic_references", "lr": 0.001, "weight_decay": 0.0, "parameters": 232}, {"name": "layer_feature_mixer", "lr": 0.001, "weight_decay": 0.001, "parameters": 1048576}], "gpu": "NVIDIA H100 NVL", "device_MiB": 95319.4375}
2026-10-07 09:57:52.792 INFO: CoupledResponse mode=unroll_scf: 12 training steps; 50 validation/deployment steps
2026-10-07 10:01:00.012 INFO: Full validation audit {"graphs": 279, "index_convention": "validation loader order, zero based", "force_rmse_by_element_column_eV_A": {"0": 0.45573962195719825, "1": 0.8381308151917611, "2": 0.3833463596367313, "3": 0.3930773354682142, "4": 0.3364588777881202}, "largest_force_errors": [{"index": 248, "atoms": 175, "composition": [8, 7, 58, 54, 48], "charge": -0.0, "force_rmse": 1.2939523175803946}, {"index": 225, "atoms": 169, "composition": [3, 6, 58, 54, 48], "charge": -0.0, "force_rmse": 0.8682031988629716}, {"index": 250, "atoms": 179, "composition": [13, 8, 56, 54, 48], "charge": -0.0, "force_rmse": 0.7594232154973988}, {"index": 224, "atoms": 174, "composition": [2, 9, 61, 54, 48], "charge": -0.0, "force_rmse": 0.7458278046156126}, {"index": 227, "atoms": 171, "composition": [7, 7, 55, 54, 48], "charge": -0.0, "force_rmse": 0.7280665421356486}, {"index": 237, "atoms": 174, "composition": [3, 10, 59, 54, 48], "charge": -0.0, "force_rmse": 0.7026251113098559}, {"index": 145, "atoms": 346, "composition": [25, 5, 153, 150, 13], "charge": -0.0, "force_rmse": 0.6937332329537063}, {"index": 152, "atoms": 342, "composition": [17, 13, 149, 150, 13], "charge": -0.0, "force_rmse": 0.6508939945695167}], "atomic_numbers": [1, 6, 8, 25, 45]}
2026-10-07 10:01:00.029 INFO: Epoch 10: loss=176.712, RMSE_E_per_atom=63.6623 meV, RMSE_F=395.9520 meV/A, RMSE_MU_per_atom=3.9295 meA, RMSE_RHO=1.2716 me/A^3
2026-10-07 10:01:00.029 INFO: 50-step electronic residual maximum: 0.0090899
2026-10-07 10:01:00.034 INFO: Optimizer epoch 10: lr=[0.001, 0.001, 0.001, 0.001, 0.001, 0.001, 0.001, 0.001], mean gradient norm=3218.4, clipped=70/70
2026-10-07 10:01:00.034 INFO: Epoch timing: train=158.686s, validation=28.578s, updates=70, train/update=2.26694s, peak allocated=78907.8 MiB, backbone=CuEq
2026-10-07 10:01:00.034 INFO: Batching: optimizer graphs=16, device graphs<=16; one clipping/Adam/EMA update per optimizer batch
2026-10-07 10:01:00.034 INFO: 50-step finite-budget validation residual 0.0090899 exceeds equilibrium tolerance 1e-06; metrics describe the exported finite trajectory, not a converged root
2026-10-07 10:06:31.850 INFO: Full validation audit {"graphs": 279, "index_convention": "validation loader order, zero based", "force_rmse_by_element_column_eV_A": {"0": 0.28067267830776726, "1": 0.5705236434539475, "2": 0.25747383765215653, "3": 0.2408164209592707, "4": 0.2334270026610191}, "largest_force_errors": [{"index": 248, "atoms": 175, "composition": [8, 7, 58, 54, 48], "charge": -0.0, "force_rmse": 0.6848134505490634}, {"index": 278, "atoms": 176, "composition": [8, 8, 58, 54, 48], "charge": -0.0, "force_rmse": 0.6434912542032817}, {"index": 225, "atoms": 169, "composition": [3, 6, 58, 54, 48], "charge": -0.0, "force_rmse": 0.5846911237355072}, {"index": 250, "atoms": 179, "composition": [13, 8, 56, 54, 48], "charge": -0.0, "force_rmse": 0.5582474400523124}, {"index": 145, "atoms": 346, "composition": [25, 5, 153, 150, 13], "charge": -0.0, "force_rmse": 0.55365240995141}, {"index": 224, "atoms": 174, "composition": [2, 9, 61, 54, 48], "charge": -0.0, "force_rmse": 0.5197481555051313}, {"index": 227, "atoms": 171, "composition": [7, 7, 55, 54, 48], "charge": -0.0, "force_rmse": 0.4929640670911157}, {"index": 237, "atoms": 174, "composition": [3, 10, 59, 54, 48], "charge": -0.0, "force_rmse": 0.46149854802617035}], "atomic_numbers": [1, 6, 8, 25, 45]}
2026-10-07 10:06:31.872 INFO: Epoch 15: loss=87.5899, RMSE_E_per_atom=39.7731 meV, RMSE_F=261.8558 meV/A, RMSE_MU_per_atom=4.3258 meA, RMSE_RHO=1.2202 me/A^3
2026-10-07 10:06:31.872 INFO: 50-step electronic residual maximum: 0.0056768
2026-10-07 10:06:31.877 INFO: Optimizer epoch 15: lr=[0.001, 0.001, 0.001, 0.001, 0.001, 0.001, 0.001, 0.001], mean gradient norm=2794, clipped=70/70
2026-10-07 10:06:31.877 INFO: Epoch timing: train=60.378s, validation=28.813s, updates=70, train/update=0.86255s, peak allocated=78605.4 MiB, backbone=CuEq
2026-10-07 10:06:31.877 INFO: Batching: optimizer graphs=16, device graphs<=16; one clipping/Adam/EMA update per optimizer batch
2026-10-07 10:06:31.877 INFO: 50-step finite-budget validation residual 0.0056768 exceeds equilibrium tolerance 1e-06; metrics describe the exported finite trajectory, not a converged root
2026-10-07 10:12:04.225 INFO: Full validation audit {"graphs": 279, "index_convention": "validation loader order, zero based", "force_rmse_by_element_column_eV_A": {"0": 0.20320985071800507, "1": 0.46568694133425537, "2": 0.21236702144767258, "3": 0.1928990147965138, "4": 0.18394518229691112}, "largest_force_errors": [{"index": 278, "atoms": 176, "composition": [8, 8, 58, 54, 48], "charge": -0.0, "force_rmse": 0.5219796042201459}, {"index": 225, "atoms": 169, "composition": [3, 6, 58, 54, 48], "charge": -0.0, "force_rmse": 0.5057105763282891}, {"index": 250, "atoms": 179, "composition": [13, 8, 56, 54, 48], "charge": -0.0, "force_rmse": 0.4751709911828369}, {"index": 227, "atoms": 171, "composition": [7, 7, 55, 54, 48], "charge": -0.0, "force_rmse": 0.46837986645060187}, {"index": 224, "atoms": 174, "composition": [2, 9, 61, 54, 48], "charge": -0.0, "force_rmse": 0.460845451141656}, {"index": 145, "atoms": 346, "composition": [25, 5, 153, 150, 13], "charge": -0.0, "force_rmse": 0.4381607569303196}, {"index": 248, "atoms": 175, "composition": [8, 7, 58, 54, 48], "charge": -0.0, "force_rmse": 0.4057099506442874}, {"index": 237, "atoms": 174, "composition": [3, 10, 59, 54, 48], "charge": -0.0, "force_rmse": 0.3765246051065148}], "atomic_numbers": [1, 6, 8, 25, 45]}
2026-10-07 10:12:04.257 INFO: Epoch 20: loss=58.5802, RMSE_E_per_atom=34.1873 meV, RMSE_F=210.3159 meV/A, RMSE_MU_per_atom=3.3909 meA, RMSE_RHO=1.0873 me/A^3
2026-10-07 10:12:04.257 INFO: 50-step electronic residual maximum: 0.0019397
2026-10-07 10:12:04.265 INFO: Optimizer epoch 20: lr=[0.001, 0.001, 0.001, 0.001, 0.001, 0.001, 0.001, 0.001], mean gradient norm=46424, clipped=70/70
2026-10-07 10:12:04.265 INFO: Epoch timing: train=60.311s, validation=28.786s, updates=70, train/update=0.86159s, peak allocated=76293.4 MiB, backbone=CuEq
2026-10-07 10:12:04.265 INFO: Batching: optimizer graphs=16, device graphs<=16; one clipping/Adam/EMA update per optimizer batch
2026-10-07 10:12:04.265 INFO: 50-step finite-budget validation residual 0.0019397 exceeds equilibrium tolerance 1e-06; metrics describe the exported finite trajectory, not a converged root
2026-10-07 10:17:36.284 INFO: Full validation audit {"graphs": 279, "index_convention": "validation loader order, zero based", "force_rmse_by_element_column_eV_A": {"0": 0.17335617803920464, "1": 0.41457902071974156, "2": 0.1813971940742705, "3": 0.16149785405977402, "4": 0.16307107064621787}, "largest_force_errors": [{"index": 227, "atoms": 171, "composition": [7, 7, 55, 54, 48], "charge": -0.0, "force_rmse": 0.41168754548840963}, {"index": 250, "atoms": 179, "composition": [13, 8, 56, 54, 48], "charge": -0.0, "force_rmse": 0.39598348969323083}, {"index": 270, "atoms": 171, "composition": [9, 6, 54, 54, 48], "charge": -0.0, "force_rmse": 0.39574204874583857}, {"index": 145, "atoms": 346, "composition": [25, 5, 153, 150, 13], "charge": -0.0, "force_rmse": 0.35870639140132143}, {"index": 225, "atoms": 169, "composition": [3, 6, 58, 54, 48], "charge": -0.0, "force_rmse": 0.35740105949998074}, {"index": 240, "atoms": 167, "composition": [2, 6, 57, 54, 48], "charge": -0.0, "force_rmse": 0.3406985496937853}, {"index": 232, "atoms": 167, "composition": [3, 5, 57, 54, 48], "charge": -0.0, "force_rmse": 0.33832149508647297}, {"index": 224, "atoms": 174, "composition": [2, 9, 61, 54, 48], "charge": -0.0, "force_rmse": 0.3318142711411642}], "atomic_numbers": [1, 6, 8, 25, 45]}
2026-10-07 10:17:36.505 INFO: Epoch 25: loss=43.254, RMSE_E_per_atom=32.3202 meV, RMSE_F=182.0200 meV/A, RMSE_MU_per_atom=2.5715 meA, RMSE_RHO=0.9304 me/A^3
2026-10-07 10:17:36.505 INFO: 50-step electronic residual maximum: 0.0033083
2026-10-07 10:17:36.592 INFO: Optimizer epoch 25: lr=[0.001, 0.001, 0.001, 0.001, 0.001, 0.001, 0.001, 0.001], mean gradient norm=2702.3, clipped=70/70
2026-10-07 10:17:36.592 INFO: Epoch timing: train=60.205s, validation=29.072s, updates=70, train/update=0.86007s, peak allocated=77783.8 MiB, backbone=CuEq
2026-10-07 10:17:36.592 INFO: Batching: optimizer graphs=16, device graphs<=16; one clipping/Adam/EMA update per optimizer batch
2026-10-07 10:17:36.592 INFO: 50-step finite-budget validation residual 0.0033083 exceeds equilibrium tolerance 1e-06; metrics describe the exported finite trajectory, not a converged root
2026-10-07 10:23:07.955 INFO: Full validation audit {"graphs": 279, "index_convention": "validation loader order, zero based", "force_rmse_by_element_column_eV_A": {"0": 0.15652082660501662, "1": 0.36878526970769887, "2": 0.15931774524279033, "3": 0.14193062345933244, "4": 0.14835853952822536}, "largest_force_errors": [{"index": 270, "atoms": 171, "composition": [9, 6, 54, 54, 48], "charge": -0.0, "force_rmse": 0.49974576212094274}, {"index": 250, "atoms": 179, "composition": [13, 8, 56, 54, 48], "charge": -0.0, "force_rmse": 0.38507304269159937}, {"index": 145, "atoms": 346, "composition": [25, 5, 153, 150, 13], "charge": -0.0, "force_rmse": 0.3381371386868581}, {"index": 227, "atoms": 171, "composition": [7, 7, 55, 54, 48], "charge": -0.0, "force_rmse": 0.3233829701658623}, {"index": 240, "atoms": 167, "composition": [2, 6, 57, 54, 48], "charge": -0.0, "force_rmse": 0.30082858624378545}, {"index": 254, "atoms": 167, "composition": [5, 4, 56, 54, 48], "charge": -0.0, "force_rmse": 0.29248701251634474}, {"index": 278, "atoms": 176, "composition": [8, 8, 58, 54, 48], "charge": -0.0, "force_rmse": 0.2771625711609581}, {"index": 248, "atoms": 175, "composition": [8, 7, 58, 54, 48], "charge": -0.0, "force_rmse": 0.27464472516484434}], "atomic_numbers": [1, 6, 8, 25, 45]}
2026-10-07 10:23:07.993 INFO: Epoch 30: loss=33.4191, RMSE_E_per_atom=32.7353 meV, RMSE_F=162.1083 meV/A, RMSE_MU_per_atom=1.9679 meA, RMSE_RHO=0.7918 me/A^3
2026-10-07 10:23:07.993 INFO: 50-step electronic residual maximum: 0.0046313
2026-10-07 10:23:08.000 INFO: Optimizer epoch 30: lr=[0.001, 0.001, 0.001, 0.001, 0.001, 0.001, 0.001, 0.001], mean gradient norm=624.49, clipped=70/70
2026-10-07 10:23:08.000 INFO: Epoch timing: train=59.912s, validation=28.650s, updates=70, train/update=0.85589s, peak allocated=79298.2 MiB, backbone=CuEq
2026-10-07 10:23:08.000 INFO: Batching: optimizer graphs=16, device graphs<=16; one clipping/Adam/EMA update per optimizer batch
2026-10-07 10:23:08.000 INFO: 50-step finite-budget validation residual 0.0046313 exceeds equilibrium tolerance 1e-06; metrics describe the exported finite trajectory, not a converged root
2026-10-07 10:28:38.557 INFO: Full validation audit {"graphs": 279, "index_convention": "validation loader order, zero based", "force_rmse_by_element_column_eV_A": {"0": 0.1413547803052797, "1": 0.3374450406177648, "2": 0.14446911049822214, "3": 0.12933811510111784, "4": 0.13778226971042262}, "largest_force_errors": [{"index": 250, "atoms": 179, "composition": [13, 8, 56, 54, 48], "charge": -0.0, "force_rmse": 0.38423787378964186}, {"index": 145, "atoms": 346, "composition": [25, 5, 153, 150, 13], "charge": -0.0, "force_rmse": 0.30236513534645787}, {"index": 248, "atoms": 175, "composition": [8, 7, 58, 54, 48], "charge": -0.0, "force_rmse": 0.27256766934243015}, {"index": 227, "atoms": 171, "composition": [7, 7, 55, 54, 48], "charge": -0.0, "force_rmse": 0.2510057132616214}, {"index": 264, "atoms": 165, "composition": [6, 3, 54, 54, 48], "charge": -0.0, "force_rmse": 0.249672090663528}, {"index": 261, "atoms": 179, "composition": [10, 7, 60, 54, 48], "charge": -0.0, "force_rmse": 0.24129017927742105}, {"index": 169, "atoms": 347, "composition": [12, 8, 164, 150, 13], "charge": -0.0, "force_rmse": 0.23841175173394008}, {"index": 240, "atoms": 167, "composition": [2, 6, 57, 54, 48], "charge": -0.0, "force_rmse": 0.23295352187979584}], "atomic_numbers": [1, 6, 8, 25, 45]}
2026-10-07 10:28:38.583 INFO: Epoch 35: loss=27.3492, RMSE_E_per_atom=31.4919 meV, RMSE_F=148.4589 meV/A, RMSE_MU_per_atom=1.5548 meA, RMSE_RHO=0.6876 me/A^3
2026-10-07 10:28:38.583 INFO: 50-step electronic residual maximum: 0.0033525
2026-10-07 10:28:38.598 INFO: Optimizer epoch 35: lr=[0.001, 0.001, 0.001, 0.001, 0.001, 0.001, 0.001, 0.001], mean gradient norm=3015.7, clipped=70/70
2026-10-07 10:28:38.598 INFO: Epoch timing: train=59.897s, validation=28.282s, updates=70, train/update=0.85567s, peak allocated=77031.2 MiB, backbone=CuEq
2026-10-07 10:28:38.598 INFO: Batching: optimizer graphs=16, device graphs<=16; one clipping/Adam/EMA update per optimizer batch
2026-10-07 10:28:38.598 INFO: 50-step finite-budget validation residual 0.0033525 exceeds equilibrium tolerance 1e-06; metrics describe the exported finite trajectory, not a converged root
2026-10-07 10:34:08.576 INFO: Full validation audit {"graphs": 279, "index_convention": "validation loader order, zero based", "force_rmse_by_element_column_eV_A": {"0": 0.13764784545948838, "1": 0.32217629569172146, "2": 0.13776557203971654, "3": 0.12315480841914014, "4": 0.13158000100859268}, "largest_force_errors": [{"index": 270, "atoms": 171, "composition": [9, 6, 54, 54, 48], "charge": -0.0, "force_rmse": 0.5823827439449754}, {"index": 250, "atoms": 179, "composition": [13, 8, 56, 54, 48], "charge": -0.0, "force_rmse": 0.35911629521524663}, {"index": 145, "atoms": 346, "composition": [25, 5, 153, 150, 13], "charge": -0.0, "force_rmse": 0.28286204092615685}, {"index": 254, "atoms": 167, "composition": [5, 4, 56, 54, 48], "charge": -0.0, "force_rmse": 0.2702118495293664}, {"index": 169, "atoms": 347, "composition": [12, 8, 164, 150, 13], "charge": -0.0, "force_rmse": 0.2500376750187571}, {"index": 160, "atoms": 360, "composition": [21, 18, 158, 150, 13], "charge": -0.0, "force_rmse": 0.23085519909138022}, {"index": 227, "atoms": 171, "composition": [7, 7, 55, 54, 48], "charge": -0.0, "force_rmse": 0.23078382085241486}, {"index": 248, "atoms": 175, "composition": [8, 7, 58, 54, 48], "charge": -0.0, "force_rmse": 0.2294457884709981}], "atomic_numbers": [1, 6, 8, 25, 45]}
2026-10-07 10:34:08.603 INFO: Epoch 40: loss=24.527, RMSE_E_per_atom=29.7225 meV, RMSE_F=141.7272 meV/A, RMSE_MU_per_atom=1.3674 meA, RMSE_RHO=0.6299 me/A^3
2026-10-07 10:34:08.603 INFO: 50-step electronic residual maximum: 0.0045909
2026-10-07 10:34:08.610 INFO: Optimizer epoch 40: lr=[0.001, 0.001, 0.001, 0.001, 0.001, 0.001, 0.001, 0.001], mean gradient norm=350.11, clipped=70/70
2026-10-07 10:34:08.610 INFO: Epoch timing: train=59.817s, validation=28.051s, updates=70, train/update=0.85453s, peak allocated=76645.7 MiB, backbone=CuEq
2026-10-07 10:34:08.610 INFO: Batching: optimizer graphs=16, device graphs<=16; one clipping/Adam/EMA update per optimizer batch
2026-10-07 10:34:08.610 INFO: 50-step finite-budget validation residual 0.0045909 exceeds equilibrium tolerance 1e-06; metrics describe the exported finite trajectory, not a converged root
2026-10-07 10:39:38.587 INFO: Full validation audit {"graphs": 279, "index_convention": "validation loader order, zero based", "force_rmse_by_element_column_eV_A": {"0": 0.12912103361754473, "1": 0.31722957813045505, "2": 0.13572597542475465, "3": 0.12129719610005518, "4": 0.12718572492315647}, "largest_force_errors": [{"index": 137, "atoms": 180, "composition": [2, 2, 64, 64, 48], "charge": -0.0, "force_rmse": 0.6094950554285427}, {"index": 250, "atoms": 179, "composition": [13, 8, 56, 54, 48], "charge": -0.0, "force_rmse": 0.36016665441172196}, {"index": 225, "atoms": 169, "composition": [3, 6, 58, 54, 48], "charge": -0.0, "force_rmse": 0.3355192330046331}, {"index": 263, "atoms": 162, "composition": [1, 3, 56, 54, 48], "charge": -0.0, "force_rmse": 0.31710167947623497}, {"index": 145, "atoms": 346, "composition": [25, 5, 153, 150, 13], "charge": -0.0, "force_rmse": 0.2907757105391985}, {"index": 169, "atoms": 347, "composition": [12, 8, 164, 150, 13], "charge": -0.0, "force_rmse": 0.25171104864910987}, {"index": 254, "atoms": 167, "composition": [5, 4, 56, 54, 48], "charge": -0.0, "force_rmse": 0.2408469089696079}, {"index": 160, "atoms": 360, "composition": [21, 18, 158, 150, 13], "charge": -0.0, "force_rmse": 0.24019568876724517}], "atomic_numbers": [1, 6, 8, 25, 45]}
2026-10-07 10:39:38.621 INFO: Epoch 45: loss=23.0151, RMSE_E_per_atom=27.4901 meV, RMSE_F=138.5354 meV/A, RMSE_MU_per_atom=1.2055 meA, RMSE_RHO=0.5876 me/A^3
2026-10-07 10:39:38.621 INFO: 50-step electronic residual maximum: 0.0027608
2026-10-07 10:39:38.628 INFO: Optimizer epoch 45: lr=[0.001, 0.001, 0.001, 0.001, 0.001, 0.001, 0.001, 0.001], mean gradient norm=149.18, clipped=70/70
2026-10-07 10:39:38.628 INFO: Epoch timing: train=59.974s, validation=28.270s, updates=70, train/update=0.85677s, peak allocated=77994.5 MiB, backbone=CuEq
2026-10-07 10:39:38.628 INFO: Batching: optimizer graphs=16, device graphs<=16; one clipping/Adam/EMA update per optimizer batch
2026-10-07 10:39:38.628 INFO: 50-step finite-budget validation residual 0.0027608 exceeds equilibrium tolerance 1e-06; metrics describe the exported finite trajectory, not a converged root
2026-10-07 10:44:07.915 INFO: Full validation audit {"graphs": 279, "index_convention": "validation loader order, zero based", "force_rmse_by_element_column_eV_A": {"0": 0.1273329660173004, "1": 0.3066386712188093, "2": 0.12450418094325749, "3": 0.11132875658214604, "4": 0.12384595315964546}, "largest_force_errors": [{"index": 250, "atoms": 179, "composition": [13, 8, 56, 54, 48], "charge": -0.0, "force_rmse": 0.3480458720754454}, {"index": 246, "atoms": 167, "composition": [6, 4, 55, 54, 48], "charge": -0.0, "force_rmse": 0.28712517447145197}, {"index": 145, "atoms": 346, "composition": [25, 5, 153, 150, 13], "charge": -0.0, "force_rmse": 0.2792572424332938}, {"index": 254, "atoms": 167, "composition": [5, 4, 56, 54, 48], "charge": -0.0, "force_rmse": 0.25109050834484553}, {"index": 270, "atoms": 171, "composition": [9, 6, 54, 54, 48], "charge": -0.0, "force_rmse": 0.23309836401148296}, {"index": 160, "atoms": 360, "composition": [21, 18, 158, 150, 13], "charge": -0.0, "force_rmse": 0.22721500984043883}, {"index": 261, "atoms": 179, "composition": [10, 7, 60, 54, 48], "charge": -0.0, "force_rmse": 0.21735151503919142}, {"index": 169, "atoms": 347, "composition": [12, 8, 164, 150, 13], "charge": -0.0, "force_rmse": 0.20781942767065198}], "atomic_numbers": [1, 6, 8, 25, 45]}
2026-10-07 10:44:07.941 INFO: Epoch 49: loss=20.6785, RMSE_E_per_atom=25.4084 meV, RMSE_F=131.0654 meV/A, RMSE_MU_per_atom=1.1515 meA, RMSE_RHO=0.5616 me/A^3
2026-10-07 10:44:07.941 INFO: 50-step electronic residual maximum: 0.0031345
2026-10-07 10:44:07.949 INFO: Optimizer epoch 49: lr=[0.001, 0.001, 0.001, 0.001, 0.001, 0.001, 0.001, 0.001], mean gradient norm=111.37, clipped=70/70
2026-10-07 10:44:07.949 INFO: Epoch timing: train=59.804s, validation=28.212s, updates=70, train/update=0.85434s, peak allocated=77732.1 MiB, backbone=CuEq
2026-10-07 10:44:07.949 INFO: Batching: optimizer graphs=16, device graphs<=16; one clipping/Adam/EMA update per optimizer batch
2026-10-07 10:44:07.949 INFO: 50-step finite-budget validation residual 0.0031345 exceeds equilibrium tolerance 1e-06; metrics describe the exported finite trajectory, not a converged root
2026-10-07 10:44:08.671 INFO: Foundation feature extractor frozen=False; energy/electronic readouts remain trainable
2026-10-07 10:44:08.671 INFO: WeightedLoss(energy_per_atom_weight=100, forces_weight=1000, dipole_weight=10, fourier_density_weight=10, fourier_density options: reference=density, )
2026-10-07 10:44:08.671 INFO: FixedPointWrapper: mode=unroll_scf, scf_options=FixedPointSCFOptions(num_scf_steps=25, scf_tolerance=1e-06, mixing_parameter=0.5, constant_charge=True, use_autograd_forces=True, initial_density='local_guess', initial_fermi_level='zero'), linear_solve=inverse, fixedpoint_scf_stability=False
2026-10-07 10:44:08.671 INFO: Setting global learning rate to 0.001
2026-10-07 10:44:08.672 INFO: Runtime inventory {"parameters": 10570143, "parameter_MiB": 80.64379119873047, "optimizer_MiB": 161.288330078125, "batch_size": 16, "layout": "ir_mul", "blocks": {"node_embedding": 42496, "radial_embedding": 0, "spherical_harmonics": 0, "atomic_energies_fn": 0, "interactions": 8205190, "products": 1136640, "readouts": 8993, "electric_potential_descriptor": 0, "lr_source_maps": 73856, "field_dependent_charges_map": 54392, "local_electron_energy": 0, "external_field_contribution": 0, "external_field_contribution_internal": 0, "coulomb_energy": 0, "layer_feature_mixer": 1048576}, "optimizer_groups": [{"name": "embedding", "lr": 0.001, "weight_decay": 0.0, "parameters": 42496}, {"name": "interactions_no_decay", "lr": 0.001, "weight_decay": 0.0, "parameters": 8205190}, {"name": "products", "lr": 0.001, "weight_decay": 0.001, "parameters": 1136640}, {"name": "readouts", "lr": 0.001, "weight_decay": 0.0, "parameters": 8993}, {"name": "lr_source_maps", "lr": 0.001, "weight_decay": 0.0, "parameters": 73856}, {"name": "field_dependent_charges_map", "lr": 0.001, "weight_decay": 0.01, "parameters": 54160}, {"name": "electronic_references", "lr": 0.001, "weight_decay": 0.0, "parameters": 232}, {"name": "layer_feature_mixer", "lr": 0.001, "weight_decay": 0.001, "parameters": 1048576}], "gpu": "NVIDIA H100 NVL", "device_MiB": 95319.4375}
2026-10-07 10:44:08.697 INFO: CoupledResponse mode=unroll_scf: 25 training steps; 50 validation/deployment steps
2026-10-07 10:44:46.434 WARNING: Allocation OOM: retrying the unchanged optimizer batch with at most 8 graphs per device batch; no optimizer/EMA update occurred
2026-10-07 10:46:07.761 INFO: Full validation audit {"graphs": 279, "index_convention": "validation loader order, zero based", "force_rmse_by_element_column_eV_A": {"0": 0.11994502415184563, "1": 0.2871961563027447, "2": 0.12008399836982514, "3": 0.10936631952871763, "4": 0.1197311781086385}, "largest_force_errors": [{"index": 250, "atoms": 179, "composition": [13, 8, 56, 54, 48], "charge": -0.0, "force_rmse": 0.3493502998779936}, {"index": 145, "atoms": 346, "composition": [25, 5, 153, 150, 13], "charge": -0.0, "force_rmse": 0.26805830770608097}, {"index": 160, "atoms": 360, "composition": [21, 18, 158, 150, 13], "charge": -0.0, "force_rmse": 0.22478986712645063}, {"index": 169, "atoms": 347, "composition": [12, 8, 164, 150, 13], "charge": -0.0, "force_rmse": 0.20561282768389635}, {"index": 152, "atoms": 342, "composition": [17, 13, 149, 150, 13], "charge": -0.0, "force_rmse": 0.19616845275065206}, {"index": 248, "atoms": 175, "composition": [8, 7, 58, 54, 48], "charge": -0.0, "force_rmse": 0.19008348889746177}, {"index": 231, "atoms": 181, "composition": [12, 10, 57, 54, 48], "charge": -0.0, "force_rmse": 0.18995982709502854}, {"index": 214, "atoms": 328, "composition": [16, 11, 138, 150, 13], "charge": -0.0, "force_rmse": 0.18564662204066965}], "atomic_numbers": [1, 6, 8, 25, 45]}
2026-10-07 10:46:07.787 INFO: Epoch 50: loss=19.207, RMSE_E_per_atom=25.0382 meV, RMSE_F=126.2233 meV/A, RMSE_MU_per_atom=1.1742 meA, RMSE_RHO=0.5412 me/A^3
2026-10-07 10:46:07.788 INFO: 50-step electronic residual maximum: 0.0010376
2026-10-07 10:46:07.795 INFO: Optimizer epoch 50: lr=[0.001, 0.001, 0.001, 0.001, 0.001, 0.001, 0.001, 0.001], mean gradient norm=121.22, clipped=70/70
2026-10-07 10:46:07.795 INFO: Epoch timing: train=90.944s, validation=28.179s, updates=70, train/update=1.29920s, peak allocated=81821.6 MiB, backbone=CuEq
2026-10-07 10:46:07.795 INFO: Batching: optimizer graphs=16, device graphs<=8; one clipping/Adam/EMA update per optimizer batch
2026-10-07 10:46:07.795 INFO: 50-step finite-budget validation residual 0.0010376 exceeds equilibrium tolerance 1e-06; metrics describe the exported finite trajectory, not a converged root
2026-10-07 10:46:28.528 INFO: Electronic diagnostic {"train": {"graphs": 32, "charge_span": [-0.0, -0.0], "step_comparison": [[{"steps": 25, "WF_eV": 0.8413608364922212, "EF_eV": -0.8529036375109217, "residual": 0.00021777525288757538}, {"steps": 50, "WF_eV": 0.849897615307841, "EF_eV": -0.8544453782528308, "residual": 1.7568653433164272e-06}, {"steps": 100, "WF_eV": 0.8499658017936503, "EF_eV": -0.8544576771999663, "residual": 1.0948839057611792e-10}], [{"steps": 25, "WF_eV": 0.3882415154130805, "EF_eV": -0.7315905731361209, "residual": 0.0001001308000505418}, {"steps": 50, "WF_eV": 0.3991343487594582, "EF_eV": -0.7336510094816223, "residual": 1.0396646688158942e-05}, {"steps": 100, "WF_eV": 0.40037088635284024, "EF_eV": -0.7338857467702667, "residual": 1.1079359812232736e-07}]], "dEF_dQ_and_dWF_dQ_eV_per_e": [[-0.8397387723324323, 0.9077960943909613], [-1.1290167738381929, 1.4550734615274175]], "force_RMSE_by_atomic_number_eV_A": {"1": 0.09416842508573114, "8": 0.09919176025229551, "45": 0.11350159192686697, "6": 0.20462617229278, "25": 0.0921282809220732}, "force_RMSE_eV_A": 0.1079328369989255, "charge_response_identifiability": "Single-charge data do not determine capacitance; slopes above are predictions, not validation."}, "validation": {"graphs": 16, "charge_span": [-0.0, -0.0], "step_comparison": [[{"steps": 25, "WF_eV": 0.5528043364600224, "EF_eV": -1.052109067270039, "residual": 0.00010706401933337911}, {"steps": 50, "WF_eV": 0.5625589286703626, "EF_eV": -1.0540959660347855, "residual": 1.9903585267710966e-06}, {"steps": 100, "WF_eV": 0.5627425605743344, "EF_eV": -1.0541333905569803, "residual": 6.773940852689009e-10}], [{"steps": 25, "WF_eV": -0.35350498676902076, "EF_eV": -1.0033011175519064, "residual": 3.338854170276996e-05}, {"steps": 50, "WF_eV": -0.355047132243852, "EF_eV": -1.003182636027087, "residual": 5.5215310707304455e-08}, {"steps": 100, "WF_eV": -0.35504969128239283, "EF_eV": -1.0031824401980183, "residual": 1.5132166353293286e-13}]], "dEF_dQ_and_dWF_dQ_eV_per_e": [[-1.050705775363503, 0.9255501097595153], [-0.8753526190103833, 0.42907802172116316]], "force_RMSE_by_atomic_number_eV_A": {"6": 0.2636118460344912, "8": 0.10845828812530657, "45": 0.11264281305185142, "1": 0.11599289142251945, "25": 0.11267284873581443}, "force_RMSE_eV_A": 0.11948517427886794, "charge_response_identifiability": "Single-charge data do not determine capacitance; slopes above are predictions, not validation."}, "epoch": 50, "response_weight_norms": {"vector_out.weight": 1.2991043514571965, "scalar_out.weight": 1.0155746710727738, "state_scalar.weight": 4.734149191238241, "state_vector.weight": 3.3006680558152333, "neighbor_scalar.weight": 1.1652449829481928, "neighbor_vector.weight": 3.0073403232999865}, "regularization": {"field_weight_decay": 0.01}, "scope": "Deterministic panels, not whole-dataset metrics. Validation is development data, never used for fitting or selecting the probe."}
2026-10-07 10:55:47.717 INFO: Full validation audit {"graphs": 279, "index_convention": "validation loader order, zero based", "force_rmse_by_element_column_eV_A": {"0": 0.11248715472970765, "1": 0.2758564505617851, "2": 0.11464910059681023, "3": 0.10492318268757672, "4": 0.11590321402645758}, "largest_force_errors": [{"index": 250, "atoms": 179, "composition": [13, 8, 56, 54, 48], "charge": -0.0, "force_rmse": 0.3271177988042094}, {"index": 145, "atoms": 346, "composition": [25, 5, 153, 150, 13], "charge": -0.0, "force_rmse": 0.2594377598896309}, {"index": 160, "atoms": 360, "composition": [21, 18, 158, 150, 13], "charge": -0.0, "force_rmse": 0.20754813188000965}, {"index": 169, "atoms": 347, "composition": [12, 8, 164, 150, 13], "charge": -0.0, "force_rmse": 0.1958658075529318}, {"index": 152, "atoms": 342, "composition": [17, 13, 149, 150, 13], "charge": -0.0, "force_rmse": 0.19519905882681374}, {"index": 214, "atoms": 328, "composition": [16, 11, 138, 150, 13], "charge": -0.0, "force_rmse": 0.18176005775731338}, {"index": 248, "atoms": 175, "composition": [8, 7, 58, 54, 48], "charge": -0.0, "force_rmse": 0.17769866653252012}, {"index": 231, "atoms": 181, "composition": [12, 10, 57, 54, 48], "charge": -0.0, "force_rmse": 0.171054985895576}], "atomic_numbers": [1, 6, 8, 25, 45]}
2026-10-07 10:55:47.739 INFO: Epoch 55: loss=17.5529, RMSE_E_per_atom=22.7345 meV, RMSE_F=121.2378 meV/A, RMSE_MU_per_atom=1.1236 meA, RMSE_RHO=0.5045 me/A^3
2026-10-07 10:55:47.739 INFO: 50-step electronic residual maximum: 0.00041867
2026-10-07 10:55:47.744 INFO: Optimizer epoch 55: lr=[0.001, 0.001, 0.001, 0.001, 0.001, 0.001, 0.001, 0.001], mean gradient norm=96.977, clipped=70/70
2026-10-07 10:55:47.744 INFO: Epoch timing: train=105.703s, validation=27.984s, updates=70, train/update=1.51004s, peak allocated=45383.6 MiB, backbone=CuEq
2026-10-07 10:55:47.744 INFO: Batching: optimizer graphs=16, device graphs<=8; one clipping/Adam/EMA update per optimizer batch
2026-10-07 10:55:47.744 INFO: 50-step finite-budget validation residual 0.00041867 exceeds equilibrium tolerance 1e-06; metrics describe the exported finite trajectory, not a converged root
2026-10-07 11:05:08.285 INFO: Full validation audit {"graphs": 279, "index_convention": "validation loader order, zero based", "force_rmse_by_element_column_eV_A": {"0": 0.11140155894479375, "1": 0.27279134133062755, "2": 0.1119704854580869, "3": 0.10231327816727233, "4": 0.11360750115256807}, "largest_force_errors": [{"index": 250, "atoms": 179, "composition": [13, 8, 56, 54, 48], "charge": -0.0, "force_rmse": 0.32325160134544784}, {"index": 145, "atoms": 346, "composition": [25, 5, 153, 150, 13], "charge": -0.0, "force_rmse": 0.25537316692217904}, {"index": 160, "atoms": 360, "composition": [21, 18, 158, 150, 13], "charge": -0.0, "force_rmse": 0.19754907812431519}, {"index": 152, "atoms": 342, "composition": [17, 13, 149, 150, 13], "charge": -0.0, "force_rmse": 0.19097506813533985}, {"index": 169, "atoms": 347, "composition": [12, 8, 164, 150, 13], "charge": -0.0, "force_rmse": 0.1846295095393799}, {"index": 214, "atoms": 328, "composition": [16, 11, 138, 150, 13], "charge": -0.0, "force_rmse": 0.17985871488330288}, {"index": 231, "atoms": 181, "composition": [12, 10, 57, 54, 48], "charge": -0.0, "force_rmse": 0.17020677122538744}, {"index": 174, "atoms": 337, "composition": [2, 9, 163, 150, 13], "charge": -0.0, "force_rmse": 0.1674583843426116}], "atomic_numbers": [1, 6, 8, 25, 45]}
2026-10-07 11:05:08.308 INFO: Epoch 60: loss=16.7537, RMSE_E_per_atom=20.2772 meV, RMSE_F=118.8196 meV/A, RMSE_MU_per_atom=1.0790 meA, RMSE_RHO=0.4857 me/A^3
2026-10-07 11:05:08.308 INFO: 50-step electronic residual maximum: 0.00038864
2026-10-07 11:05:08.314 INFO: Optimizer epoch 60: lr=[0.001, 0.001, 0.001, 0.001, 0.001, 0.001, 0.001, 0.001], mean gradient norm=19072, clipped=70/70
2026-10-07 11:05:08.314 INFO: Epoch timing: train=106.161s, validation=28.522s, updates=70, train/update=1.51659s, peak allocated=44704.4 MiB, backbone=CuEq
2026-10-07 11:05:08.314 INFO: Batching: optimizer graphs=16, device graphs<=8; one clipping/Adam/EMA update per optimizer batch
2026-10-07 11:05:08.314 INFO: 50-step finite-budget validation residual 0.00038864 exceeds equilibrium tolerance 1e-06; metrics describe the exported finite trajectory, not a converged root
2026-10-07 11:14:28.778 INFO: Full validation audit {"graphs": 279, "index_convention": "validation loader order, zero based", "force_rmse_by_element_column_eV_A": {"0": 0.10917050041452546, "1": 0.26877155120985496, "2": 0.10959167693291673, "3": 0.10012102916139716, "4": 0.11160576370304193}, "largest_force_errors": [{"index": 250, "atoms": 179, "composition": [13, 8, 56, 54, 48], "charge": -0.0, "force_rmse": 0.3269494301832865}, {"index": 145, "atoms": 346, "composition": [25, 5, 153, 150, 13], "charge": -0.0, "force_rmse": 0.2443876183337243}, {"index": 152, "atoms": 342, "composition": [17, 13, 149, 150, 13], "charge": -0.0, "force_rmse": 0.19497163917654842}, {"index": 160, "atoms": 360, "composition": [21, 18, 158, 150, 13], "charge": -0.0, "force_rmse": 0.18871172116612034}, {"index": 214, "atoms": 328, "composition": [16, 11, 138, 150, 13], "charge": -0.0, "force_rmse": 0.17790710020092504}, {"index": 169, "atoms": 347, "composition": [12, 8, 164, 150, 13], "charge": -0.0, "force_rmse": 0.17595530772279053}, {"index": 174, "atoms": 337, "composition": [2, 9, 163, 150, 13], "charge": -0.0, "force_rmse": 0.17371608439735448}, {"index": 248, "atoms": 175, "composition": [8, 7, 58, 54, 48], "charge": -0.0, "force_rmse": 0.16528854955523378}], "atomic_numbers": [1, 6, 8, 25, 45]}
2026-10-07 11:14:28.816 INFO: Epoch 65: loss=16.0332, RMSE_E_per_atom=19.1751 meV, RMSE_F=116.5739 meV/A, RMSE_MU_per_atom=1.0545 meA, RMSE_RHO=0.4671 me/A^3
2026-10-07 11:14:28.816 INFO: 50-step electronic residual maximum: 0.00042331
2026-10-07 11:14:28.823 INFO: Optimizer epoch 65: lr=[0.001, 0.001, 0.001, 0.001, 0.001, 0.001, 0.001, 0.001], mean gradient norm=1798.5, clipped=70/70
2026-10-07 11:14:28.823 INFO: Epoch timing: train=106.249s, validation=28.573s, updates=70, train/update=1.51785s, peak allocated=40954.7 MiB, backbone=CuEq
2026-10-07 11:14:28.823 INFO: Batching: optimizer graphs=16, device graphs<=8; one clipping/Adam/EMA update per optimizer batch
2026-10-07 11:14:28.823 INFO: 50-step finite-budget validation residual 0.00042331 exceeds equilibrium tolerance 1e-06; metrics describe the exported finite trajectory, not a converged root
2026-10-07 11:23:47.672 INFO: Full validation audit {"graphs": 279, "index_convention": "validation loader order, zero based", "force_rmse_by_element_column_eV_A": {"0": 0.10762062319149931, "1": 0.2624871057142504, "2": 0.10688175392099956, "3": 0.09831578225189443, "4": 0.1101213326391858}, "largest_force_errors": [{"index": 250, "atoms": 179, "composition": [13, 8, 56, 54, 48], "charge": -0.0, "force_rmse": 0.3204454434645825}, {"index": 145, "atoms": 346, "composition": [25, 5, 153, 150, 13], "charge": -0.0, "force_rmse": 0.24991034373924342}, {"index": 160, "atoms": 360, "composition": [21, 18, 158, 150, 13], "charge": -0.0, "force_rmse": 0.18635474788571768}, {"index": 152, "atoms": 342, "composition": [17, 13, 149, 150, 13], "charge": -0.0, "force_rmse": 0.18579324415522666}, {"index": 169, "atoms": 347, "composition": [12, 8, 164, 150, 13], "charge": -0.0, "force_rmse": 0.18193608627958802}, {"index": 214, "atoms": 328, "composition": [16, 11, 138, 150, 13], "charge": -0.0, "force_rmse": 0.173162316334053}, {"index": 231, "atoms": 181, "composition": [12, 10, 57, 54, 48], "charge": -0.0, "force_rmse": 0.17237584594530767}, {"index": 174, "atoms": 337, "composition": [2, 9, 163, 150, 13], "charge": -0.0, "force_rmse": 0.1646739734075071}], "atomic_numbers": [1, 6, 8, 25, 45]}
2026-10-07 11:23:47.697 INFO: Epoch 70: loss=15.3327, RMSE_E_per_atom=18.3642 meV, RMSE_F=114.3668 meV/A, RMSE_MU_per_atom=0.9914 meA, RMSE_RHO=0.4483 me/A^3
2026-10-07 11:23:47.697 INFO: 50-step electronic residual maximum: 0.000343
2026-10-07 11:23:47.704 INFO: Optimizer epoch 70: lr=[0.001, 0.001, 0.001, 0.001, 0.001, 0.001, 0.001, 0.001], mean gradient norm=853.26, clipped=70/70
2026-10-07 11:23:47.705 INFO: Epoch timing: train=105.800s, validation=28.225s, updates=70, train/update=1.51143s, peak allocated=43207.8 MiB, backbone=CuEq
2026-10-07 11:23:47.705 INFO: Batching: optimizer graphs=16, device graphs<=8; one clipping/Adam/EMA update per optimizer batch
2026-10-07 11:23:47.705 INFO: 50-step finite-budget validation residual 0.000343 exceeds equilibrium tolerance 1e-06; metrics describe the exported finite trajectory, not a converged root
