2026-10-06 22:11:51.591 INFO: MACE version: 0.3.16
2026-10-06 22:11:51.876 INFO: CUDA version: 12.8, CUDA device: 0
2026-10-06 22:11:51.876 INFO: Configuration: Namespace(config='config.yaml', name='fit_0', seed=7777, work_dir='.', log_dir='./logs', model_dir='.', checkpoints_dir='checkpoints_IrO2_finetune', results_dir='./results', downloads_dir='./downloads', device='cuda', default_dtype='float64', distributed=False, launcher='slurm', log_level='INFO', plot=True, plot_frequency=0, plot_interaction_e=False, r_max=6.0, radial_type='bessel', num_radial_basis=8, num_cutoff_basis=5, pair_repulsion=False, distance_transform='None', apply_cutoff=True, use_last_readout_only=False, use_embedding_readout=False, interaction='RealAgnosticResidualInteractionBlock', interaction_first='RealAgnosticResidualInteractionBlock', max_ell=3, correlation=3, use_reduced_cg=False, use_so3=False, use_agnostic_product=False, num_interactions=2, MLP_irreps='64x0e', radial_MLP='[64, 64, 64]', hidden_irreps='64x0e + 64x1o', edge_irreps=None, use_edge_irreps_first=False, num_channels=None, max_L=None, gate='silu', num_recursion_steps=1, field_si=False, add_local_electron_energy=False, scaling='rms_forces_scaling', avg_num_neighbors=1, compute_avg_num_neighbors=True, compute_stress=False, compute_forces=True, train_file='/fs/cephfs/data/qm_inorganics/shuang/electrocatalysis/IrO2_110/ml_training/data/IrO2OH_110_0_1735_vasp_sp_train.xyz', valid_file='/fs/cephfs/data/qm_inorganics/shuang/electrocatalysis/IrO2_110/ml_training/data/IrO2OH_110_0_1735_vasp_sp_valid.xyz', valid_fraction=0.1, test_file=None, test_dir=None, multi_processed_test=False, num_workers=0, pin_memory=True, atomic_numbers=None, mean=None, std=None, statistics_file=None, les_arguments=None, E0s='{1: -1.20639624, 8: -1.98686083, 77: -1.75921356}', pseudolabel_replay=False, pseudolabel_replay_compute_stress=False, foundation_filter_elements=True, multiheads_finetuning=True, foundation_head=None, weight_pt_head=1.0, real_pt_data_ratio_threshold=0.1, num_samples_pt=10000, force_mh_ft_lr=False, subselect_pt='random', filter_type_pt='none', allow_random_padding_pt=True, pt_train_file=None, pt_valid_file=None, foundation_model_elements=False, keep_isolated_atoms=False, lora=False, lora_rank=4, lora_alpha=1.0, energy_key=None, forces_key=None, virials_key=None, stress_key=None, dipole_key=None, polarizability_key=None, head_key=None, charges_key=None, elec_temp_key=None, total_spin_key=None, total_charge_key=None, embedding_specs=None, skip_evaluate_heads='pt_head', forces_weight=100.0, swa_forces_weight=100.0, energy_weight=1.0, swa_energy_weight=1000.0, virials_weight=1.0, swa_virials_weight=10.0, stress_weight=1.0, swa_stress_weight=10.0, dipole_weight=1.0, swa_dipole_weight=1.0, swa_polarizability_weight=1.0, polarizability_weight=1.0, config_type_weights={'slab': 1.0, 'bulk': 1.0}, huber_delta=0.01, beta=0.9, beta1_schedulefree=0.9, beta2_schedulefree=0.98, batch_size=1, valid_batch_size=1, lr=0.001, swa_lr=0.001, weight_decay=0.001, lr_params_factors='{"embedding_lr_factor": 1.0, "interactions_lr_factor": 1.0, "products_lr_factor": 1.0, "readouts_lr_factor": 1.0}', freeze=None, scheduler='none', lr_factor=0.8, scheduler_patience=50, lr_scheduler_gamma=0.9993, swa=False, start_swa=None, lbfgs=False, ema=True, ema_decay=0.99, max_num_epochs=500, patience=1000, foundation_model='/fs/cephfs/data/qm_inorganics/mace_models/MACE-POLAR-1-M.model', foundation_model_kwargs='{}', foundation_model_readout=True, eval_interval=5, keep_checkpoints=False, save_all_checkpoints=False, save_cpu=True, clip_grad=10.0, dry_run=False, enable_cueq=True, only_cueq=False, enable_oeq=False, wandb=False, wandb_dir=None, wandb_project='', wandb_entity='', wandb_name='', wandb_log_hypers=['num_channels', 'max_L', 'correlation', 'lr', 'swa_lr', 'weight_decay', 'batch_size', 'max_num_epochs', 'start_swa', 'energy_weight', 'forces_weight'], amsgrad=False, atomic_multipoles_key=None, electrostatic_potentials_key=None, external_field_key=None, fermi_level_key=None, include_local_electron_energy=False, atomic_multipoles_max_l=1, atomic_multipoles_smearing_width=1.5, kspace_cutoff_factor=1.0, atomic_formal_charges='{}', formal_charges_from_data=False, field_feature_max_l=1, field_feature_widths='[1.5, 3.0]', dont_include_pbc_corrections=False, include_electrostatic_self_interaction=True, valid_set_seed=7777, quadrupole_feature_corrections=False, electrostatic_pbc_method='mixed_periodic', static_bond_transfer_block='OxidationDependentSymmetricPredictionSourceBlock', oxidation_state_mixer='SumOxidationStateMixer', return_electrostatic_potentials=False, train_schedule=[{'name': 'heads', 'start': 0, 'end': 9, 'lr': 0.001, 'loss': {'energy_per_atom': {'weight': 100}, 'forces': {'weight': 500}, 'dipole': {'weight': 10}, 'fourier_density': {'weight': 10, 'reference': 'farfield'}, 'fourier_potential': {'weight': 100, 'vacuum_weight': 1}, 'fermi_level': {'weight': 100}}, 'fixed_point_training_options': FixedPointTrainingOptions(mode='unroll_scf', scf=FixedPointSCFOptions(num_scf_steps=12, scf_tolerance=1e-06, mixing_parameter=0.5, constant_charge=True, use_autograd_forces=True, initial_density='local_guess', initial_fermi_level='zero'), linear_solve='inverse', fixedpoint_scf_stability=False), 'freeze_foundation_backbone': True}, {'name': 'stage1', 'start': 10, 'end': 49, 'lr': 0.001, 'loss': {'energy_per_atom': {'weight': 100}, 'forces': {'weight': 500}, 'dipole': {'weight': 10}, 'fourier_density': {'weight': 10, 'reference': 'farfield'}, 'fourier_potential': {'weight': 100, 'vacuum_weight': 1}, 'fermi_level': {'weight': 100}}, 'fixed_point_training_options': FixedPointTrainingOptions(mode='unroll_scf', scf=FixedPointSCFOptions(num_scf_steps=12, scf_tolerance=1e-06, mixing_parameter=0.5, constant_charge=True, use_autograd_forces=True, initial_density='local_guess', initial_fermi_level='zero'), linear_solve='inverse', fixedpoint_scf_stability=False)}, {'name': 'stage2', 'start': 50, 'end': 499, 'lr': 0.001, 'loss': {'energy_per_atom': {'weight': 100}, 'forces': {'weight': 500}, 'dipole': {'weight': 10}, 'fourier_density': {'weight': 10, 'reference': 'farfield'}, 'fourier_potential': {'weight': 100, 'vacuum_weight': 1}, 'fermi_level': {'weight': 100}}, 'fixed_point_training_options': FixedPointTrainingOptions(mode='unroll_scf', scf=FixedPointSCFOptions(num_scf_steps=24, scf_tolerance=1e-06, mixing_parameter=0.5, constant_charge=True, use_autograd_forces=True, initial_density='local_guess', initial_fermi_level='zero'), linear_solve='inverse', fixedpoint_scf_stability=False)}, {'name': 'stage3', 'start': 500, 'end': 550, 'lr': 0.001, 'loss': {'energy_per_atom': {'weight': 100}, 'forces': {'weight': 500}, 'dipole': {'weight': 10}, 'fourier_density': {'weight': 10, 'reference': 'farfield'}, 'fourier_potential': {'weight': 100, 'vacuum_weight': 1}, 'fermi_level': {'weight': 100}}, 'fixed_point_training_options': FixedPointTrainingOptions(mode='unroll_scf', scf=FixedPointSCFOptions(num_scf_steps=50, scf_tolerance=1e-06, mixing_parameter=0.5, constant_charge=True, use_autograd_forces=True, initial_density='local_guess', initial_fermi_level='zero'), linear_solve='inverse', fixedpoint_scf_stability=False)}], fixedpoint_update_config={'type': <class 'mace_scf.electrostatics.coupled.CoupledResponse'>, 'potential_widths': [1.5, 3.0]}, field_readout_config={'type': <class 'mace_scf.electrostatics.field_blocks.StrictQuadraticFieldEnergyReadout'>}, field_block_weight_decay=0.01, local_charges_weight_decay=0.0, field_feature_norms='None', fermi_level_offset=None, field_norm_factor=1.0, oxidation_state_range='(-6.0, 6.0)', polarizable_charges=False, beta_two=0.999, log_on_test_sets=False, scf_convergence_summary=False, use_linear_final_readout=False, include_field_si=False, use_linear_local_charges=False, atom_density_scaling='None', allow_low_density_pbc=False, override_pbc_checks=False, low_density_pbc_max_volume_per_atom=100.0, wandb_watch='off', wandb_watch_log_freq=50, debug_log_grad_summary=False, fixedpoint_initial_charge_head_scale=0.01, heads={'default': {'arrays_keys': {'forces': 'vasp_forces'}, 'info_keys': {'dipole': 'vasp_dipole', 'dipole_correction_zfrac': 'dipole_correction_zfrac', 'dipole_weight': 'config_dipole_weight', 'energy': 'vasp_free_energy', 'external_field': 'external_field', 'fermi_level': 'vasp_efermi', 'fourier_density': 'vasp_rho_fftn_shifted_1.5', 'fourier_potential': 'vasp_phi_fftn_shifted_1.5', 'fourier_proto_potential': 'vasp_proto_phi_fftn_shifted_1.5', 'total_charge': 'total_charge', 'vacuum_zfrac': 'vacuum_zfrac', 'workfunction': 'vasp_workfunction', 'stress': 'none', 'head': 'head'}}}, error_table='ElectrostaticRMSE', compute_polarizability=True, restart_latest=False, model='FixedPoint', optimizer='adamw', qeq_charges='autograd', train_hardness=False, read_enegs=False, read_hardness=False, enegs_key=None, default_hardness=2.0)
2026-10-06 22:11:51.876 INFO: Using the key specifications to parse data:
2026-10-06 22:11:51.876 INFO: KeySpecification(info_keys={'dipole': 'vasp_dipole', 'dipole_correction_zfrac': 'dipole_correction_zfrac', 'dipole_weight': 'config_dipole_weight', 'energy': 'vasp_free_energy', 'external_field': 'external_field', 'fermi_level': 'vasp_efermi', 'fourier_density': 'vasp_rho_fftn_shifted_1.5', 'fourier_potential': 'vasp_phi_fftn_shifted_1.5', 'fourier_proto_potential': 'vasp_proto_phi_fftn_shifted_1.5', 'total_charge': 'total_charge', 'vacuum_zfrac': 'vacuum_zfrac', 'workfunction': 'vasp_workfunction', 'stress': 'none', 'head': 'head'}, arrays_keys={'forces': 'vasp_forces'})
2026-10-06 22:13:26.986 INFO: Training set 1/1 [dipole components: 1308, dipole_correction_zfrac: 1385, dipole_weight: 1385, energy: 1385, external_field: 1385, fermi_level: 1308, fourier_density: 1385, fourier_potential: 1385, fourier_proto_potential: 1385, total_charge: 1385, vacuum_zfrac: 1385, workfunction: 1308, stress: 0, head: 1385, forces: 1385]
2026-10-06 22:13:27.010 INFO: Total Training set [dipole components: 1308, dipole_correction_zfrac: 1385, dipole_weight: 1385, energy: 1385, external_field: 1385, fermi_level: 1308, fourier_density: 1385, fourier_potential: 1385, fourier_proto_potential: 1385, total_charge: 1385, vacuum_zfrac: 1385, workfunction: 1308, stress: 0, head: 1385, forces: 1385]
2026-10-06 22:13:33.743 INFO: Validation set 1/1 [dipole components: 331, dipole_correction_zfrac: 351, dipole_weight: 351, energy: 351, external_field: 351, fermi_level: 331, fourier_density: 351, fourier_potential: 351, fourier_proto_potential: 351, total_charge: 351, vacuum_zfrac: 351, workfunction: 331, stress: 0, head: 351, forces: 351]
2026-10-06 22:13:33.744 INFO: Total Validation set [dipole components: 331, dipole_correction_zfrac: 351, dipole_weight: 351, energy: 351, external_field: 351, fermi_level: 331, fourier_density: 351, fourier_potential: 351, fourier_proto_potential: 351, total_charge: 351, vacuum_zfrac: 351, workfunction: 331, stress: 0, head: 351, forces: 351]
2026-10-06 22:13:33.744 INFO: Total number of configurations: train=1385, valid=351, tests=[]
2026-10-06 22:13:33.767 INFO: AtomicNumberTable: (1, 8, 77)
2026-10-06 22:13:33.767 INFO: Isolated Atomic Energies (E0s) not in training file, using command line argument
2026-10-06 22:13:45.153 INFO: Atomic energies: [-1.20639624, -1.98686083, -1.75921356]
2026-10-06 22:13:49.603 INFO: Average number of neighbors: 73.78564068510717
2026-10-06 22:13:49.617 INFO: computed Fermi level offset -1.7212872324159036
2026-10-06 22:13:49.617 INFO: using Fermi level offset -1.7212872324159036
2026-10-06 22:13:49.617 INFO: using normalization for field features None
2026-10-06 22:13:49.618 INFO: using atom density scaling factors [1. 1. 1.]
2026-10-06 22:13:49.618 INFO: Building model
2026-10-06 22:13:49.618 INFO: Hidden irreps: 64x0e + 64x1o
2026-10-06 22:13:51.223 INFO: Rescaled initial FixedPoint charge heads by 0.01 to keep initial charge predictions small
2026-10-06 22:13:51.332 INFO: Foundation: exact module adoption, 83 species retained, native neighbour normalization preserved
2026-10-06 22:13:56.076 INFO: Training-only foundation force scale: 0.187412; local F RMSE 1.26659 -> 0.804824 eV/A; folded into readout weights
2026-10-06 22:13:56.077 INFO: Fixed training-geometry readout units by layer/irrep: [[1.0042815272472396, 1.0000362355461414], [2.7423730440435286, 1.0959686069785166]]; initial energy function preserved by inverse weight transformation
2026-10-06 22:14:07.028 INFO: Frozen training-only proto fit: spectral component RMS 7.38826e-05 eV, observations 773412
2026-10-06 22:14:07.028 INFO: Electronic response CoupledResponse: 4 coarse + 8 regular coefficients per atom; deployment uses 50 steps
2026-10-06 22:14:08.138 INFO: SCF CUDA linear algebra: cuSOLVER/cuBLAS selected (process-wide); exact cached matrix-solve derivatives; torch=2.9.1+cu128 CUDA=12.8
2026-10-06 22:14:57.498 INFO: v366 training-only cold reference fit: rank=9/9; full-objective candidates=[{'fraction': 0.0, 'loss': 4156.734414040289}, {'fraction': 1.0, 'loss': 2011.2080243091639}, {'fraction': 0.5, 'loss': 2548.45721067154}, {'fraction': 0.25, 'loss': 3218.726398916778}]; no held-out calibration
2026-10-06 22:14:59.382 INFO: Restored v366 nonlinear total-field response: screened moment seed, 2 local potential channels, receiver widths [1.5, 0.0, 3.0]
2026-10-06 22:15:09.209 INFO: Training-only EF reference initialization: offset correction -5.44009e-15 eV
2026-10-06 22:15:09.210 INFO: Training-only total-energy reference: 3.91217 -> 0.0390658 eV/atom on 64 graphs
2026-10-06 22:15:12.078 INFO: CuEquivariance ACTIVE: 2 interaction/product layers, O3_e3nn, ir_mul, fused CUDA convolution=True; electronic response/readouts retain their original coordinates
2026-10-06 22:15:12.097 INFO: No external LR schedule: the learning rate follows the explicit training stages.
2026-10-06 22:15:12.098 INFO: restart_latest is False; starting from initialized model and optimizer.
2026-10-06 22:15:12.099 INFO: FixedPointCore(
  (node_embedding): LinearNodeEmbeddingBlock(
    (linear): Linear(83x0e -> 512x0e | 42496 weights)
  )
  (radial_embedding): RadialEmbeddingBlock(
    (bessel_fn): BesselBasis(r_max=6.0, num_basis=8, trainable=False)
    (cutoff_fn): PolynomialCutoff(p=5, r_max=6.0)
  )
  (spherical_harmonics): SphericalHarmonics()
  (atomic_energies_fn): AtomicEnergiesBlock(energies=[[-4.2993, -5.8051, -7.9703]])
  (interactions): ModuleList(
    (0): RealAgnosticResidualNonLinearInteractionBlock(
      (source_embedding): Linear(
        shared_weights=True, internal_weights=True, weight_numel=42496
        (transpose_in): TransposeIrrepsLayout((irrep,mul) -> (irrep,mul))
        (transpose_out): TransposeIrrepsLayout((irrep,mul) -> (irrep,mul))
        (f): ╭ a=[42496:1⨯(83,512)] b=[83:1⨯(1,83)] -> C=[512:1⨯(1,512)]
        ╰─ []·a[uv]·b[iu]➜C[iv] ─ num_paths=1 i=1 u=83 v=512
        SegmentedPolynomial(
          (m): SegmentedPolynomialNaive(
            (graphs): ModuleList(
              (0): uv,iu,iv operands=[(83, 512)],[(1, 83)],[(1, 512)] paths=[op0[0]*op1[0]*op2[0]*0.11]
            )
          )
          (fallback): SegmentedPolynomialNaive(
            (graphs): ModuleList(
              (0): uv,iu,iv operands=[(83, 512)],[(1, 83)],[(1, 512)] paths=[op0[0]*op1[0]*op2[0]*0.11]
            )
          )
        )
      )
      (target_embedding): Linear(
        shared_weights=True, internal_weights=True, weight_numel=42496
        (transpose_in): TransposeIrrepsLayout((irrep,mul) -> (irrep,mul))
        (transpose_out): TransposeIrrepsLayout((irrep,mul) -> (irrep,mul))
        (f): ╭ a=[42496:1⨯(83,512)] b=[83:1⨯(1,83)] -> C=[512:1⨯(1,512)]
        ╰─ []·a[uv]·b[iu]➜C[iv] ─ num_paths=1 i=1 u=83 v=512
        SegmentedPolynomial(
          (m): SegmentedPolynomialNaive(
            (graphs): ModuleList(
              (0): uv,iu,iv operands=[(83, 512)],[(1, 83)],[(1, 512)] paths=[op0[0]*op1[0]*op2[0]*0.11]
            )
          )
          (fallback): SegmentedPolynomialNaive(
            (graphs): ModuleList(
              (0): uv,iu,iv operands=[(83, 512)],[(1, 83)],[(1, 512)] paths=[op0[0]*op1[0]*op2[0]*0.11]
            )
          )
        )
      )
      (linear_up): Linear(
        shared_weights=True, internal_weights=True, weight_numel=262144
        (transpose_in): TransposeIrrepsLayout((irrep,mul) -> (irrep,mul))
        (transpose_out): TransposeIrrepsLayout((irrep,mul) -> (irrep,mul))
        (f): ╭ a=[262144:1⨯(512,512)] b=[512:1⨯(1,512)] -> C=[512:1⨯(1,512)]
        ╰─ []·a[uv]·b[iu]➜C[iv] ─ num_paths=1 i=1 u=512 v=512
        SegmentedPolynomial(
          (m): SegmentedPolynomialNaive(
            (graphs): ModuleList(
              (0): uv,iu,iv operands=[(512, 512)],[(1, 512)],[(1, 512)] paths=[op0[0]*op1[0]*op2[0]*0.04]
            )
          )
          (fallback): SegmentedPolynomialNaive(
            (graphs): ModuleList(
              (0): uv,iu,iv operands=[(512, 512)],[(1, 512)],[(1, 512)] paths=[op0[0]*op1[0]*op2[0]*0.04]
            )
          )
        )
      )
      (conv_tp): FusedConvolution(
        (fused): ╭ a=[2048:4⨯(512)] b=[512:1⨯(512)] c=[16:16⨯()] -> D=[8192:16⨯(512)]
        ╰─ []·a[u]·b[u]·c[]➜D[u] ─ num_paths=16 u=512
        SegmentedPolynomial(
          (m): SegmentedPolynomialFromUniform1dJit()
          (fallback): SegmentedPolynomialFromUniform1dJit()
        )
        (unfused): ChannelWiseTensorProduct(
          shared_weights=False, internal_weights=False, weight_numel=2048
          (transpose_in1): TransposeIrrepsLayout((irrep,mul) -> (irrep,mul))
          (transpose_in2): TransposeIrrepsLayout((irrep,mul) -> (irrep,mul))
          (transpose_out): TransposeIrrepsLayout((irrep,mul) -> (irrep,mul))
          (f): ╭ a=[2048:4⨯(512,1)] b=[512:1⨯(1,512)] c=[16:(1,1)+(3,1)+(5,1)+...] -> D=[8192:(1,512,1)+(3,512,1)+...]
          ╰─ [ijk]·a[uv]·b[iu]·c[jv]➜D[kuv] ─ num_paths=4 i=1 j={1, 3, 5, 7} k={1, 3, 5, 7} u=512 v=1
          SegmentedPolynomial(
            (m): SegmentedPolynomialFromUniform1dJit()
            (fallback): SegmentedPolynomialFromUniform1dJit()
          )
        )
      )
      (conv_tp_weights): RadialMLP(
        (net): Sequential(
          (0): Linear(in_features=1032, out_features=64, bias=True)
          (1): LayerNorm((64,), eps=1e-05, elementwise_affine=True)
          (2): SiLU()
          (3): Linear(in_features=64, out_features=64, bias=True)
          (4): LayerNorm((64,), eps=1e-05, elementwise_affine=True)
          (5): SiLU()
          (6): Linear(in_features=64, out_features=64, bias=True)
          (7): LayerNorm((64,), eps=1e-05, elementwise_affine=True)
          (8): SiLU()
          (9): Linear(in_features=64, out_features=2048, bias=True)
        )
      )
      (skip_tp): Linear(
        shared_weights=True, internal_weights=True, weight_numel=262144
        (transpose_in): TransposeIrrepsLayout((irrep,mul) -> (irrep,mul))
        (transpose_out): TransposeIrrepsLayout((irrep,mul) -> (irrep,mul))
        (f): ╭ a=[262144:1⨯(512,512)] b=[512:1⨯(1,512)] -> C=[2048:(1,512)+(3,512)]
        ╰─ []·a[uv]·b[iu]➜C[iv] ─ num_paths=1 i={1, 3} u=512 v=512
        SegmentedPolynomial(
          (m): SegmentedPolynomialNaive(
            (graphs): ModuleList(
              (0): uv,iu,iv sizes=262144,512,2048 num_segments=1,1,2 num_paths=1 i={1, 3} u=512 v=512
            )
          )
          (fallback): SegmentedPolynomialNaive(
            (graphs): ModuleList(
              (0): uv,iu,iv sizes=262144,512,2048 num_segments=1,1,2 num_paths=1 i={1, 3} u=512 v=512
            )
          )
        )
      )
      (reshape): reshape_irreps()
      (equivariant_nonlin): GatedEquivariantBlock (2048x0e+512x1o+512x2e+512x3o -> 512x0e+512x1o+512x2e+512x3o | ir_mul)
      (linear_res): Linear(
        shared_weights=True, internal_weights=True, weight_numel=1048576
        (transpose_in): TransposeIrrepsLayout((irrep,mul) -> (irrep,mul))
        (transpose_out): TransposeIrrepsLayout((irrep,mul) -> (irrep,mul))
        (f): ╭ a=[1048576:1⨯(512,2048)] b=[512:1⨯(1,512)] -> C=[9728:(1,2048)+(3,512)+...]
        ╰─ []·a[uv]·b[iu]➜C[iv] ─ num_paths=1 i={1, 3, 5, 7} u=512 v={512, 2048}
        SegmentedPolynomial(
          (m): SegmentedPolynomialNaive(
            (graphs): ModuleList(
              (0): uv,iu,iv sizes=1048576,512,9728 num_segments=1,1,4 num_paths=1 i={1, 3, 5, 7} u=512 v={512, 2048}
            )
          )
          (fallback): SegmentedPolynomialNaive(
            (graphs): ModuleList(
              (0): uv,iu,iv sizes=1048576,512,9728 num_segments=1,1,4 num_paths=1 i={1, 3, 5, 7} u=512 v={512, 2048}
            )
          )
        )
      )
      (linear_1): Linear(
        shared_weights=True, internal_weights=True, weight_numel=1835008
        (transpose_in): TransposeIrrepsLayout((irrep,mul) -> (irrep,mul))
        (transpose_out): TransposeIrrepsLayout((irrep,mul) -> (irrep,mul))
        (f): ╭ a=[1835008:(512,2048)+(512,512)+...] b=[8192:(1,512)+(3,512)+...] -> C=[9728:(1,2048)+(3,512)+...]
        ╰─ []·a[uv]·b[iu]➜C[iv] ─ num_paths=4 i={1, 3, 5, 7} u=512 v={512, 2048}
        SegmentedPolynomial(
          (m): SegmentedPolynomialNaive(
            (graphs): ModuleList(
              (0): uv,iu,iv sizes=1835008,8192,9728 num_segments=4,4,4 num_paths=4 i={1, 3, 5, 7} u=512 v={512, 2048}
            )
          )
          (fallback): SegmentedPolynomialNaive(
            (graphs): ModuleList(
              (0): uv,iu,iv sizes=1835008,8192,9728 num_segments=4,4,4 num_paths=4 i={1, 3, 5, 7} u=512 v={512, 2048}
            )
          )
        )
      )
      (linear_2): Linear(
        shared_weights=True, internal_weights=True, weight_numel=1048576
        (transpose_in): TransposeIrrepsLayout((irrep,mul) -> (irrep,mul))
        (transpose_out): TransposeIrrepsLayout((irrep,mul) -> (irrep,mul))
        (f): ╭ a=[1048576:4⨯(512,512)] b=[8192:(1,512)+(3,512)+...] -> C=[8192:(1,512)+(3,512)+...]
        ╰─ []·a[uv]·b[iu]➜C[iv] ─ num_paths=4 i={1, 3, 5, 7} u=512 v=512
        SegmentedPolynomial(
          (m): SegmentedPolynomialNaive(
            (graphs): ModuleList(
              (0): uv,iu,iv sizes=1048576,8192,8192 num_segments=4,4,4 num_paths=4 i={1, 3, 5, 7} u=512 v=512
            )
          )
          (fallback): SegmentedPolynomialNaive(
            (graphs): ModuleList(
              (0): uv,iu,iv sizes=1048576,8192,8192 num_segments=4,4,4 num_paths=4 i={1, 3, 5, 7} u=512 v=512
            )
          )
        )
      )
      (density_fn): RadialMLP(
        (net): Sequential(
          (0): Linear(in_features=1032, out_features=64, bias=True)
          (1): LayerNorm((64,), eps=1e-05, elementwise_affine=True)
          (2): SiLU()
          (3): Linear(in_features=64, out_features=1, bias=True)
        )
      )
    )
    (1): RealAgnosticResidualNonLinearInteractionBlock(
      (source_embedding): Linear(
        shared_weights=True, internal_weights=True, weight_numel=42496
        (transpose_in): TransposeIrrepsLayout((irrep,mul) -> (irrep,mul))
        (transpose_out): TransposeIrrepsLayout((irrep,mul) -> (irrep,mul))
        (f): ╭ a=[42496:1⨯(83,512)] b=[83:1⨯(1,83)] -> C=[512:1⨯(1,512)]
        ╰─ []·a[uv]·b[iu]➜C[iv] ─ num_paths=1 i=1 u=83 v=512
        SegmentedPolynomial(
          (m): SegmentedPolynomialNaive(
            (graphs): ModuleList(
              (0): uv,iu,iv operands=[(83, 512)],[(1, 83)],[(1, 512)] paths=[op0[0]*op1[0]*op2[0]*0.11]
            )
          )
          (fallback): SegmentedPolynomialNaive(
            (graphs): ModuleList(
              (0): uv,iu,iv operands=[(83, 512)],[(1, 83)],[(1, 512)] paths=[op0[0]*op1[0]*op2[0]*0.11]
            )
          )
        )
      )
      (target_embedding): Linear(
        shared_weights=True, internal_weights=True, weight_numel=42496
        (transpose_in): TransposeIrrepsLayout((irrep,mul) -> (irrep,mul))
        (transpose_out): TransposeIrrepsLayout((irrep,mul) -> (irrep,mul))
        (f): ╭ a=[42496:1⨯(83,512)] b=[83:1⨯(1,83)] -> C=[512:1⨯(1,512)]
        ╰─ []·a[uv]·b[iu]➜C[iv] ─ num_paths=1 i=1 u=83 v=512
        SegmentedPolynomial(
          (m): SegmentedPolynomialNaive(
            (graphs): ModuleList(
              (0): uv,iu,iv operands=[(83, 512)],[(1, 83)],[(1, 512)] paths=[op0[0]*op1[0]*op2[0]*0.11]
            )
          )
          (fallback): SegmentedPolynomialNaive(
            (graphs): ModuleList(
              (0): uv,iu,iv operands=[(83, 512)],[(1, 83)],[(1, 512)] paths=[op0[0]*op1[0]*op2[0]*0.11]
            )
          )
        )
      )
      (linear_up): Linear(
        shared_weights=True, internal_weights=True, weight_numel=131072
        (transpose_in): TransposeIrrepsLayout((irrep,mul) -> (irrep,mul))
        (transpose_out): TransposeIrrepsLayout((irrep,mul) -> (irrep,mul))
        (f): ╭ a=[131072:2⨯(512,128)] b=[2048:(1,512)+(3,512)] -> C=[512:(1,128)+(3,128)]
        ╰─ []·a[uv]·b[iu]➜C[iv] ─ num_paths=2 i={1, 3} u=512 v=128
        SegmentedPolynomial(
          (m): SegmentedPolynomialNaive(
            (graphs): ModuleList(
              (0): uv,iu,iv sizes=131072,2048,512 num_segments=2,2,2 num_paths=2 i={1, 3} u=512 v=128
            )
          )
          (fallback): SegmentedPolynomialNaive(
            (graphs): ModuleList(
              (0): uv,iu,iv sizes=131072,2048,512 num_segments=2,2,2 num_paths=2 i={1, 3} u=512 v=128
            )
          )
        )
      )
      (conv_tp): FusedConvolution(
        (fused): ╭ a=[1280:10⨯(128)] b=[512:4⨯(128)] c=[16:16⨯()] -> D=[5120:40⨯(128)]
        ╰─ []·a[u]·b[u]·c[]➜D[u] ─ num_paths=86 u=128
        SegmentedPolynomial(
          (m): SegmentedPolynomialFromUniform1dJit()
          (fallback): SegmentedPolynomialFromUniform1dJit()
        )
        (unfused): ChannelWiseTensorProduct(
          shared_weights=False, internal_weights=False, weight_numel=1280
          (transpose_in1): TransposeIrrepsLayout((irrep,mul) -> (irrep,mul))
          (transpose_in2): TransposeIrrepsLayout((irrep,mul) -> (irrep,mul))
          (transpose_out): TransposeIrrepsLayout((irrep,mul) -> (irrep,mul))
          (f): ╭ a=[1280:10⨯(128,1)] b=[512:(1,128)+(3,128)] c=[16:(1,1)+(3,1)+(5,1)+...] -> D=[5120:(1,128,1)+(1,128,1)+...]
          ╰─ [ijk]·a[uv]·b[iu]·c[jv]➜D[kuv] ─ num_paths=10 i={1, 3} j={1, 3, 5, 7} k={1, 3, 5, 7} u=128 v=1
          SegmentedPolynomial(
            (m): SegmentedPolynomialFromUniform1dJit()
            (fallback): SegmentedPolynomialFromUniform1dJit()
          )
        )
      )
      (conv_tp_weights): RadialMLP(
        (net): Sequential(
          (0): Linear(in_features=1032, out_features=64, bias=True)
          (1): LayerNorm((64,), eps=1e-05, elementwise_affine=True)
          (2): SiLU()
          (3): Linear(in_features=64, out_features=64, bias=True)
          (4): LayerNorm((64,), eps=1e-05, elementwise_affine=True)
          (5): SiLU()
          (6): Linear(in_features=64, out_features=64, bias=True)
          (7): LayerNorm((64,), eps=1e-05, elementwise_affine=True)
          (8): SiLU()
          (9): Linear(in_features=64, out_features=1280, bias=True)
        )
      )
      (skip_tp): Linear(
        shared_weights=True, internal_weights=True, weight_numel=524288
        (transpose_in): TransposeIrrepsLayout((irrep,mul) -> (irrep,mul))
        (transpose_out): TransposeIrrepsLayout((irrep,mul) -> (irrep,mul))
        (f): ╭ a=[524288:2⨯(512,512)] b=[2048:(1,512)+(3,512)] -> C=[2048:(1,512)+(3,512)]
        ╰─ []·a[uv]·b[iu]➜C[iv] ─ num_paths=2 i={1, 3} u=512 v=512
        SegmentedPolynomial(
          (m): SegmentedPolynomialNaive(
            (graphs): ModuleList(
              (0): uv,iu,iv sizes=524288,2048,2048 num_segments=2,2,2 num_paths=2 i={1, 3} u=512 v=512
            )
          )
          (fallback): SegmentedPolynomialNaive(
            (graphs): ModuleList(
              (0): uv,iu,iv sizes=524288,2048,2048 num_segments=2,2,2 num_paths=2 i={1, 3} u=512 v=512
            )
          )
        )
      )
      (reshape): reshape_irreps()
      (equivariant_nonlin): GatedEquivariantBlock (2048x0e+512x1o+512x2e+512x3o -> 512x0e+512x1o+512x2e+512x3o | ir_mul)
      (linear_res): Linear(
        shared_weights=True, internal_weights=True, weight_numel=327680
        (transpose_in): TransposeIrrepsLayout((irrep,mul) -> (irrep,mul))
        (transpose_out): TransposeIrrepsLayout((irrep,mul) -> (irrep,mul))
        (f): ╭ a=[327680:(128,2048)+(128,512)] b=[512:(1,128)+(3,128)] -> C=[9728:(1,2048)+(3,512)+...]
        ╰─ []·a[uv]·b[iu]➜C[iv] ─ num_paths=2 i={1, 3, 5, 7} u=128 v={512, 2048}
        SegmentedPolynomial(
          (m): SegmentedPolynomialNaive(
            (graphs): ModuleList(
              (0): uv,iu,iv sizes=327680,512,9728 num_segments=2,2,4 num_paths=2 i={1, 3, 5, 7} u=128 v={512, 2048}
            )
          )
          (fallback): SegmentedPolynomialNaive(
            (graphs): ModuleList(
              (0): uv,iu,iv sizes=327680,512,9728 num_segments=2,2,4 num_paths=2 i={1, 3, 5, 7} u=128 v={512, 2048}
            )
          )
        )
      )
      (linear_1): Linear(
        shared_weights=True, internal_weights=True, weight_numel=1048576
        (transpose_in): TransposeIrrepsLayout((irrep,mul) -> (irrep,mul))
        (transpose_out): TransposeIrrepsLayout((irrep,mul) -> (irrep,mul))
        (f): ╭ a=[1048576:(128,2048)+...] b=[5120:(1,128)+(1,128)+...] -> C=[9728:(1,2048)+(3,512)+...]
        ╰─ []·a[uv]·b[iu]➜C[iv] ─ num_paths=10 i={1, 3, 5, 7} u=128 v={512, 2048}
        SegmentedPolynomial(
          (m): SegmentedPolynomialNaive(
            (graphs): ModuleList(
              (0): uv,iu,iv sizes=1048576,5120,9728 num_segments=10,10,4 num_paths=10 i={1, 3, 5, 7} u=128 v={512, 2048}
            )
          )
          (fallback): SegmentedPolynomialNaive(
            (graphs): ModuleList(
              (0): uv,iu,iv sizes=1048576,5120,9728 num_segments=10,10,4 num_paths=10 i={1, 3, 5, 7} u=128 v={512, 2048}
            )
          )
        )
      )
      (linear_2): Linear(
        shared_weights=True, internal_weights=True, weight_numel=1048576
        (transpose_in): TransposeIrrepsLayout((irrep,mul) -> (irrep,mul))
        (transpose_out): TransposeIrrepsLayout((irrep,mul) -> (irrep,mul))
        (f): ╭ a=[1048576:4⨯(512,512)] b=[8192:(1,512)+(3,512)+...] -> C=[8192:(1,512)+(3,512)+...]
        ╰─ []·a[uv]·b[iu]➜C[iv] ─ num_paths=4 i={1, 3, 5, 7} u=512 v=512
        SegmentedPolynomial(
          (m): SegmentedPolynomialNaive(
            (graphs): ModuleList(
              (0): uv,iu,iv sizes=1048576,8192,8192 num_segments=4,4,4 num_paths=4 i={1, 3, 5, 7} u=512 v=512
            )
          )
          (fallback): SegmentedPolynomialNaive(
            (graphs): ModuleList(
              (0): uv,iu,iv sizes=1048576,8192,8192 num_segments=4,4,4 num_paths=4 i={1, 3, 5, 7} u=512 v=512
            )
          )
        )
      )
      (density_fn): RadialMLP(
        (net): Sequential(
          (0): Linear(in_features=1032, out_features=64, bias=True)
          (1): LayerNorm((64,), eps=1e-05, elementwise_affine=True)
          (2): SiLU()
          (3): Linear(in_features=64, out_features=1, bias=True)
        )
      )
    )
  )
  (products): ModuleList(
    (0-1): 2 x EquivariantProductBasisBlock(
      (symmetric_contractions): SymmetricContraction(
        contraction_degree=3, weight_shape=(86, 512)
        (transpose_in): TransposeIrrepsLayout((irrep,mul) -> (irrep,mul))
        (transpose_out): TransposeIrrepsLayout((irrep,mul) -> (irrep,mul))
        (f): ╭ a=[14848:29⨯(512)] b=[8192:16⨯(512)] -> C=[2048:4⨯(512)]
        │  []·a[u]·b[u]➜C[u] ─────────── num_paths=4 u=512
        │  []·a[u]·b[u]·b[u]➜C[u] ────── num_paths=86 u=512
        ╰─ []·a[u]·b[u]·b[u]·b[u]➜C[u] ─ num_paths=1949 u=512
        SegmentedPolynomial(
          (m): SegmentedPolynomialFromUniform1dJit()
          (fallback): SegmentedPolynomialFromUniform1dJit()
        )
      )
      (linear): Linear(
        shared_weights=True, internal_weights=True, weight_numel=524288
        (transpose_in): TransposeIrrepsLayout((irrep,mul) -> (irrep,mul))
        (transpose_out): TransposeIrrepsLayout((irrep,mul) -> (irrep,mul))
        (f): ╭ a=[524288:2⨯(512,512)] b=[2048:(1,512)+(3,512)] -> C=[2048:(1,512)+(3,512)]
        ╰─ []·a[uv]·b[iu]➜C[iv] ─ num_paths=2 i={1, 3} u=512 v=512
        SegmentedPolynomial(
          (m): SegmentedPolynomialNaive(
            (graphs): ModuleList(
              (0): uv,iu,iv sizes=524288,2048,2048 num_segments=2,2,2 num_paths=2 i={1, 3} u=512 v=512
            )
          )
          (fallback): SegmentedPolynomialNaive(
            (graphs): ModuleList(
              (0): uv,iu,iv sizes=524288,2048,2048 num_segments=2,2,2 num_paths=2 i={1, 3} u=512 v=512
            )
          )
        )
      )
    )
  )
  (readouts): ModuleList(
    (0): LinearReadoutBlock(
      (linear): Linear(512x0e+512x1o -> 1x0e | 512 weights)
    )
    (1): NonLinearBiasReadoutBlock(
      (linear_1): Linear(512x0e+512x1o -> 16x0e | 8192 weights)
      (non_linearity): Activation [x] (16x0e -> 16x0e)
      (linear_mid): Linear(16x0e -> 16x0e | 256 weights)
      (linear_2): Linear(16x0e -> 1x0e | 16 weights)
    )
  )
  (electric_potential_descriptor): GTOElectrostaticFeatures(
    (density_basis): GTOBasis(
      (radial_spline): RadialIntegralDirect()
      (spherical_harmonics): SphericalHarmonics()
    )
    (feature_basis): GTOBasis(
      (radial_spline): RadialIntegralDirect()
      (spherical_harmonics): SphericalHarmonics()
    )
    (self_interaction_terms): GTOSelfInteractionBlock()
    (realspace_features): RealSpaceFiniteDifferenceElectrostaticFeatures(
      (self_interaction): GTOSelfInteractionBlock()
    )
    (non_periodic_correction_terms): NonPeriodicFeatureCorrections(
      (self_field): CorrectivePotentialBlock()
      (displaced_interactions): GTOInternalFieldtoFeaturesBlock()
    )
  )
  (lr_source_maps): ModuleList(
    (0-1): 2 x GeneralNonLinearBiasReadoutBlock(
      (equivariant_nonlin): Gate (64x0e -> 64x0e)
      (linear_1): Linear(512x0e+512x1o -> 64x0e | 32768 weights)
      (linear_mid): Linear(64x0e -> 64x0e | 4096 weights)
      (linear_2): Linear(64x0e -> 1x0e+1x1o | 64 weights)
    )
  )
  (field_dependent_charges_map): CoupledResponse(
    (chemical_scalar): Linear(in_features=512, out_features=64, bias=True)
    (chemical_vector): Linear(in_features=512, out_features=16, bias=False)
    (shared): Sequential(
      (0): Linear(in_features=96, out_features=64, bias=True)
      (1): SiLU()
      (2): Linear(in_features=64, out_features=64, bias=True)
      (3): SiLU()
    )
    (vector_out): Linear(in_features=64, out_features=96, bias=True)
    (scalar_out): Linear(in_features=64, out_features=4, bias=True)
    (dipole_hardness): Linear(in_features=64, out_features=1, bias=True)
    (state_scalar): Linear(in_features=3, out_features=64, bias=False)
    (state_vector): Linear(in_features=3, out_features=16, bias=False)
    (neighbor_scalar): Linear(in_features=3, out_features=64, bias=False)
    (neighbor_vector): Linear(in_features=3, out_features=16, bias=False)
    (neighbor_divergence): Linear(in_features=3, out_features=64, bias=False)
    (neighbor_gradient): Linear(in_features=3, out_features=16, bias=False)
    (common_level): Linear(in_features=64, out_features=1, bias=False)
    (local_source_scalar): Linear(in_features=64, out_features=2, bias=False)
    (local_source_vector): Linear(in_features=16, out_features=2, bias=False)
  )
  (local_electron_energy): Identity()
  (external_field_contribution): DisplacedGTOExternalFieldBlock()
  (external_field_contribution_internal): GTOInternalFieldtoFeaturesBlock()
  (coulomb_energy): GTOElectrostaticEnergy(
    (density_basis): GTOBasis(
      (radial_spline): RadialIntegralDirect()
      (spherical_harmonics): SphericalHarmonics()
    )
    (self_interaction_terms): GTOSelfInteractionBlock()
    (realspace_energy): RealSpaceFiniteDiffereneEnergy(
      (self_interaction): GTOSelfInteractionBlock()
    )
    (monopole_dipole_correction): MonopoleDipoleCorrectionBlock()
  )
  (layer_feature_mixer): MultiLayerFeatureMixer(
    (linears): ModuleList(
      (0-1): 2 x Linear(512x0e+512x1o -> 512x0e+512x1o | 524288 weights)
    )
  )
)
2026-10-06 22:15:12.103 INFO: Number of parameters: 10574661
2026-10-06 22:15:12.103 INFO: Optimizer: AdamW (
Parameter Group 0
    amsgrad: False
    betas: (0.9, 0.999)
    capturable: False
    decoupled_weight_decay: True
    differentiable: False
    eps: 1e-08
    foreach: None
    fused: None
    lr: 0.001
    maximize: False
    name: embedding
    weight_decay: 0.0

Parameter Group 1
    amsgrad: False
    betas: (0.9, 0.999)
    capturable: False
    decoupled_weight_decay: True
    differentiable: False
    eps: 1e-08
    foreach: None
    fused: None
    lr: 0.001
    maximize: False
    name: interactions_no_decay
    weight_decay: 0.0

Parameter Group 2
    amsgrad: False
    betas: (0.9, 0.999)
    capturable: False
    decoupled_weight_decay: True
    differentiable: False
    eps: 1e-08
    foreach: None
    fused: None
    lr: 0.001
    maximize: False
    name: products
    weight_decay: 0.001

Parameter Group 3
    amsgrad: False
    betas: (0.9, 0.999)
    capturable: False
    decoupled_weight_decay: True
    differentiable: False
    eps: 1e-08
    foreach: None
    fused: None
    lr: 0.001
    maximize: False
    name: readouts
    weight_decay: 0.0

Parameter Group 4
    amsgrad: False
    betas: (0.9, 0.999)
    capturable: False
    decoupled_weight_decay: True
    differentiable: False
    eps: 1e-08
    foreach: None
    fused: None
    lr: 0.001
    maximize: False
    name: lr_source_maps
    weight_decay: 0.0

Parameter Group 5
    amsgrad: False
    betas: (0.9, 0.999)
    capturable: False
    decoupled_weight_decay: True
    differentiable: False
    eps: 1e-08
    foreach: None
    fused: None
    lr: 0.001
    maximize: False
    name: field_dependent_charges_map
    weight_decay: 0.01

Parameter Group 6
    amsgrad: False
    betas: (0.9, 0.999)
    capturable: False
    decoupled_weight_decay: True
    differentiable: False
    eps: 1e-08
    foreach: None
    fused: None
    lr: 0.001
    maximize: False
    name: layer_feature_mixer
    weight_decay: 0.001
)
2026-10-06 22:15:12.103 INFO: Foundation feature extractor frozen=True; energy/electronic readouts remain trainable
2026-10-06 22:15:12.103 INFO: WeightedLoss(energy_per_atom_weight=100, forces_weight=500, dipole_weight=10, fourier_density_weight=10, fourier_density options: reference=farfield, fourier_potential_weight=100, fourier_potential options: vacuum_weight=1, full_spectrum=True, fermi_level_weight=100, )
2026-10-06 22:15:12.103 INFO: FixedPointWrapper: mode=unroll_scf, scf_options=FixedPointSCFOptions(num_scf_steps=12, scf_tolerance=1e-06, mixing_parameter=0.5, constant_charge=True, use_autograd_forces=True, initial_density='local_guess', initial_fermi_level='zero'), linear_solve=inverse, fixedpoint_scf_stability=False
2026-10-06 22:15:12.103 INFO: Setting global learning rate to 0.001
2026-10-06 22:15:12.109 INFO: CoupledResponse mode=unroll_scf: 12 training steps; 50 validation/deployment steps
2026-10-06 22:27:33.396 INFO: Epoch 0: loss=57.6189, RMSE_E_per_atom=30.5014 meV, RMSE_F=233.8626 meV/A, RMSE_MU_per_atom=2.9727 meA, RMSE_RHO=0.3972 me/A^3, RMSE_EF=242.6649 meV, RMSE_ESP(tot/vac)=346.0935/321.2977 mV, RMSE_WF(abs/rel)=484.4024/483.3318 meV
2026-10-06 22:27:33.417 INFO: 50-step electronic residual maximum: 3.1308e-11
2026-10-06 22:27:33.423 INFO: Optimizer epoch 0: lr=[0.001, 0.001, 0.001, 0.001, 0.001, 0.001, 0.001], mean gradient norm=1202.4, clipped=1385/1385
2026-10-06 22:27:33.424 INFO: Epoch timing: train=586.325s, validation=154.995s, updates=1385, train/update=0.42334s, peak allocated=3490.6 MiB, backbone=CuEq
2026-10-06 22:27:58.014 INFO: Electronic diagnostic {"train": {"graphs": 32, "charge_span": [-0.0, -0.0], "step_comparison": [[{"steps": 12, "WF_eV": 4.219547387674343, "EF_eV": -2.766460267913587, "residual": 6.810513130662242e-05}, {"steps": 50, "WF_eV": 4.219374942592622, "EF_eV": -2.7665032305017867, "residual": 1.5120196761309046e-13}, {"steps": 100, "WF_eV": 4.219374942592298, "EF_eV": -2.766503230501877, "residual": 1.7763568394002505e-15}], [{"steps": 12, "WF_eV": 7.943029211057993, "EF_eV": -1.1544113456768836, "residual": 0.001823833869333713}, {"steps": 50, "WF_eV": 7.944671567096137, "EF_eV": -1.1549826160850134, "residual": 7.527312106958561e-14}, {"steps": 100, "WF_eV": 7.944671567095364, "EF_eV": -1.1549826160847017, "residual": 3.552713678800501e-15}]], "dEF_dQ_and_dWF_dQ_eV_per_e": [[-2.3987049649786485, 4.363829148604825], [-2.5456680668566656, 4.3040997448827945]], "force_RMSE_by_atomic_number_eV_A": {"1": 0.1744454793304708, "8": 0.21655502028623522, "77": 0.31363401043389844}, "force_RMSE_eV_A": 0.2212740186038063, "charge_response_identifiability": "Single-charge data do not determine capacitance; slopes above are predictions, not validation.", "EF_vac_WF_RMSE": [0.2384634801013618, 0.2564442908648338, 0.3973726894833372], "EF_vac_WF_bias": [0.02709562745799451, 0.06383183201551854, 0.036736204557524084], "EF_vac_covariance": -0.019367837884254148, "WF_relative_RMSE_eV": 0.3956709562527031, "WF_error_variance_from_EF_vac_covariance": 0.15655550562192855, "reference_WF_identity_max_error_eV": 6.661338147750939e-16, "spectral_vacuum_minus_EF_plus_WF_RMSE_eV": 0.017911616927492383, "low_k_potential_error_power_fraction": 0.667618917739408, "low_k_mode_fraction": 0.02374020156774916, "low_k_error_concentration": 28.121872336853365}, "validation": {"graphs": 16, "charge_span": [-0.0, -0.0], "step_comparison": [[{"steps": 12, "WF_eV": 7.701407915814852, "EF_eV": -1.1412733992358681, "residual": 0.0016749461247813624}, {"steps": 50, "WF_eV": 7.703239530642053, "EF_eV": -1.1419539168193185, "residual": 1.176836406102666e-13}, {"steps": 100, "WF_eV": 7.703239530641392, "EF_eV": -1.1419539168190165, "residual": 3.552713678800501e-15}], [{"steps": 12, "WF_eV": 6.595914055230639, "EF_eV": -0.38994205645941715, "residual": 0.0011840406492540367}, {"steps": 50, "WF_eV": 6.597998167009772, "EF_eV": -0.3905528717728286, "residual": 2.737809978725636e-13}, {"steps": 100, "WF_eV": 6.597998167009771, "EF_eV": -0.39055287177278597, "residual": 3.552713678800501e-15}]], "dEF_dQ_and_dWF_dQ_eV_per_e": [[-2.556210027970096, 4.363628212618842], [-1.0198221130541696, 1.870024771420864]], "force_RMSE_by_atomic_number_eV_A": {"8": 0.22027130417213894, "77": 0.3097014278887631, "1": 0.16143906633858535}, "force_RMSE_eV_A": 0.21883542393281996, "charge_response_identifiability": "Single-charge data do not determine capacitance; slopes above are predictions, not validation.", "EF_vac_WF_RMSE": [0.1603119420697037, 0.22329281179353852, 0.3050550764150517], "EF_vac_WF_bias": [0.03706168070861439, 0.05455887518984556, 0.017497194481231215], "EF_vac_covariance": -0.010771544150991417, "WF_relative_RMSE_eV": 0.30455286541400167, "WF_error_variance_from_EF_vac_covariance": 0.09275244783187904, "reference_WF_identity_max_error_eV": 8.881784197001252e-16, "spectral_vacuum_minus_EF_plus_WF_RMSE_eV": 0.013575822888915484, "low_k_potential_error_power_fraction": 0.5930063226607013, "low_k_mode_fraction": 0.023, "low_k_error_concentration": 25.782883593943534}, "model_field_readout_probe": {"selected": "no correction", "inner_RMSE": 0.48005656347649095, "development_RMSE": 0.3050550764150517}, "epoch": 0, "WF_generalization": {"panel_relative_gap_eV": -0.09111809083870143, "validation_covariance_amplification_eV2": 0.021543088301982833, "bias_only_correction_is_insufficient": true}, "response_weight_norms": {"vector_out.weight": 3.75514162033167, "scalar_out.weight": 0.9198296811388895, "state_scalar.weight": 4.332026517216466, "state_vector.weight": 2.5433639161391692, "neighbor_scalar.weight": 0.5260820341451409, "neighbor_vector.weight": 0.709287126875899, "common_level.weight": 0.2188675256969554}, "regularization": {"field_weight_decay": 0.01}, "scope": "Deterministic panels, not whole-dataset metrics. Validation is development data, never used for fitting or selecting the probe."}
2026-10-06 23:12:10.938 INFO: Epoch 5: loss=14.5263, RMSE_E_per_atom=16.3381 meV, RMSE_F=108.7809 meV/A, RMSE_MU_per_atom=0.9536 meA, RMSE_RHO=0.3039 me/A^3, RMSE_EF=144.5039 meV, RMSE_ESP(tot/vac)=156.1317/175.4332 mV, RMSE_WF(abs/rel)=294.2349/292.2948 meV
2026-10-06 23:12:10.975 INFO: 50-step electronic residual maximum: 5.3944e-10
2026-10-06 23:12:10.989 INFO: Optimizer epoch 5: lr=[0.001, 0.001, 0.001, 0.001, 0.001, 0.001, 0.001], mean gradient norm=637.04, clipped=1369/1385
2026-10-06 23:12:10.989 INFO: Epoch timing: train=489.463s, validation=150.271s, updates=1385, train/update=0.35340s, peak allocated=3570.3 MiB, backbone=CuEq
2026-10-06 23:47:16.906 INFO: Epoch 9: loss=10.3896, RMSE_E_per_atom=14.4473 meV, RMSE_F=90.2882 meV/A, RMSE_MU_per_atom=0.7485 meA, RMSE_RHO=0.2631 me/A^3, RMSE_EF=116.9233 meV, RMSE_ESP(tot/vac)=141.2169/148.4044 mV, RMSE_WF(abs/rel)=239.6465/239.3506 meV
2026-10-06 23:47:16.943 INFO: 50-step electronic residual maximum: 4.2352e-08
2026-10-06 23:47:16.949 INFO: Optimizer epoch 9: lr=[0.001, 0.001, 0.001, 0.001, 0.001, 0.001, 0.001], mean gradient norm=475.98, clipped=1357/1385
2026-10-06 23:47:16.950 INFO: Epoch timing: train=491.293s, validation=151.906s, updates=1385, train/update=0.35472s, peak allocated=3571.3 MiB, backbone=CuEq
2026-10-06 23:47:17.442 INFO: Foundation feature extractor frozen=False; energy/electronic readouts remain trainable
2026-10-06 23:47:17.442 INFO: WeightedLoss(energy_per_atom_weight=100, forces_weight=500, dipole_weight=10, fourier_density_weight=10, fourier_density options: reference=farfield, fourier_potential_weight=100, fourier_potential options: vacuum_weight=1, full_spectrum=True, fermi_level_weight=100, )
2026-10-06 23:47:17.442 INFO: FixedPointWrapper: mode=unroll_scf, scf_options=FixedPointSCFOptions(num_scf_steps=12, scf_tolerance=1e-06, mixing_parameter=0.5, constant_charge=True, use_autograd_forces=True, initial_density='local_guess', initial_fermi_level='zero'), linear_solve=inverse, fixedpoint_scf_stability=False
2026-10-06 23:47:17.443 INFO: Setting global learning rate to 0.001
2026-10-06 23:47:17.448 INFO: CoupledResponse mode=unroll_scf: 12 training steps; 50 validation/deployment steps
2026-10-07 00:00:11.688 INFO: Epoch 10: loss=12.0548, RMSE_E_per_atom=13.4828 meV, RMSE_F=61.2872 meV/A, RMSE_MU_per_atom=0.9500 meA, RMSE_RHO=0.2397 me/A^3, RMSE_EF=178.9904 meV, RMSE_ESP(tot/vac)=174.2394/181.2713 mV, RMSE_WF(abs/rel)=323.8095/318.4052 meV
2026-10-07 00:00:11.728 INFO: 50-step electronic residual maximum: 1.6431e-10
2026-10-07 00:00:11.740 INFO: Optimizer epoch 10: lr=[0.001, 0.001, 0.001, 0.001, 0.001, 0.001, 0.001], mean gradient norm=814.04, clipped=1385/1385
2026-10-07 00:00:11.740 INFO: Epoch timing: train=621.749s, validation=152.548s, updates=1385, train/update=0.44892s, peak allocated=4886.6 MiB, backbone=CuEq
2026-10-07 00:45:57.026 INFO: Epoch 15: loss=5.97028, RMSE_E_per_atom=10.8508 meV, RMSE_F=42.5379 meV/A, RMSE_MU_per_atom=0.6907 meA, RMSE_RHO=0.1372 me/A^3, RMSE_EF=124.1279 meV, RMSE_ESP(tot/vac)=121.4665/134.8762 mV, RMSE_WF(abs/rel)=228.1810/228.0308 meV
2026-10-07 00:45:57.044 INFO: 50-step electronic residual maximum: 9.8048e-09
2026-10-07 00:45:57.050 INFO: Optimizer epoch 15: lr=[0.001, 0.001, 0.001, 0.001, 0.001, 0.001, 0.001], mean gradient norm=278.97, clipped=1365/1385
2026-10-07 00:45:57.050 INFO: Epoch timing: train=507.682s, validation=151.600s, updates=1385, train/update=0.36656s, peak allocated=4885.8 MiB, backbone=CuEq
2026-10-07 01:31:55.689 INFO: Epoch 20: loss=3.60814, RMSE_E_per_atom=9.2892 meV, RMSE_F=37.1866 meV/A, RMSE_MU_per_atom=0.4966 meA, RMSE_RHO=0.1021 me/A^3, RMSE_EF=94.3510 meV, RMSE_ESP(tot/vac)=89.1091/105.0509 mV, RMSE_WF(abs/rel)=168.0200/166.5771 meV
2026-10-07 01:31:55.713 INFO: 50-step electronic residual maximum: 0.56008
2026-10-07 01:31:55.720 INFO: Optimizer epoch 20: lr=[0.001, 0.001, 0.001, 0.001, 0.001, 0.001, 0.001], mean gradient norm=197.99, clipped=1359/1385
2026-10-07 01:31:55.720 INFO: Epoch timing: train=523.466s, validation=152.265s, updates=1385, train/update=0.37795s, peak allocated=4887.8 MiB, backbone=CuEq
2026-10-07 01:31:55.720 INFO: 50-step finite-budget validation residual 0.56008 exceeds equilibrium tolerance 1e-06; metrics describe the exported finite trajectory, not a converged root
2026-10-07 02:18:02.589 INFO: Epoch 25: loss=3.37256, RMSE_E_per_atom=8.4656 meV, RMSE_F=34.5579 meV/A, RMSE_MU_per_atom=0.4655 meA, RMSE_RHO=0.0739 me/A^3, RMSE_EF=86.0361 meV, RMSE_ESP(tot/vac)=87.9161/108.8816 mV, RMSE_WF(abs/rel)=169.5059/169.5026 meV
2026-10-07 02:18:02.612 INFO: 50-step electronic residual maximum: 1.077e-05
2026-10-07 02:18:02.619 INFO: Optimizer epoch 25: lr=[0.001, 0.001, 0.001, 0.001, 0.001, 0.001, 0.001], mean gradient norm=172.14, clipped=1342/1385
2026-10-07 02:18:02.619 INFO: Epoch timing: train=519.330s, validation=150.088s, updates=1385, train/update=0.37497s, peak allocated=4883.4 MiB, backbone=CuEq
2026-10-07 02:18:02.619 INFO: 50-step finite-budget validation residual 1.077e-05 exceeds equilibrium tolerance 1e-06; metrics describe the exported finite trajectory, not a converged root
2026-10-07 03:04:02.241 INFO: Epoch 30: loss=2.89421, RMSE_E_per_atom=9.8096 meV, RMSE_F=31.3934 meV/A, RMSE_MU_per_atom=0.4248 meA, RMSE_RHO=0.0662 me/A^3, RMSE_EF=82.1807 meV, RMSE_ESP(tot/vac)=82.7012/98.7484 mV, RMSE_WF(abs/rel)=153.7762/150.0703 meV
2026-10-07 03:04:02.272 INFO: 50-step electronic residual maximum: 8.1835e-05
2026-10-07 03:04:02.279 INFO: Optimizer epoch 30: lr=[0.001, 0.001, 0.001, 0.001, 0.001, 0.001, 0.001], mean gradient norm=144.04, clipped=1333/1385
2026-10-07 03:04:02.279 INFO: Epoch timing: train=522.850s, validation=152.002s, updates=1385, train/update=0.37751s, peak allocated=4887.8 MiB, backbone=CuEq
2026-10-07 03:04:02.279 INFO: 50-step finite-budget validation residual 8.1835e-05 exceeds equilibrium tolerance 1e-06; metrics describe the exported finite trajectory, not a converged root
2026-10-07 03:50:05.052 INFO: Epoch 35: loss=2.67087, RMSE_E_per_atom=7.6298 meV, RMSE_F=29.8318 meV/A, RMSE_MU_per_atom=0.4186 meA, RMSE_RHO=0.0582 me/A^3, RMSE_EF=69.0016 meV, RMSE_ESP(tot/vac)=79.5686/103.1213 mV, RMSE_WF(abs/rel)=153.0250/150.9485 meV
2026-10-07 03:50:05.073 INFO: 50-step electronic residual maximum: 9.5022e-05
2026-10-07 03:50:05.080 INFO: Optimizer epoch 35: lr=[0.001, 0.001, 0.001, 0.001, 0.001, 0.001, 0.001], mean gradient norm=133.78, clipped=1330/1385
2026-10-07 03:50:05.081 INFO: Epoch timing: train=522.966s, validation=152.664s, updates=1385, train/update=0.37759s, peak allocated=4883.4 MiB, backbone=CuEq
2026-10-07 03:50:05.081 INFO: 50-step finite-budget validation residual 9.5022e-05 exceeds equilibrium tolerance 1e-06; metrics describe the exported finite trajectory, not a converged root
2026-10-07 04:35:49.645 INFO: Epoch 40: loss=2.63526, RMSE_E_per_atom=8.1336 meV, RMSE_F=29.2038 meV/A, RMSE_MU_per_atom=0.4026 meA, RMSE_RHO=0.0536 me/A^3, RMSE_EF=68.3795 meV, RMSE_ESP(tot/vac)=81.0688/101.8024 mV, RMSE_WF(abs/rel)=152.2310/152.1908 meV
2026-10-07 04:35:49.670 INFO: 50-step electronic residual maximum: 5.2086e-08
2026-10-07 04:35:49.678 INFO: Optimizer epoch 40: lr=[0.001, 0.001, 0.001, 0.001, 0.001, 0.001, 0.001], mean gradient norm=127.92, clipped=1332/1385
2026-10-07 04:35:49.678 INFO: Epoch timing: train=521.872s, validation=152.189s, updates=1385, train/update=0.37680s, peak allocated=4887.8 MiB, backbone=CuEq
2026-10-07 05:22:02.798 INFO: Epoch 45: loss=2.89385, RMSE_E_per_atom=7.6431 meV, RMSE_F=29.2650 meV/A, RMSE_MU_per_atom=0.4712 meA, RMSE_RHO=0.0497 me/A^3, RMSE_EF=72.8891 meV, RMSE_ESP(tot/vac)=84.8289/107.9684 mV, RMSE_WF(abs/rel)=162.5385/162.5282 meV
2026-10-07 05:22:02.830 INFO: 50-step electronic residual maximum: 4.0912e-06
2026-10-07 05:22:02.834 INFO: Optimizer epoch 45: lr=[0.001, 0.001, 0.001, 0.001, 0.001, 0.001, 0.001], mean gradient norm=129.85, clipped=1319/1385
2026-10-07 05:22:02.834 INFO: Epoch timing: train=523.779s, validation=152.081s, updates=1385, train/update=0.37818s, peak allocated=4883.4 MiB, backbone=CuEq
2026-10-07 05:22:02.834 INFO: 50-step finite-budget validation residual 4.0912e-06 exceeds equilibrium tolerance 1e-06; metrics describe the exported finite trajectory, not a converged root
2026-10-07 05:59:10.967 INFO: Epoch 49: loss=2.44591, RMSE_E_per_atom=6.5539 meV, RMSE_F=27.7226 meV/A, RMSE_MU_per_atom=0.4027 meA, RMSE_RHO=0.0492 me/A^3, RMSE_EF=67.0783 meV, RMSE_ESP(tot/vac)=78.2149/97.9424 mV, RMSE_WF(abs/rel)=147.8585/147.8374 meV
2026-10-07 05:59:10.983 INFO: 50-step electronic residual maximum: 2.2161e-08
2026-10-07 05:59:10.988 INFO: Optimizer epoch 49: lr=[0.001, 0.001, 0.001, 0.001, 0.001, 0.001, 0.001], mean gradient norm=113.36, clipped=1314/1385
2026-10-07 05:59:10.988 INFO: Epoch timing: train=521.191s, validation=152.221s, updates=1385, train/update=0.37631s, peak allocated=4887.8 MiB, backbone=CuEq
2026-10-07 05:59:11.750 INFO: Foundation feature extractor frozen=False; energy/electronic readouts remain trainable
2026-10-07 05:59:11.750 INFO: WeightedLoss(energy_per_atom_weight=100, forces_weight=500, dipole_weight=10, fourier_density_weight=10, fourier_density options: reference=farfield, fourier_potential_weight=100, fourier_potential options: vacuum_weight=1, full_spectrum=True, fermi_level_weight=100, )
2026-10-07 05:59:11.750 INFO: FixedPointWrapper: mode=unroll_scf, scf_options=FixedPointSCFOptions(num_scf_steps=24, scf_tolerance=1e-06, mixing_parameter=0.5, constant_charge=True, use_autograd_forces=True, initial_density='local_guess', initial_fermi_level='zero'), linear_solve=inverse, fixedpoint_scf_stability=False
2026-10-07 05:59:11.750 INFO: Setting global learning rate to 0.001
2026-10-07 05:59:11.757 INFO: CoupledResponse mode=unroll_scf: 24 training steps; 50 validation/deployment steps
2026-10-07 06:15:48.150 INFO: Epoch 50: loss=2.25884, RMSE_E_per_atom=6.3721 meV, RMSE_F=28.0570 meV/A, RMSE_MU_per_atom=0.3697 meA, RMSE_RHO=0.0479 me/A^3, RMSE_EF=61.5296 meV, RMSE_ESP(tot/vac)=73.6948/95.1764 mV, RMSE_WF(abs/rel)=138.8246/135.8120 meV
2026-10-07 06:15:48.171 INFO: 50-step electronic residual maximum: 0.020291
2026-10-07 06:15:48.185 INFO: Optimizer epoch 50: lr=[0.001, 0.001, 0.001, 0.001, 0.001, 0.001, 0.001], mean gradient norm=126.8, clipped=1314/1385
2026-10-07 06:15:48.186 INFO: Epoch timing: train=843.921s, validation=152.514s, updates=1385, train/update=0.60933s, peak allocated=4945.0 MiB, backbone=CuEq
2026-10-07 06:15:48.186 INFO: 50-step finite-budget validation residual 0.020291 exceeds equilibrium tolerance 1e-06; metrics describe the exported finite trajectory, not a converged root
2026-10-07 06:16:12.506 INFO: Electronic diagnostic {"train": {"graphs": 32, "charge_span": [-0.0, -0.0], "step_comparison": [[{"steps": 24, "WF_eV": 3.445255116438031, "EF_eV": -2.5877123136686455, "residual": 5.072893584645577e-07}, {"steps": 50, "WF_eV": 3.4452519486367024, "EF_eV": -2.58771195928853, "residual": 1.462330256885025e-12}, {"steps": 100, "WF_eV": 3.4452519486277873, "EF_eV": -2.5877119592875335, "residual": 8.881784197001252e-16}], [{"steps": 24, "WF_eV": 7.7552271117015055, "EF_eV": -1.114599468512794, "residual": 5.799535167383407e-07}, {"steps": 50, "WF_eV": 7.7552269322757414, "EF_eV": -1.1145994367435519, "residual": 2.360611706109239e-13}, {"steps": 100, "WF_eV": 7.755226932275729, "EF_eV": -1.114599436743584, "residual": 8.881784197001252e-16}]], "dEF_dQ_and_dWF_dQ_eV_per_e": [[-14.003920635940116, 15.064088892113237], [-1.9565846637949913, 3.724951496677331]], "force_RMSE_by_atomic_number_eV_A": {"1": 0.014958525485272118, "8": 0.022843866355049373, "77": 0.034112018330528814}, "force_RMSE_eV_A": 0.0226757208519918, "charge_response_identifiability": "Single-charge data do not determine capacitance; slopes above are predictions, not validation.", "EF_vac_WF_RMSE": [0.03440786187306996, 0.04644735361533918, 0.058076685752326954], "EF_vac_WF_bias": [-0.00019205968035058637, -0.019391792689198564, -0.019199733008847947], "EF_vac_covariance": -1.9546287220266053e-05, "WF_relative_RMSE_eV": 0.0548112368074603, "WF_error_variance_from_EF_vac_covariance": 0.0030042716803634845, "reference_WF_identity_max_error_eV": 8.881784197001252e-16, "spectral_vacuum_minus_EF_plus_WF_RMSE_eV": 0.017911616927492383, "low_k_potential_error_power_fraction": 0.7184406841689177, "low_k_mode_fraction": 0.02374020156774916, "low_k_error_concentration": 30.26261938503979}, "validation": {"graphs": 16, "charge_span": [-0.0, -0.0], "step_comparison": [[{"steps": 24, "WF_eV": 7.255286444062446, "EF_eV": -1.0256237379929836, "residual": 4.926705567398493e-07}, {"steps": 50, "WF_eV": 7.255286320073578, "EF_eV": -1.0256237233758636, "residual": 2.421951528219779e-13}, {"steps": 100, "WF_eV": 7.2552863200735676, "EF_eV": -1.0256237233758947, "residual": 8.881784197001252e-16}], [{"steps": 24, "WF_eV": 6.4228175865226484, "EF_eV": -0.14967530923700356, "residual": 3.9020331410455356e-07}, {"steps": 50, "WF_eV": 6.422817462507161, "EF_eV": -0.149675236148483, "residual": 3.3168259805371747e-13}, {"steps": 100, "WF_eV": 6.422817462507155, "EF_eV": -0.14967523614846234, "residual": 8.881784197001252e-16}]], "dEF_dQ_and_dWF_dQ_eV_per_e": [[-1.964056770944711, 3.7704003603686864], [-0.7978469394160359, 1.6991890717335423]], "force_RMSE_by_atomic_number_eV_A": {"8": 0.022264534266684583, "77": 0.032168142592814225, "1": 0.014108675235876113}, "force_RMSE_eV_A": 0.021765991904541832, "charge_response_identifiability": "Single-charge data do not determine capacitance; slopes above are predictions, not validation.", "EF_vac_WF_RMSE": [0.04904603920825869, 0.03368051812331726, 0.06502370471189936], "EF_vac_WF_bias": [0.01983051211583067, -0.015101289770097438, -0.03493180188592806], "EF_vac_covariance": -4.462914594298398e-05, "WF_relative_RMSE_eV": 0.05484388198753398, "WF_error_variance_from_EF_vac_covariance": 0.0030078513914625626, "reference_WF_identity_max_error_eV": 6.661338147750939e-16, "spectral_vacuum_minus_EF_plus_WF_RMSE_eV": 0.013575822888915484, "low_k_potential_error_power_fraction": 0.6460420802114173, "low_k_mode_fraction": 0.023, "low_k_error_concentration": 28.088786096148578}, "model_field_readout_probe": {"selected_ridge": 1000.0, "training_before": 0.058076685752326954, "training_after": 0.05725535774264393, "development_before": 0.06502370471189936, "development_after": 0.06505242519817676, "selection": "training inner split only; diagnostic readout NOT installed"}, "epoch": 50, "WF_generalization": {"panel_relative_gap_eV": 3.2645180073682944e-05, "validation_covariance_amplification_eV2": 8.925829188596796e-05, "bias_only_correction_is_insufficient": true}, "response_weight_norms": {"vector_out.weight": 6.505643622868971, "scalar_out.weight": 4.587699272961068, "state_scalar.weight": 4.722029707664749, "state_vector.weight": 1.5937162227109678, "neighbor_scalar.weight": 2.861921380074311, "neighbor_vector.weight": 1.8475674305838812, "common_level.weight": 0.7061339892753824}, "regularization": {"field_weight_decay": 0.01}, "scope": "Deterministic panels, not whole-dataset metrics. Validation is development data, never used for fitting or selecting the probe."}
2026-10-07 07:28:47.328 INFO: Epoch 55: loss=2.29127, RMSE_E_per_atom=6.2383 meV, RMSE_F=28.0795 meV/A, RMSE_MU_per_atom=0.3763 meA, RMSE_RHO=0.0470 me/A^3, RMSE_EF=63.6172 meV, RMSE_ESP(tot/vac)=74.0388/95.2182 mV, RMSE_WF(abs/rel)=142.1767/141.7407 meV
2026-10-07 07:28:47.347 INFO: 50-step electronic residual maximum: 0.12021
2026-10-07 07:28:47.353 INFO: Optimizer epoch 55: lr=[0.001, 0.001, 0.001, 0.001, 0.001, 0.001, 0.001], mean gradient norm=109.57, clipped=1310/1385
2026-10-07 07:28:47.353 INFO: Epoch timing: train=845.735s, validation=152.368s, updates=1385, train/update=0.61064s, peak allocated=4945.0 MiB, backbone=CuEq
2026-10-07 07:28:47.353 INFO: 50-step finite-budget validation residual 0.12021 exceeds equilibrium tolerance 1e-06; metrics describe the exported finite trajectory, not a converged root
